******************************************************************************
                  TI ARM Linker PC v20.2.7                     
******************************************************************************
>> Linked Wed Oct  2 16:02:02 2024

OUTPUT FILE NAME:   <lab_3.out>
ENTRY POINT SYMBOL: "_c_int00_noargs"  address: 000043cd


MEMORY CONFIGURATION

         name            origin    length      used     unused   attr    fill
----------------------  --------  ---------  --------  --------  ----  --------
  FLASH                 00000000   00040000  00004778  0003b888  R  X
  SRAM                  20000000   00008000  00000f66  0000709a  RW X


SEGMENT ALLOCATION MAP

run origin  load origin   length   init length attrs members
----------  ----------- ---------- ----------- ----- -------
00000000    00000000    00004778   00004778    r-x
  00000000    00000000    0000026c   0000026c    r-- .intvecs
  0000026c    0000026c    000043a4   000043a4    r-x .text
  00004610    00004610    00000118   00000118    r-- .const
  00004728    00004728    00000050   00000050    r-- .cinit
20000000    20000000    00000f6d   00000000    rw-
  20000000    20000000    0000026c   00000000    rw- .vtable
  20000270    20000270    00000800   00000000    rw- .stack
  20000a70    20000a70    00000400   00000000    rw- .sysmem
  20000e70    20000e70    000000bd   00000000    rw- .bss
  20000f30    20000f30    0000003d   00000000    rw- .data


SECTION ALLOCATION MAP

 output                                  attributes/
section   page    origin      length       input sections
--------  ----  ----------  ----------   ----------------
.intvecs   0    00000000    0000026c     
                  00000000    0000026c     tm4c123gh6pm_startup_ccs.obj (.intvecs)

.text      0    0000026c    000043a4     
                  0000026c    00000c20     open_interface.obj (.text)
                  00000e8c    00000a4e     rtsv7M4_T_le_v4SPD16_eabi.lib : _printfi.c.obj (.text:__TI_printfi)
                  000018da    00000002                                   : _lock.c.obj (.text:_nop)
                  000018dc    00000524     part6.obj (.text)
                  00001e00    00000328     lcd.obj (.text)
                  00002128    00000270     rtsv7M4_T_le_v4SPD16_eabi.lib : _printfi.c.obj (.text:_pconv_a)
                  00002398    00000260     libcybotScan.lib : cyBot_Scan.obj (.text)
                  000025f8    00000248     Timer.obj (.text)
                  00002840    00000208     movement.obj (.text)
                  00002a48    000001ec     libcybotScan.lib : ping.obj (.text)
                  00002c34    000001d0     rtsv7M4_T_le_v4SPD16_eabi.lib : _printfi.c.obj (.text:_pconv_g)
                  00002e04    000001b6                                   : fd_add_t2.asm.obj (.text)
                  00002fba    00000002                                   : div0.asm.obj (.text)
                  00002fbc    0000015c     libcybotUART.lib : uart.obj (.text)
                  00003118    00000158     libcybotScan.lib : servo.obj (.text)
                  00003270    0000013c     rtsv7M4_T_le_v4SPD16_eabi.lib : _printfi.c.obj (.text:_pconv_e)
                  000033ac    00000136                                   : fd_div_t2.asm.obj (.text)
                  000034e2    00000002     --HOLE-- [fill = 0]
                  000034e4    00000124                                   : _printfi.c.obj (.text:fcvt)
                  00003608    00000118     libcybotScan.lib : ir.obj (.text)
                  00003720    00000110     rtsv7M4_T_le_v4SPD16_eabi.lib : s_scalbn.c.obj (.text:scalbn)
                  00003830    00000100                                   : memory.c.obj (.text:aligned_alloc)
                  00003930    000000fc                                   : fd_mul_t2.asm.obj (.text)
                  00003a2c    000000e4                                   : memory.c.obj (.text:free)
                  00003b10    000000b1                                   : _printfi.c.obj (.text:_ltostr)
                  00003bc1    00000001     --HOLE-- [fill = 0]
                  00003bc2    0000009c                                   : memcpy_t2.asm.obj (.text)
                  00003c5e    00000096                                   : ull_div_t2.asm.obj (.text)
                  00003cf4    00000086                                   : fd_cmp_t2.asm.obj (.text:__aeabi_cdcmple)
                  00003d7a    00000086                                   : fd_cmp_t2.asm.obj (.text:__aeabi_cdrcmple)
                  00003e00    0000007a                                   : memset_t2.asm.obj (.text)
                  00003e7a    00000002     --HOLE-- [fill = 0]
                  00003e7c    00000070                                   : memory.c.obj (.text:split)
                  00003eec    0000006e                                   : _printfi.c.obj (.text:_mcpy)
                  00003f5a    0000006e                                   : fd_tos_t2.asm.obj (.text)
                  00003fc8    00000068                                   : copy_decompress_lzss.c.obj (.text:decompress:lzss:__TI_decompress_lzss)
                  00004030    00000064                                   : s_frexp.c.obj (.text:frexp)
                  00004094    00000056                                   : _printfi.c.obj (.text:_pconv_f)
                  000040ea    00000054                                   : _ltoa.c.obj (.text:__TI_ltoa)
                  0000413e    00000052                                   : _printfi.c.obj (.text:_ecpy)
                  00004190    0000004c                                   : atoi.c.obj (.text:atoi)
                  000041dc    00000048                                   : fd_toi_t2.asm.obj (.text)
                  00004224    00000044                                   : autoinit.c.obj (.text:__TI_auto_init_nobinit_nopinit:__TI_auto_init_nobinit_nopinit)
                  00004268    00000040                                   : sprintf.c.obj (.text:sprintf)
                  000042a8    00000040                                   : vsnprintf.c.obj (.text:vsnprintf)
                  000042e8    0000003e                                   : _printfi.c.obj (.text:_fcpy)
                  00004326    00000002     --HOLE-- [fill = 0]
                  00004328    00000038                                   : memory.c.obj (.text:calloc)
                  00004360    00000038                                   : fs_tod_t2.asm.obj (.text)
                  00004398    00000034     driverlib.lib : interrupt.obj (.text:IntRegister)
                  000043cc    00000034     rtsv7M4_T_le_v4SPD16_eabi.lib : boot_cortex_m.c.obj (.text:_c_int00_noargs:_c_int00_noargs)
                  00004400    00000030                                   : vsnprintf.c.obj (.text:_outs)
                  00004430    0000002e                                   : i_tofd_t2.asm.obj (.text)
                  0000445e    00000002     --HOLE-- [fill = 0]
                  00004460    00000028                                   : memory.c.obj (.text:free_list_insert)
                  00004488    0000001c                                   : copy_zero_init.c.obj (.text:decompress:ZI:__TI_zero_init_nomemset:__TI_zero_init_nomemset)
                  000044a4    0000001c                                   : memory.c.obj (.text:free_list_remove)
                  000044c0    0000001c                                   : memccpy.c.obj (.text:memccpy)
                  000044dc    0000001a                                   : s_copysign.c.obj (.text:copysign)
                  000044f6    00000018                                   : vsnprintf.c.obj (.text:_outc)
                  0000450e    00000018                                   : sprintf.c.obj (.text:_outs)
                  00004526    00000018     open_interface.obj (.text:oi_parseInt)
                  0000453e    00000018     rtsv7M4_T_le_v4SPD16_eabi.lib : strcmp.c.obj (.text:strcmp)
                  00004556    00000016                                   : strchr.c.obj (.text:strchr)
                  0000456c    00000014                                   : strcpy.c.obj (.text:strcpy)
                  00004580    00000014                                   : strlen.c.obj (.text:strlen)
                  00004594    00000012                                   : wcslen.c.obj (.text:wcslen)
                  000045a6    00000010     driverlib.lib : interrupt.obj (.text:IntMasterEnable)
                  000045b6    00000010     lcd.obj (.text:lcd_clear)
                  000045c6    0000000e     rtsv7M4_T_le_v4SPD16_eabi.lib : copy_decompress_none.c.obj (.text:decompress:none:__TI_decompress_none)
                  000045d4    0000000c     driverlib.lib : cpu.obj (.text:CPUcpsie)
                  000045e0    0000000c     tm4c123gh6pm_startup_ccs.obj (.text)
                  000045ec    0000000a     rtsv7M4_T_le_v4SPD16_eabi.lib : sprintf.c.obj (.text:_outc)
                  000045f6    00000002     --HOLE-- [fill = 0]
                  000045f8    00000008                                   : errno.c.obj (.text:__aeabi_errno_addr)
                  00004600    00000008                                   : memory.c.obj (.text:malloc)
                  00004608    00000004                                   : pre_init.c.obj (.text:_system_pre_init)
                  0000460c    00000004                                   : exit.c.obj (.text:abort:abort)

.const     0    00004610    00000118     
                  00004610    00000101     rtsv7M4_T_le_v4SPD16_eabi.lib : ctype.c.obj (.const:.string:_ctypes_)
                  00004711    0000000f     open_interface.obj (.const:.string:$P$T0$3)
                  00004720    00000004     lcd.obj (.const:.string:lineAddress$1)
                  00004724    00000004     lcd.obj (.const:.string:lineAddresses$2)

.cinit     0    00004728    00000050     
                  00004728    00000019     (.cinit..data.load) [load image, compression = lzss]
                  00004741    00000003     --HOLE-- [fill = 0]
                  00004744    0000000c     (__TI_handler_table)
                  00004750    00000008     (.cinit..bss.load) [load image, compression = zero_init]
                  00004758    00000008     (.cinit..vtable.load) [load image, compression = zero_init]
                  00004760    00000018     (__TI_cinit_table)

.init_array 
*          0    00000000    00000000     UNINITIALIZED

.vtable    0    20000000    0000026c     UNINITIALIZED
                  20000000    0000026c     driverlib.lib : interrupt.obj (.vtable)

.stack     0    20000270    00000800     UNINITIALIZED
                  20000270    00000004     rtsv7M4_T_le_v4SPD16_eabi.lib : boot_cortex_m.c.obj (.stack)
                  20000274    000007fc     --HOLE--

.sysmem    0    20000a70    00000400     UNINITIALIZED
                  20000a70    00000010     rtsv7M4_T_le_v4SPD16_eabi.lib : memory.c.obj (.sysmem)
                  20000a80    000003f0     --HOLE--

.bss       0    20000e70    000000bd     UNINITIALIZED
                  20000e70    00000054     lcd.obj (.bss:lastbuffer$3)
                  20000ec4    00000034     (.common:isr_char_buffer)
                  20000ef8    00000018     open_interface.obj (.bss:firmware$2)
                  20000f10    00000004     (.common:_timeout_ticks)
                  20000f14    00000004     (.common:fallingEdge)
                  20000f18    00000004     (.common:isr_int_value)
                  20000f1c    00000004     (.common:left_calibration_value)
                  20000f20    00000004     (.common:pulseLength)
                  20000f24    00000004     (.common:right_calibration_value)
                  20000f28    00000004     (.common:risingEdge)
                  20000f2c    00000001     (.common:isRisingEdge)

.data      0    20000f30    0000003d     UNINITIALIZED
                  20000f30    00000020     open_interface.obj (.data)
                  20000f50    00000008     rtsv7M4_T_le_v4SPD16_eabi.lib : _lock.c.obj (.data:$O1$$)
                  20000f58    00000008                                   : memory.c.obj (.data:$O1$$)
                  20000f60    00000004     libcybotScan.lib : cyBot_Scan.obj (.data)
                  20000f64    00000004     libcybotUART.lib : uart.obj (.data)
                  20000f68    00000004     rtsv7M4_T_le_v4SPD16_eabi.lib : errno.c.obj (.data)
                  20000f6c    00000001     Timer.obj (.data)

__llvm_prf_cnts 
*          0    20000000    00000000     UNINITIALIZED

MODULE SUMMARY

       Module                         code    ro data   rw data
       ------                         ----    -------   -------
    .\
       open_interface.obj             3128    15        56     
       part6.obj                      1316    0         8      
       lcd.obj                        824     8         84     
       tm4c123gh6pm_startup_ccs.obj   12      620       0      
       Timer.obj                      584     0         5      
       movement.obj                   520     0         0      
    +--+------------------------------+-------+---------+---------+
       Total:                         6384    643       153    
                                                               
    ../libcybotScan.lib
       cyBot_Scan.obj                 608     0         4      
       ping.obj                       492     0         13     
       servo.obj                      344     0         0      
       ir.obj                         280     0         4      
    +--+------------------------------+-------+---------+---------+
       Total:                         1724    0         21     
                                                               
    ../libcybotUART.lib
       uart.obj                       348     0         56     
    +--+------------------------------+-------+---------+---------+
       Total:                         348     0         56     
                                                               
    C:/ti/TivaWare_C_Series-2.2.0.295/driverlib/ccs/Debug/driverlib.lib
       interrupt.obj                  68      0         620    
       cpu.obj                        12      0         0      
    +--+------------------------------+-------+---------+---------+
       Total:                         80      0         620    
                                                               
    C:\ti\ccs1271\ccs\tools\compiler\ti-cgt-arm_20.2.7.LTS\lib\rtsv7M4_T_le_v4SPD16_eabi.lib
       _printfi.c.obj                 4851    0         0      
       memory.c.obj                   728     0         8      
       fd_add_t2.asm.obj              438     0         0      
       fd_div_t2.asm.obj              310     0         0      
       s_scalbn.c.obj                 272     0         0      
       fd_cmp_t2.asm.obj              268     0         0      
       ctype.c.obj                    0       257       0      
       fd_mul_t2.asm.obj              252     0         0      
       memcpy_t2.asm.obj              156     0         0      
       ull_div_t2.asm.obj             150     0         0      
       vsnprintf.c.obj                136     0         0      
       memset_t2.asm.obj              122     0         0      
       fd_tos_t2.asm.obj              110     0         0      
       copy_decompress_lzss.c.obj     104     0         0      
       s_frexp.c.obj                  100     0         0      
       sprintf.c.obj                  98      0         0      
       _ltoa.c.obj                    84      0         0      
       atoi.c.obj                     76      0         0      
       fd_toi_t2.asm.obj              72      0         0      
       autoinit.c.obj                 68      0         0      
       fs_tod_t2.asm.obj              56      0         0      
       boot_cortex_m.c.obj            52      0         0      
       i_tofd_t2.asm.obj              46      0         0      
       copy_zero_init.c.obj           28      0         0      
       memccpy.c.obj                  28      0         0      
       s_copysign.c.obj               26      0         0      
       strcmp.c.obj                   24      0         0      
       strchr.c.obj                   22      0         0      
       strcpy.c.obj                   20      0         0      
       strlen.c.obj                   20      0         0      
       wcslen.c.obj                   18      0         0      
       copy_decompress_none.c.obj     14      0         0      
       errno.c.obj                    8       0         4      
       _lock.c.obj                    2       0         8      
       exit.c.obj                     4       0         0      
       pre_init.c.obj                 4       0         0      
       div0.asm.obj                   2       0         0      
    +--+------------------------------+-------+---------+---------+
       Total:                         8769    257       20     
                                                               
       Heap:                          0       0         1024   
       Stack:                         0       0         2048   
       Linker Generated:              0       77        0      
    +--+------------------------------+-------+---------+---------+
       Grand Total:                   17305   977       3942   


LINKER GENERATED COPY TABLES

__TI_cinit_table @ 00004760 records: 3, size/record: 8, table size: 24
	.data: load addr=00004728, load size=00000019 bytes, run addr=20000f30, run size=0000003d bytes, compression=lzss
	.bss: load addr=00004750, load size=00000008 bytes, run addr=20000e70, run size=000000bd bytes, compression=zero_init
	.vtable: load addr=00004758, load size=00000008 bytes, run addr=20000000, run size=0000026c bytes, compression=zero_init


LINKER GENERATED HANDLER TABLE

__TI_handler_table @ 00004744 records: 3, size/record: 4, table size: 12
	index: 0, handler: __TI_zero_init
	index: 1, handler: __TI_decompress_lzss
	index: 2, handler: __TI_decompress_none


GLOBAL SYMBOLS: SORTED ALPHABETICALLY BY Name 

address   name                          
-------   ----                          
000036a1  ADC0SS0_Handler               
0000460d  C$$EXIT                       
000045d5  CPUcpsie                      
00000bc3  GPIOF_Handler                 
000045a7  IntMasterEnable               
00004399  IntRegister                   
000045e1  ResetISR                      
00002b39  TIMER3B_Handler               
20000a70  __STACK_END                   
00000800  __STACK_SIZE                  
20000470  __STACK_TOP                   
00000400  __SYSMEM_SIZE                 
00004760  __TI_CINIT_Base               
00004778  __TI_CINIT_Limit              
00004744  __TI_Handler_Table_Base       
00004750  __TI_Handler_Table_Limit      
00004225  __TI_auto_init_nobinit_nopinit
00003fc9  __TI_decompress_lzss          
000045c7  __TI_decompress_none          
000040eb  __TI_ltoa                     
ffffffff  __TI_pprof_out_hndl           
00000e8d  __TI_printfi                  
ffffffff  __TI_prof_data_size           
ffffffff  __TI_prof_data_start          
00000000  __TI_static_base__            
00004489  __TI_zero_init_nomemset       
00003cf5  __aeabi_cdcmpeq               
00003cf5  __aeabi_cdcmple               
00003d7b  __aeabi_cdrcmple              
00003f5b  __aeabi_d2f                   
000041dd  __aeabi_d2iz                  
00002e0f  __aeabi_dadd                  
000033ad  __aeabi_ddiv                  
00003931  __aeabi_dmul                  
00002e05  __aeabi_dsub                  
000045f9  __aeabi_errno_addr            
00004361  __aeabi_f2d                   
00004431  __aeabi_i2d                   
00002fbb  __aeabi_idiv0                 
00002fbb  __aeabi_ldiv0                 
00003e01  __aeabi_memclr                
00003e01  __aeabi_memclr4               
00003e01  __aeabi_memclr8               
00003bc3  __aeabi_memcpy                
00003bc3  __aeabi_memcpy4               
00003bc3  __aeabi_memcpy8               
00003e03  __aeabi_memset                
00003e03  __aeabi_memset4               
00003e03  __aeabi_memset8               
00003c5f  __aeabi_uldivmod              
ffffffff  __binit__                     
ffffffff  __c_args__                    
UNDEFED   __mpu_init                    
20000270  __stack                       
20000000  __start___llvm_prf_cnts       
20000000  __stop___llvm_prf_cnts        
000043cd  _c_int00_noargs               
00004610  _ctypes_                      
20000f50  _lock                         
000018db  _nop                          
20000f6c  _running                      
20000a70  _sys_memory                   
UNDEFED   _system_post_cinit            
00004609  _system_pre_init              
20000f10  _timeout_ticks                
20000f54  _unlock                       
0000460d  abort                         
00003831  aligned_alloc                 
00004191  atoi                          
ffffffff  binit                         
00001cc5  calibrate                     
00004329  calloc                        
00001b01  cleanData                     
000044dd  copysign                      
000044dd  copysignl                     
00002471  cyBOT_SERVO_cal               
000023ff  cyBOT_Scan                    
000023a7  cyBOT_init_Scan               
20000f60  cyBOT_scan_features           
00002399  cyBOT_scan_version            
000030c5  cyBot_UART1_Handler           
000030ab  cyBot_getByte                 
00002fbd  cyBot_sendByte                
0000308d  cyBot_uart_flush              
00002ffb  cyBot_uart_init               
00002fe3  cyBot_uart_sendBuffer         
00002fc9  cyBot_uart_sendStr            
20000f68  errno                         
20000f14  fallingEdge                   
00003a2d  free                          
00004031  frexp                         
00004031  frexpl                        
20000000  g_pfnRAMVectors               
00000000  g_pfnVectors                  
0000097f  go_charge                     
000036b7  ir_enableInterrupt            
00003699  ir_getDistance                
00003671  ir_getValue                   
00003609  ir_init                       
20000f2c  isRisingEdge                  
20000ec4  isr_char_buffer               
20000f64  isr_counter                   
20000f18  isr_int_value                 
000045b7  lcd_clear                     
00001fd5  lcd_gotoLine                  
00001e3d  lcd_init                      
0000203b  lcd_printf                    
00001efd  lcd_putc                      
00001f35  lcd_puts                      
00001e01  lcd_reverseNibble             
00001f53  lcd_sendCommand               
00001f91  lcd_sendNibble                
00001ffd  lcd_setCursorPos              
00003721  ldexp                         
00003721  ldexpl                        
20000f1c  left_calibration_value        
00001cf1  main                          
00004601  malloc                        
00003831  memalign                      
000044c1  memccpy                       
00003bc3  memcpy                        
00003e09  memset                        
20000f30  motor_cal_factor_L            
20000f34  motor_cal_factor_R            
000028a7  move_backwards                
00002841  move_forward                  
000018dd  objectDetection               
0000026d  oi_alloc                      
00000aa9  oi_checkFirmware              
000002c7  oi_close                      
00000279  oi_free                       
00000ded  oi_getMotorCalibrationLeft    
00000e01  oi_getMotorCalibrationRight   
000002b1  oi_init                       
00000289  oi_init_noupdate              
00000915  oi_loadSong                   
00004527  oi_parseInt                   
0000032b  oi_parsePacket                
0000096b  oi_play_song                  
0000084b  oi_setLeds                    
00000db1  oi_setMotorCalibration        
0000088f  oi_setWheels                  
00000b51  oi_shutoff_init               
0000098d  oi_uartInit                   
00000a31  oi_uartReceive                
00000a77  oi_uartSendBuff               
00000a15  oi_uartSendChar               
00000a59  oi_uartSendStr                
000002d9  oi_update                     
00002b8b  ping_getDistance              
00002a49  ping_init                     
00002acf  ping_trigger                  
20000f20  pulseLength                   
20000f24  right_calibration_value       
20000f28  risingEdge                    
00003721  scalbn                        
00003721  scalbnl                       
00001c81  scan_area                     
00001c5d  send_message                  
00003119  servo_init                    
000031a9  servo_move                    
00003209  servo_setPWM                  
0000319d  servo_stop                    
00004269  sprintf                       
00004557  strchr                        
0000453f  strcmp                        
0000456d  strcpy                        
00004581  strlen                        
00002717  timer_getMicros               
000026bf  timer_getMillis               
000025f9  timer_init                    
0000269b  timer_pause                   
000026ad  timer_resume                  
00002671  timer_stop                    
00002771  timer_waitMicros              
000027a3  timer_waitMillis              
000029a9  turn_clockwise                
00002917  turn_counterclock             
000042a9  vsnprintf                     
00004595  wcslen                        


GLOBAL SYMBOLS: SORTED BY Symbol Address 

address   name                          
-------   ----                          
00000000  __TI_static_base__            
00000000  g_pfnVectors                  
0000026d  oi_alloc                      
00000279  oi_free                       
00000289  oi_init_noupdate              
000002b1  oi_init                       
000002c7  oi_close                      
000002d9  oi_update                     
0000032b  oi_parsePacket                
00000400  __SYSMEM_SIZE                 
00000800  __STACK_SIZE                  
0000084b  oi_setLeds                    
0000088f  oi_setWheels                  
00000915  oi_loadSong                   
0000096b  oi_play_song                  
0000097f  go_charge                     
0000098d  oi_uartInit                   
00000a15  oi_uartSendChar               
00000a31  oi_uartReceive                
00000a59  oi_uartSendStr                
00000a77  oi_uartSendBuff               
00000aa9  oi_checkFirmware              
00000b51  oi_shutoff_init               
00000bc3  GPIOF_Handler                 
00000db1  oi_setMotorCalibration        
00000ded  oi_getMotorCalibrationLeft    
00000e01  oi_getMotorCalibrationRight   
00000e8d  __TI_printfi                  
000018db  _nop                          
000018dd  objectDetection               
00001b01  cleanData                     
00001c5d  send_message                  
00001c81  scan_area                     
00001cc5  calibrate                     
00001cf1  main                          
00001e01  lcd_reverseNibble             
00001e3d  lcd_init                      
00001efd  lcd_putc                      
00001f35  lcd_puts                      
00001f53  lcd_sendCommand               
00001f91  lcd_sendNibble                
00001fd5  lcd_gotoLine                  
00001ffd  lcd_setCursorPos              
0000203b  lcd_printf                    
00002399  cyBOT_scan_version            
000023a7  cyBOT_init_Scan               
000023ff  cyBOT_Scan                    
00002471  cyBOT_SERVO_cal               
000025f9  timer_init                    
00002671  timer_stop                    
0000269b  timer_pause                   
000026ad  timer_resume                  
000026bf  timer_getMillis               
00002717  timer_getMicros               
00002771  timer_waitMicros              
000027a3  timer_waitMillis              
00002841  move_forward                  
000028a7  move_backwards                
00002917  turn_counterclock             
000029a9  turn_clockwise                
00002a49  ping_init                     
00002acf  ping_trigger                  
00002b39  TIMER3B_Handler               
00002b8b  ping_getDistance              
00002e05  __aeabi_dsub                  
00002e0f  __aeabi_dadd                  
00002fbb  __aeabi_idiv0                 
00002fbb  __aeabi_ldiv0                 
00002fbd  cyBot_sendByte                
00002fc9  cyBot_uart_sendStr            
00002fe3  cyBot_uart_sendBuffer         
00002ffb  cyBot_uart_init               
0000308d  cyBot_uart_flush              
000030ab  cyBot_getByte                 
000030c5  cyBot_UART1_Handler           
00003119  servo_init                    
0000319d  servo_stop                    
000031a9  servo_move                    
00003209  servo_setPWM                  
000033ad  __aeabi_ddiv                  
00003609  ir_init                       
00003671  ir_getValue                   
00003699  ir_getDistance                
000036a1  ADC0SS0_Handler               
000036b7  ir_enableInterrupt            
00003721  ldexp                         
00003721  ldexpl                        
00003721  scalbn                        
00003721  scalbnl                       
00003831  aligned_alloc                 
00003831  memalign                      
00003931  __aeabi_dmul                  
00003a2d  free                          
00003bc3  __aeabi_memcpy                
00003bc3  __aeabi_memcpy4               
00003bc3  __aeabi_memcpy8               
00003bc3  memcpy                        
00003c5f  __aeabi_uldivmod              
00003cf5  __aeabi_cdcmpeq               
00003cf5  __aeabi_cdcmple               
00003d7b  __aeabi_cdrcmple              
00003e01  __aeabi_memclr                
00003e01  __aeabi_memclr4               
00003e01  __aeabi_memclr8               
00003e03  __aeabi_memset                
00003e03  __aeabi_memset4               
00003e03  __aeabi_memset8               
00003e09  memset                        
00003f5b  __aeabi_d2f                   
00003fc9  __TI_decompress_lzss          
00004031  frexp                         
00004031  frexpl                        
000040eb  __TI_ltoa                     
00004191  atoi                          
000041dd  __aeabi_d2iz                  
00004225  __TI_auto_init_nobinit_nopinit
00004269  sprintf                       
000042a9  vsnprintf                     
00004329  calloc                        
00004361  __aeabi_f2d                   
00004399  IntRegister                   
000043cd  _c_int00_noargs               
00004431  __aeabi_i2d                   
00004489  __TI_zero_init_nomemset       
000044c1  memccpy                       
000044dd  copysign                      
000044dd  copysignl                     
00004527  oi_parseInt                   
0000453f  strcmp                        
00004557  strchr                        
0000456d  strcpy                        
00004581  strlen                        
00004595  wcslen                        
000045a7  IntMasterEnable               
000045b7  lcd_clear                     
000045c7  __TI_decompress_none          
000045d5  CPUcpsie                      
000045e1  ResetISR                      
000045f9  __aeabi_errno_addr            
00004601  malloc                        
00004609  _system_pre_init              
0000460d  C$$EXIT                       
0000460d  abort                         
00004610  _ctypes_                      
00004744  __TI_Handler_Table_Base       
00004750  __TI_Handler_Table_Limit      
00004760  __TI_CINIT_Base               
00004778  __TI_CINIT_Limit              
20000000  __start___llvm_prf_cnts       
20000000  __stop___llvm_prf_cnts        
20000000  g_pfnRAMVectors               
20000270  __stack                       
20000470  __STACK_TOP                   
20000a70  __STACK_END                   
20000a70  _sys_memory                   
20000ec4  isr_char_buffer               
20000f10  _timeout_ticks                
20000f14  fallingEdge                   
20000f18  isr_int_value                 
20000f1c  left_calibration_value        
20000f20  pulseLength                   
20000f24  right_calibration_value       
20000f28  risingEdge                    
20000f2c  isRisingEdge                  
20000f30  motor_cal_factor_L            
20000f34  motor_cal_factor_R            
20000f50  _lock                         
20000f54  _unlock                       
20000f60  cyBOT_scan_features           
20000f64  isr_counter                   
20000f68  errno                         
20000f6c  _running                      
ffffffff  __TI_pprof_out_hndl           
ffffffff  __TI_prof_data_size           
ffffffff  __TI_prof_data_start          
ffffffff  __binit__                     
ffffffff  __c_args__                    
ffffffff  binit                         
UNDEFED   __mpu_init                    
UNDEFED   _system_post_cinit            

[180 symbols]
