<?xml version="1.0" encoding="ISO-8859-1" ?>
<link_info>
   <banner>TI ARM Linker PC v20.2.7.LTS</banner>
   <copyright>Copyright (c) 1996-2018 Texas Instruments Incorporated</copyright>
   <link_time>0x67c2902b</link_time>
   <link_errors>0x0</link_errors>
   <output_file>final.out</output_file>
   <entry_point>
      <name>_c_int00_noargs</name>
      <address>0x60dd</address>
   </entry_point>
   <input_file_list>
      <input_file id="fl-2">
         <path>.\</path>
         <kind>object</kind>
         <file>Timer.obj</file>
         <name>Timer.obj</name>
      </input_file>
      <input_file id="fl-3">
         <path>.\</path>
         <kind>object</kind>
         <file>adc.obj</file>
         <name>adc.obj</name>
      </input_file>
      <input_file id="fl-4">
         <path>.\</path>
         <kind>object</kind>
         <file>button.obj</file>
         <name>button.obj</name>
      </input_file>
      <input_file id="fl-5">
         <path>.\</path>
         <kind>object</kind>
         <file>comms.obj</file>
         <name>comms.obj</name>
      </input_file>
      <input_file id="fl-6">
         <path>.\</path>
         <kind>object</kind>
         <file>dataClean.obj</file>
         <name>dataClean.obj</name>
      </input_file>
      <input_file id="fl-7">
         <path>.\</path>
         <kind>object</kind>
         <file>finalProgram.obj</file>
         <name>finalProgram.obj</name>
      </input_file>
      <input_file id="fl-8">
         <path>.\</path>
         <kind>object</kind>
         <file>lcd.obj</file>
         <name>lcd.obj</name>
      </input_file>
      <input_file id="fl-9">
         <path>.\</path>
         <kind>object</kind>
         <file>movement.obj</file>
         <name>movement.obj</name>
      </input_file>
      <input_file id="fl-a">
         <path>.\</path>
         <kind>object</kind>
         <file>open_interface.obj</file>
         <name>open_interface.obj</name>
      </input_file>
      <input_file id="fl-b">
         <path>.\</path>
         <kind>object</kind>
         <file>ping.obj</file>
         <name>ping.obj</name>
      </input_file>
      <input_file id="fl-c">
         <path>.\</path>
         <kind>object</kind>
         <file>scan.obj</file>
         <name>scan.obj</name>
      </input_file>
      <input_file id="fl-d">
         <path>.\</path>
         <kind>object</kind>
         <file>servo.obj</file>
         <name>servo.obj</name>
      </input_file>
      <input_file id="fl-e">
         <path>.\</path>
         <kind>object</kind>
         <file>tm4c123gh6pz_startup_ccs.obj</file>
         <name>tm4c123gh6pz_startup_ccs.obj</name>
      </input_file>
      <input_file id="fl-f">
         <path>.\</path>
         <kind>object</kind>
         <file>uart.obj</file>
         <name>uart.obj</name>
      </input_file>
      <input_file id="fl-14">
         <kind>object</kind>
         <file>&lt;internal&gt;</file>
         <name>&lt;internal&gt;</name>
      </input_file>
      <input_file id="fl-ca">
         <path>C:\ti\ccs1271\ccs\tools\compiler\ti-cgt-arm_20.2.7.LTS\lib\</path>
         <kind>archive</kind>
         <file>rtsv7M4_T_le_v4SPD16_eabi.lib</file>
         <name>s_tan.c.obj</name>
      </input_file>
      <input_file id="fl-cb">
         <path>C:\ti\ccs1271\ccs\tools\compiler\ti-cgt-arm_20.2.7.LTS\lib\</path>
         <kind>archive</kind>
         <file>rtsv7M4_T_le_v4SPD16_eabi.lib</file>
         <name>sprintf.c.obj</name>
      </input_file>
      <input_file id="fl-cc">
         <path>C:\ti\ccs1271\ccs\tools\compiler\ti-cgt-arm_20.2.7.LTS\lib\</path>
         <kind>archive</kind>
         <file>rtsv7M4_T_le_v4SPD16_eabi.lib</file>
         <name>vsnprintf.c.obj</name>
      </input_file>
      <input_file id="fl-cd">
         <path>C:\ti\ccs1271\ccs\tools\compiler\ti-cgt-arm_20.2.7.LTS\lib\</path>
         <kind>archive</kind>
         <file>rtsv7M4_T_le_v4SPD16_eabi.lib</file>
         <name>fd_add_t2.asm.obj</name>
      </input_file>
      <input_file id="fl-ce">
         <path>C:\ti\ccs1271\ccs\tools\compiler\ti-cgt-arm_20.2.7.LTS\lib\</path>
         <kind>archive</kind>
         <file>rtsv7M4_T_le_v4SPD16_eabi.lib</file>
         <name>fd_cmp_t2.asm.obj</name>
      </input_file>
      <input_file id="fl-cf">
         <path>C:\ti\ccs1271\ccs\tools\compiler\ti-cgt-arm_20.2.7.LTS\lib\</path>
         <kind>archive</kind>
         <file>rtsv7M4_T_le_v4SPD16_eabi.lib</file>
         <name>fd_div_t2.asm.obj</name>
      </input_file>
      <input_file id="fl-d0">
         <path>C:\ti\ccs1271\ccs\tools\compiler\ti-cgt-arm_20.2.7.LTS\lib\</path>
         <kind>archive</kind>
         <file>rtsv7M4_T_le_v4SPD16_eabi.lib</file>
         <name>fd_mul_t2.asm.obj</name>
      </input_file>
      <input_file id="fl-d1">
         <path>C:\ti\ccs1271\ccs\tools\compiler\ti-cgt-arm_20.2.7.LTS\lib\</path>
         <kind>archive</kind>
         <file>rtsv7M4_T_le_v4SPD16_eabi.lib</file>
         <name>fd_toi_t2.asm.obj</name>
      </input_file>
      <input_file id="fl-d2">
         <path>C:\ti\ccs1271\ccs\tools\compiler\ti-cgt-arm_20.2.7.LTS\lib\</path>
         <kind>archive</kind>
         <file>rtsv7M4_T_le_v4SPD16_eabi.lib</file>
         <name>fd_tos_t2.asm.obj</name>
      </input_file>
      <input_file id="fl-d3">
         <path>C:\ti\ccs1271\ccs\tools\compiler\ti-cgt-arm_20.2.7.LTS\lib\</path>
         <kind>archive</kind>
         <file>rtsv7M4_T_le_v4SPD16_eabi.lib</file>
         <name>fs_tod_t2.asm.obj</name>
      </input_file>
      <input_file id="fl-d4">
         <path>C:\ti\ccs1271\ccs\tools\compiler\ti-cgt-arm_20.2.7.LTS\lib\</path>
         <kind>archive</kind>
         <file>rtsv7M4_T_le_v4SPD16_eabi.lib</file>
         <name>i_tofd_t2.asm.obj</name>
      </input_file>
      <input_file id="fl-d5">
         <path>C:\ti\ccs1271\ccs\tools\compiler\ti-cgt-arm_20.2.7.LTS\lib\</path>
         <kind>archive</kind>
         <file>rtsv7M4_T_le_v4SPD16_eabi.lib</file>
         <name>memcpy_t2.asm.obj</name>
      </input_file>
      <input_file id="fl-d6">
         <path>C:\ti\ccs1271\ccs\tools\compiler\ti-cgt-arm_20.2.7.LTS\lib\</path>
         <kind>archive</kind>
         <file>rtsv7M4_T_le_v4SPD16_eabi.lib</file>
         <name>u_tofd_t2.asm.obj</name>
      </input_file>
      <input_file id="fl-d7">
         <path>C:\ti\ccs1271\ccs\tools\compiler\ti-cgt-arm_20.2.7.LTS\lib\</path>
         <kind>archive</kind>
         <file>rtsv7M4_T_le_v4SPD16_eabi.lib</file>
         <name>memset_t2.asm.obj</name>
      </input_file>
      <input_file id="fl-d8">
         <path>C:\ti\ccs1271\ccs\tools\compiler\ti-cgt-arm_20.2.7.LTS\lib\</path>
         <kind>archive</kind>
         <file>rtsv7M4_T_le_v4SPD16_eabi.lib</file>
         <name>copy_zero_init.c.obj</name>
      </input_file>
      <input_file id="fl-d9">
         <path>C:\ti\ccs1271\ccs\tools\compiler\ti-cgt-arm_20.2.7.LTS\lib\</path>
         <kind>archive</kind>
         <file>rtsv7M4_T_le_v4SPD16_eabi.lib</file>
         <name>copy_decompress_none.c.obj</name>
      </input_file>
      <input_file id="fl-da">
         <path>C:\ti\ccs1271\ccs\tools\compiler\ti-cgt-arm_20.2.7.LTS\lib\</path>
         <kind>archive</kind>
         <file>rtsv7M4_T_le_v4SPD16_eabi.lib</file>
         <name>copy_decompress_lzss.c.obj</name>
      </input_file>
      <input_file id="fl-db">
         <path>C:\ti\ccs1271\ccs\tools\compiler\ti-cgt-arm_20.2.7.LTS\lib\</path>
         <kind>archive</kind>
         <file>rtsv7M4_T_le_v4SPD16_eabi.lib</file>
         <name>atof.c.obj</name>
      </input_file>
      <input_file id="fl-dc">
         <path>C:\ti\ccs1271\ccs\tools\compiler\ti-cgt-arm_20.2.7.LTS\lib\</path>
         <kind>archive</kind>
         <file>rtsv7M4_T_le_v4SPD16_eabi.lib</file>
         <name>memory.c.obj</name>
      </input_file>
      <input_file id="fl-dd">
         <path>C:\ti\ccs1271\ccs\tools\compiler\ti-cgt-arm_20.2.7.LTS\lib\</path>
         <kind>archive</kind>
         <file>rtsv7M4_T_le_v4SPD16_eabi.lib</file>
         <name>strcmp.c.obj</name>
      </input_file>
      <input_file id="fl-de">
         <path>C:\ti\ccs1271\ccs\tools\compiler\ti-cgt-arm_20.2.7.LTS\lib\</path>
         <kind>archive</kind>
         <file>rtsv7M4_T_le_v4SPD16_eabi.lib</file>
         <name>strcpy.c.obj</name>
      </input_file>
      <input_file id="fl-df">
         <path>C:\ti\ccs1271\ccs\tools\compiler\ti-cgt-arm_20.2.7.LTS\lib\</path>
         <kind>archive</kind>
         <file>rtsv7M4_T_le_v4SPD16_eabi.lib</file>
         <name>strtod.c.obj</name>
      </input_file>
      <input_file id="fl-e0">
         <path>C:\ti\ccs1271\ccs\tools\compiler\ti-cgt-arm_20.2.7.LTS\lib\</path>
         <kind>archive</kind>
         <file>rtsv7M4_T_le_v4SPD16_eabi.lib</file>
         <name>k_rem_pio2.c.obj</name>
      </input_file>
      <input_file id="fl-e1">
         <path>C:\ti\ccs1271\ccs\tools\compiler\ti-cgt-arm_20.2.7.LTS\lib\</path>
         <kind>archive</kind>
         <file>rtsv7M4_T_le_v4SPD16_eabi.lib</file>
         <name>boot_cortex_m.c.obj</name>
      </input_file>
      <input_file id="fl-e2">
         <path>C:\ti\ccs1271\ccs\tools\compiler\ti-cgt-arm_20.2.7.LTS\lib\</path>
         <kind>archive</kind>
         <file>rtsv7M4_T_le_v4SPD16_eabi.lib</file>
         <name>errno.c.obj</name>
      </input_file>
      <input_file id="fl-e3">
         <path>C:\ti\ccs1271\ccs\tools\compiler\ti-cgt-arm_20.2.7.LTS\lib\</path>
         <kind>archive</kind>
         <file>rtsv7M4_T_le_v4SPD16_eabi.lib</file>
         <name>k_tan.c.obj</name>
      </input_file>
      <input_file id="fl-e4">
         <path>C:\ti\ccs1271\ccs\tools\compiler\ti-cgt-arm_20.2.7.LTS\lib\</path>
         <kind>archive</kind>
         <file>rtsv7M4_T_le_v4SPD16_eabi.lib</file>
         <name>s_floor.c.obj</name>
      </input_file>
      <input_file id="fl-e5">
         <path>C:\ti\ccs1271\ccs\tools\compiler\ti-cgt-arm_20.2.7.LTS\lib\</path>
         <kind>archive</kind>
         <file>rtsv7M4_T_le_v4SPD16_eabi.lib</file>
         <name>s_scalbn.c.obj</name>
      </input_file>
      <input_file id="fl-e6">
         <path>C:\ti\ccs1271\ccs\tools\compiler\ti-cgt-arm_20.2.7.LTS\lib\</path>
         <kind>archive</kind>
         <file>rtsv7M4_T_le_v4SPD16_eabi.lib</file>
         <name>_printfi.c.obj</name>
      </input_file>
      <input_file id="fl-e7">
         <path>C:\ti\ccs1271\ccs\tools\compiler\ti-cgt-arm_20.2.7.LTS\lib\</path>
         <kind>archive</kind>
         <file>rtsv7M4_T_le_v4SPD16_eabi.lib</file>
         <name>ull_div_t2.asm.obj</name>
      </input_file>
      <input_file id="fl-e8">
         <path>C:\ti\ccs1271\ccs\tools\compiler\ti-cgt-arm_20.2.7.LTS\lib\</path>
         <kind>archive</kind>
         <file>rtsv7M4_T_le_v4SPD16_eabi.lib</file>
         <name>autoinit.c.obj</name>
      </input_file>
      <input_file id="fl-e9">
         <path>C:\ti\ccs1271\ccs\tools\compiler\ti-cgt-arm_20.2.7.LTS\lib\</path>
         <kind>archive</kind>
         <file>rtsv7M4_T_le_v4SPD16_eabi.lib</file>
         <name>pre_init.c.obj</name>
      </input_file>
      <input_file id="fl-ea">
         <path>C:\ti\ccs1271\ccs\tools\compiler\ti-cgt-arm_20.2.7.LTS\lib\</path>
         <kind>archive</kind>
         <file>rtsv7M4_T_le_v4SPD16_eabi.lib</file>
         <name>cpy_tbl.c.obj</name>
      </input_file>
      <input_file id="fl-eb">
         <path>C:\ti\ccs1271\ccs\tools\compiler\ti-cgt-arm_20.2.7.LTS\lib\</path>
         <kind>archive</kind>
         <file>rtsv7M4_T_le_v4SPD16_eabi.lib</file>
         <name>exit.c.obj</name>
      </input_file>
      <input_file id="fl-ec">
         <path>C:\ti\ccs1271\ccs\tools\compiler\ti-cgt-arm_20.2.7.LTS\lib\</path>
         <kind>archive</kind>
         <file>rtsv7M4_T_le_v4SPD16_eabi.lib</file>
         <name>_lock.c.obj</name>
      </input_file>
      <input_file id="fl-ed">
         <path>C:\ti\ccs1271\ccs\tools\compiler\ti-cgt-arm_20.2.7.LTS\lib\</path>
         <kind>archive</kind>
         <file>rtsv7M4_T_le_v4SPD16_eabi.lib</file>
         <name>_ltoa.c.obj</name>
      </input_file>
      <input_file id="fl-ee">
         <path>C:\ti\ccs1271\ccs\tools\compiler\ti-cgt-arm_20.2.7.LTS\lib\</path>
         <kind>archive</kind>
         <file>rtsv7M4_T_le_v4SPD16_eabi.lib</file>
         <name>args_main.c.obj</name>
      </input_file>
      <input_file id="fl-ef">
         <path>C:\ti\ccs1271\ccs\tools\compiler\ti-cgt-arm_20.2.7.LTS\lib\</path>
         <kind>archive</kind>
         <file>rtsv7M4_T_le_v4SPD16_eabi.lib</file>
         <name>atoi.c.obj</name>
      </input_file>
      <input_file id="fl-f0">
         <path>C:\ti\ccs1271\ccs\tools\compiler\ti-cgt-arm_20.2.7.LTS\lib\</path>
         <kind>archive</kind>
         <file>rtsv7M4_T_le_v4SPD16_eabi.lib</file>
         <name>ctype.c.obj</name>
      </input_file>
      <input_file id="fl-f1">
         <path>C:\ti\ccs1271\ccs\tools\compiler\ti-cgt-arm_20.2.7.LTS\lib\</path>
         <kind>archive</kind>
         <file>rtsv7M4_T_le_v4SPD16_eabi.lib</file>
         <name>memccpy.c.obj</name>
      </input_file>
      <input_file id="fl-f2">
         <path>C:\ti\ccs1271\ccs\tools\compiler\ti-cgt-arm_20.2.7.LTS\lib\</path>
         <kind>archive</kind>
         <file>rtsv7M4_T_le_v4SPD16_eabi.lib</file>
         <name>strchr.c.obj</name>
      </input_file>
      <input_file id="fl-f3">
         <path>C:\ti\ccs1271\ccs\tools\compiler\ti-cgt-arm_20.2.7.LTS\lib\</path>
         <kind>archive</kind>
         <file>rtsv7M4_T_le_v4SPD16_eabi.lib</file>
         <name>strlen.c.obj</name>
      </input_file>
      <input_file id="fl-f4">
         <path>C:\ti\ccs1271\ccs\tools\compiler\ti-cgt-arm_20.2.7.LTS\lib\</path>
         <kind>archive</kind>
         <file>rtsv7M4_T_le_v4SPD16_eabi.lib</file>
         <name>wcslen.c.obj</name>
      </input_file>
      <input_file id="fl-f5">
         <path>C:\ti\ccs1271\ccs\tools\compiler\ti-cgt-arm_20.2.7.LTS\lib\</path>
         <kind>archive</kind>
         <file>rtsv7M4_T_le_v4SPD16_eabi.lib</file>
         <name>s_copysign.c.obj</name>
      </input_file>
      <input_file id="fl-f6">
         <path>C:\ti\ccs1271\ccs\tools\compiler\ti-cgt-arm_20.2.7.LTS\lib\</path>
         <kind>archive</kind>
         <file>rtsv7M4_T_le_v4SPD16_eabi.lib</file>
         <name>s_frexp.c.obj</name>
      </input_file>
      <input_file id="fl-f7">
         <path>C:\ti\ccs1271\ccs\tools\compiler\ti-cgt-arm_20.2.7.LTS\lib\</path>
         <kind>archive</kind>
         <file>rtsv7M4_T_le_v4SPD16_eabi.lib</file>
         <name>div0.asm.obj</name>
      </input_file>
      <input_file id="fl-f8">
         <path>C:\ti\TivaWare_C_Series-2.2.0.295\driverlib\ccs\Debug\</path>
         <kind>archive</kind>
         <file>driverlib.lib</file>
         <name>interrupt.obj</name>
      </input_file>
      <input_file id="fl-f9">
         <path>C:\ti\TivaWare_C_Series-2.2.0.295\driverlib\ccs\Debug\</path>
         <kind>archive</kind>
         <file>driverlib.lib</file>
         <name>cpu.obj</name>
      </input_file>
   </input_file_list>
   <object_component_list>
      <object_component id="oc-12">
         <name>.intvecs</name>
         <load_address>0x0</load_address>
         <run_address>0x0</run_address>
         <size>0x26c</size>
         <input_file_ref idref="fl-e"/>
      </object_component>
      <object_component id="oc-ef">
         <name>.text</name>
         <load_address>0x26c</load_address>
         <run_address>0x26c</run_address>
         <size>0xc20</size>
         <input_file_ref idref="fl-a"/>
      </object_component>
      <object_component id="oc-225">
         <name>.text:__TI_printfi</name>
         <load_address>0xe8c</load_address>
         <run_address>0xe8c</run_address>
         <size>0xa4e</size>
         <input_file_ref idref="fl-e6"/>
      </object_component>
      <object_component id="oc-352">
         <name>.text:_nop</name>
         <load_address>0x18da</load_address>
         <run_address>0x18da</run_address>
         <size>0x2</size>
         <input_file_ref idref="fl-ec"/>
      </object_component>
      <object_component id="oc-2f3">
         <name>.text:__kernel_rem_pio2</name>
         <load_address>0x18dc</load_address>
         <run_address>0x18dc</run_address>
         <size>0x738</size>
         <input_file_ref idref="fl-e0"/>
      </object_component>
      <object_component id="oc-21c">
         <name>.text:tan</name>
         <load_address>0x2014</load_address>
         <run_address>0x2014</run_address>
         <size>0x508</size>
         <input_file_ref idref="fl-ca"/>
      </object_component>
      <object_component id="oc-207">
         <name>.text:strtod</name>
         <load_address>0x251c</load_address>
         <run_address>0x251c</run_address>
         <size>0x460</size>
         <input_file_ref idref="fl-df"/>
      </object_component>
      <object_component id="oc-10c">
         <name>.text</name>
         <load_address>0x297c</load_address>
         <run_address>0x297c</run_address>
         <size>0x444</size>
         <input_file_ref idref="fl-9"/>
      </object_component>
      <object_component id="oc-112">
         <name>.text</name>
         <load_address>0x2dc0</load_address>
         <run_address>0x2dc0</run_address>
         <size>0x408</size>
         <input_file_ref idref="fl-6"/>
      </object_component>
      <object_component id="oc-e9">
         <name>.text</name>
         <load_address>0x31c8</load_address>
         <run_address>0x31c8</run_address>
         <size>0x328</size>
         <input_file_ref idref="fl-8"/>
      </object_component>
      <object_component id="oc-2f9">
         <name>.text:__kernel_tan</name>
         <load_address>0x34f0</load_address>
         <run_address>0x34f0</run_address>
         <size>0x31c</size>
         <input_file_ref idref="fl-e3"/>
      </object_component>
      <object_component id="oc-a2">
         <name>.text</name>
         <load_address>0x380c</load_address>
         <run_address>0x380c</run_address>
         <size>0x308</size>
         <input_file_ref idref="fl-7"/>
      </object_component>
      <object_component id="oc-fb">
         <name>.text</name>
         <load_address>0x3b14</load_address>
         <run_address>0x3b14</run_address>
         <size>0x2d0</size>
         <input_file_ref idref="fl-d"/>
      </object_component>
      <object_component id="oc-32c">
         <name>.text:_pconv_a</name>
         <load_address>0x3de4</load_address>
         <run_address>0x3de4</run_address>
         <size>0x270</size>
         <input_file_ref idref="fl-e6"/>
      </object_component>
      <object_component id="oc-d7">
         <name>.text</name>
         <load_address>0x4054</load_address>
         <run_address>0x4054</run_address>
         <size>0x248</size>
         <input_file_ref idref="fl-2"/>
      </object_component>
      <object_component id="oc-1ab">
         <name>.text</name>
         <load_address>0x429c</load_address>
         <run_address>0x429c</run_address>
         <size>0x234</size>
         <input_file_ref idref="fl-b"/>
      </object_component>
      <object_component id="oc-123">
         <name>.text</name>
         <load_address>0x44d0</load_address>
         <run_address>0x44d0</run_address>
         <size>0x1f8</size>
         <input_file_ref idref="fl-5"/>
      </object_component>
      <object_component id="oc-dd">
         <name>.text</name>
         <load_address>0x46c8</load_address>
         <run_address>0x46c8</run_address>
         <size>0x1f8</size>
         <input_file_ref idref="fl-f"/>
      </object_component>
      <object_component id="oc-31a">
         <name>.text:_pconv_g</name>
         <load_address>0x48c0</load_address>
         <run_address>0x48c0</run_address>
         <size>0x1d0</size>
         <input_file_ref idref="fl-e6"/>
      </object_component>
      <object_component id="oc-18f">
         <name>.text</name>
         <load_address>0x4a90</load_address>
         <run_address>0x4a90</run_address>
         <size>0x1b6</size>
         <input_file_ref idref="fl-cd"/>
      </object_component>
      <object_component id="oc-44c">
         <name>.text</name>
         <load_address>0x4c46</load_address>
         <run_address>0x4c46</run_address>
         <size>0x2</size>
         <input_file_ref idref="fl-f7"/>
      </object_component>
      <object_component id="oc-e3">
         <name>.text</name>
         <load_address>0x4c48</load_address>
         <run_address>0x4c48</run_address>
         <size>0x14c</size>
         <input_file_ref idref="fl-c"/>
      </object_component>
      <object_component id="oc-326">
         <name>.text:_pconv_e</name>
         <load_address>0x4d94</load_address>
         <run_address>0x4d94</run_address>
         <size>0x13c</size>
         <input_file_ref idref="fl-e6"/>
      </object_component>
      <object_component id="oc-1b6">
         <name>.text</name>
         <load_address>0x4ed0</load_address>
         <run_address>0x4ed0</run_address>
         <size>0x136</size>
         <input_file_ref idref="fl-cf"/>
      </object_component>
      <object_component id="oc-3e8">
         <name>.text:fcvt</name>
         <load_address>0x5008</load_address>
         <run_address>0x5008</run_address>
         <size>0x124</size>
         <input_file_ref idref="fl-e6"/>
      </object_component>
      <object_component id="oc-2de">
         <name>.text:scalbn</name>
         <load_address>0x512c</load_address>
         <run_address>0x512c</run_address>
         <size>0x110</size>
         <input_file_ref idref="fl-e5"/>
      </object_component>
      <object_component id="oc-1a5">
         <name>.text</name>
         <load_address>0x523c</load_address>
         <run_address>0x523c</run_address>
         <size>0x10c</size>
         <input_file_ref idref="fl-3"/>
      </object_component>
      <object_component id="oc-38e">
         <name>.text:aligned_alloc</name>
         <load_address>0x5348</load_address>
         <run_address>0x5348</run_address>
         <size>0x100</size>
         <input_file_ref idref="fl-dc"/>
      </object_component>
      <object_component id="oc-f5">
         <name>.text</name>
         <load_address>0x5448</load_address>
         <run_address>0x5448</run_address>
         <size>0x100</size>
         <input_file_ref idref="fl-4"/>
      </object_component>
      <object_component id="oc-194">
         <name>.text</name>
         <load_address>0x5548</load_address>
         <run_address>0x5548</run_address>
         <size>0xfc</size>
         <input_file_ref idref="fl-d0"/>
      </object_component>
      <object_component id="oc-3b3">
         <name>.text:floor</name>
         <load_address>0x5644</load_address>
         <run_address>0x5644</run_address>
         <size>0xf8</size>
         <input_file_ref idref="fl-e4"/>
      </object_component>
      <object_component id="oc-1e6">
         <name>.text:free</name>
         <load_address>0x573c</load_address>
         <run_address>0x573c</run_address>
         <size>0xe4</size>
         <input_file_ref idref="fl-dc"/>
      </object_component>
      <object_component id="oc-314">
         <name>.text:_ltostr</name>
         <load_address>0x5820</load_address>
         <run_address>0x5820</run_address>
         <size>0xb1</size>
         <input_file_ref idref="fl-e6"/>
      </object_component>
      <object_component id="oc-3e">
         <name>.text</name>
         <load_address>0x58d2</load_address>
         <run_address>0x58d2</run_address>
         <size>0x9c</size>
         <input_file_ref idref="fl-d5"/>
      </object_component>
      <object_component id="oc-3cf">
         <name>.text</name>
         <load_address>0x596e</load_address>
         <run_address>0x596e</run_address>
         <size>0x96</size>
         <input_file_ref idref="fl-e7"/>
      </object_component>
      <object_component id="oc-210">
         <name>.text:__aeabi_cdcmple</name>
         <load_address>0x5a04</load_address>
         <run_address>0x5a04</run_address>
         <size>0x86</size>
         <input_file_ref idref="fl-ce"/>
      </object_component>
      <object_component id="oc-215">
         <name>.text:__aeabi_cdrcmple</name>
         <load_address>0x5a8a</load_address>
         <run_address>0x5a8a</run_address>
         <size>0x86</size>
         <input_file_ref idref="fl-ce"/>
      </object_component>
      <object_component id="oc-96">
         <name>.text</name>
         <load_address>0x5b10</load_address>
         <run_address>0x5b10</run_address>
         <size>0x7a</size>
         <input_file_ref idref="fl-d7"/>
      </object_component>
      <object_component id="oc-427">
         <name>.text:split</name>
         <load_address>0x5b8c</load_address>
         <run_address>0x5b8c</run_address>
         <size>0x70</size>
         <input_file_ref idref="fl-dc"/>
      </object_component>
      <object_component id="oc-3e1">
         <name>.text:_mcpy</name>
         <load_address>0x5bfc</load_address>
         <run_address>0x5bfc</run_address>
         <size>0x6e</size>
         <input_file_ref idref="fl-e6"/>
      </object_component>
      <object_component id="oc-107">
         <name>.text</name>
         <load_address>0x5c6a</load_address>
         <run_address>0x5c6a</run_address>
         <size>0x6e</size>
         <input_file_ref idref="fl-d2"/>
      </object_component>
      <object_component id="oc-15">
         <name>.text:decompress:lzss:__TI_decompress_lzss</name>
         <load_address>0x5cd8</load_address>
         <run_address>0x5cd8</run_address>
         <size>0x68</size>
         <input_file_ref idref="fl-da"/>
      </object_component>
      <object_component id="oc-3f6">
         <name>.text:frexp</name>
         <load_address>0x5d40</load_address>
         <run_address>0x5d40</run_address>
         <size>0x64</size>
         <input_file_ref idref="fl-f6"/>
      </object_component>
      <object_component id="oc-320">
         <name>.text:_pconv_f</name>
         <load_address>0x5da4</load_address>
         <run_address>0x5da4</run_address>
         <size>0x56</size>
         <input_file_ref idref="fl-e6"/>
      </object_component>
      <object_component id="oc-3d5">
         <name>.text:__TI_ltoa</name>
         <load_address>0x5dfa</load_address>
         <run_address>0x5dfa</run_address>
         <size>0x54</size>
         <input_file_ref idref="fl-ed"/>
      </object_component>
      <object_component id="oc-3db">
         <name>.text:_ecpy</name>
         <load_address>0x5e4e</load_address>
         <run_address>0x5e4e</run_address>
         <size>0x52</size>
         <input_file_ref idref="fl-e6"/>
      </object_component>
      <object_component id="oc-30e">
         <name>.text:atoi</name>
         <load_address>0x5ea0</load_address>
         <run_address>0x5ea0</run_address>
         <size>0x4c</size>
         <input_file_ref idref="fl-ef"/>
      </object_component>
      <object_component id="oc-185">
         <name>.text</name>
         <load_address>0x5eec</load_address>
         <run_address>0x5eec</run_address>
         <size>0x48</size>
         <input_file_ref idref="fl-d1"/>
      </object_component>
      <object_component id="oc-146">
         <name>.text:__TI_auto_init_nobinit_nopinit:__TI_auto_init_nobinit_nopinit</name>
         <load_address>0x5f34</load_address>
         <run_address>0x5f34</run_address>
         <size>0x44</size>
         <input_file_ref idref="fl-e8"/>
      </object_component>
      <object_component id="oc-11d">
         <name>.text:sprintf</name>
         <load_address>0x5f78</load_address>
         <run_address>0x5f78</run_address>
         <size>0x40</size>
         <input_file_ref idref="fl-cb"/>
      </object_component>
      <object_component id="oc-1c4">
         <name>.text:vsnprintf</name>
         <load_address>0x5fb8</load_address>
         <run_address>0x5fb8</run_address>
         <size>0x40</size>
         <input_file_ref idref="fl-cc"/>
      </object_component>
      <object_component id="oc-3ee">
         <name>.text:_fcpy</name>
         <load_address>0x5ff8</load_address>
         <run_address>0x5ff8</run_address>
         <size>0x3e</size>
         <input_file_ref idref="fl-e6"/>
      </object_component>
      <object_component id="oc-1e0">
         <name>.text:calloc</name>
         <load_address>0x6038</load_address>
         <run_address>0x6038</run_address>
         <size>0x38</size>
         <input_file_ref idref="fl-dc"/>
      </object_component>
      <object_component id="oc-118">
         <name>.text</name>
         <load_address>0x6070</load_address>
         <run_address>0x6070</run_address>
         <size>0x38</size>
         <input_file_ref idref="fl-d3"/>
      </object_component>
      <object_component id="oc-17a">
         <name>.text:IntRegister</name>
         <load_address>0x60a8</load_address>
         <run_address>0x60a8</run_address>
         <size>0x34</size>
         <input_file_ref idref="fl-f8"/>
      </object_component>
      <object_component id="oc-5c">
         <name>.text:_c_int00_noargs:_c_int00_noargs</name>
         <load_address>0x60dc</load_address>
         <run_address>0x60dc</run_address>
         <size>0x34</size>
         <input_file_ref idref="fl-e1"/>
      </object_component>
      <object_component id="oc-295">
         <name>.text:_outs</name>
         <load_address>0x6110</load_address>
         <run_address>0x6110</run_address>
         <size>0x30</size>
         <input_file_ref idref="fl-cc"/>
      </object_component>
      <object_component id="oc-18a">
         <name>.text</name>
         <load_address>0x6140</load_address>
         <run_address>0x6140</run_address>
         <size>0x2e</size>
         <input_file_ref idref="fl-d4"/>
      </object_component>
      <object_component id="oc-2c5">
         <name>.text:free_list_insert</name>
         <load_address>0x6170</load_address>
         <run_address>0x6170</run_address>
         <size>0x28</size>
         <input_file_ref idref="fl-dc"/>
      </object_component>
      <object_component id="oc-1b1">
         <name>.text</name>
         <load_address>0x6198</load_address>
         <run_address>0x6198</run_address>
         <size>0x20</size>
         <input_file_ref idref="fl-d6"/>
      </object_component>
      <object_component id="oc-4a">
         <name>.text:decompress:ZI:__TI_zero_init_nomemset:__TI_zero_init_nomemset</name>
         <load_address>0x61b8</load_address>
         <run_address>0x61b8</run_address>
         <size>0x1c</size>
         <input_file_ref idref="fl-d8"/>
      </object_component>
      <object_component id="oc-2bf">
         <name>.text:free_list_remove</name>
         <load_address>0x61d4</load_address>
         <run_address>0x61d4</run_address>
         <size>0x1c</size>
         <input_file_ref idref="fl-dc"/>
      </object_component>
      <object_component id="oc-332">
         <name>.text:memccpy</name>
         <load_address>0x61f0</load_address>
         <run_address>0x61f0</run_address>
         <size>0x1c</size>
         <input_file_ref idref="fl-f1"/>
      </object_component>
      <object_component id="oc-39f">
         <name>.text:copysign</name>
         <load_address>0x620c</load_address>
         <run_address>0x620c</run_address>
         <size>0x1a</size>
         <input_file_ref idref="fl-f5"/>
      </object_component>
      <object_component id="oc-29b">
         <name>.text:_outc</name>
         <load_address>0x6226</load_address>
         <run_address>0x6226</run_address>
         <size>0x18</size>
         <input_file_ref idref="fl-cc"/>
      </object_component>
      <object_component id="oc-22b">
         <name>.text:_outs</name>
         <load_address>0x623e</load_address>
         <run_address>0x623e</run_address>
         <size>0x18</size>
         <input_file_ref idref="fl-cb"/>
      </object_component>
      <object_component id="oc-1ec">
         <name>.text:oi_parseInt</name>
         <load_address>0x6256</load_address>
         <run_address>0x6256</run_address>
         <size>0x18</size>
         <input_file_ref idref="fl-a"/>
      </object_component>
      <object_component id="oc-1ca">
         <name>.text:strcmp</name>
         <load_address>0x626e</load_address>
         <run_address>0x626e</run_address>
         <size>0x18</size>
         <input_file_ref idref="fl-dd"/>
      </object_component>
      <object_component id="oc-3fc">
         <name>.text:strchr</name>
         <load_address>0x6286</load_address>
         <run_address>0x6286</run_address>
         <size>0x16</size>
         <input_file_ref idref="fl-f2"/>
      </object_component>
      <object_component id="oc-1d0">
         <name>.text:strcpy</name>
         <load_address>0x629c</load_address>
         <run_address>0x629c</run_address>
         <size>0x14</size>
         <input_file_ref idref="fl-de"/>
      </object_component>
      <object_component id="oc-308">
         <name>.text:strlen</name>
         <load_address>0x62b0</load_address>
         <run_address>0x62b0</run_address>
         <size>0x14</size>
         <input_file_ref idref="fl-f3"/>
      </object_component>
      <object_component id="oc-101">
         <name>.text:atof</name>
         <load_address>0x62c4</load_address>
         <run_address>0x62c4</run_address>
         <size>0x12</size>
         <input_file_ref idref="fl-db"/>
      </object_component>
      <object_component id="oc-338">
         <name>.text:wcslen</name>
         <load_address>0x62d6</load_address>
         <run_address>0x62d6</run_address>
         <size>0x12</size>
         <input_file_ref idref="fl-f4"/>
      </object_component>
      <object_component id="oc-199">
         <name>.text:IntMasterEnable</name>
         <load_address>0x62e8</load_address>
         <run_address>0x62e8</run_address>
         <size>0x10</size>
         <input_file_ref idref="fl-f8"/>
      </object_component>
      <object_component id="oc-1bd">
         <name>.text:lcd_clear</name>
         <load_address>0x62f8</load_address>
         <run_address>0x62f8</run_address>
         <size>0x10</size>
         <input_file_ref idref="fl-8"/>
      </object_component>
      <object_component id="oc-1b">
         <name>.text:decompress:none:__TI_decompress_none</name>
         <load_address>0x6308</load_address>
         <run_address>0x6308</run_address>
         <size>0xe</size>
         <input_file_ref idref="fl-d9"/>
      </object_component>
      <object_component id="oc-27d">
         <name>.text:CPUcpsie</name>
         <load_address>0x6316</load_address>
         <run_address>0x6316</run_address>
         <size>0xc</size>
         <input_file_ref idref="fl-f9"/>
      </object_component>
      <object_component id="oc-2a">
         <name>.text</name>
         <load_address>0x6322</load_address>
         <run_address>0x6322</run_address>
         <size>0xc</size>
         <input_file_ref idref="fl-e"/>
      </object_component>
      <object_component id="oc-231">
         <name>.text:_outc</name>
         <load_address>0x632e</load_address>
         <run_address>0x632e</run_address>
         <size>0xa</size>
         <input_file_ref idref="fl-cb"/>
      </object_component>
      <object_component id="oc-2d8">
         <name>.text:__aeabi_errno_addr</name>
         <load_address>0x6338</load_address>
         <run_address>0x6338</run_address>
         <size>0x8</size>
         <input_file_ref idref="fl-e2"/>
      </object_component>
      <object_component id="oc-2b8">
         <name>.text:malloc</name>
         <load_address>0x6340</load_address>
         <run_address>0x6340</run_address>
         <size>0x8</size>
         <input_file_ref idref="fl-dc"/>
      </object_component>
      <object_component id="oc-9c">
         <name>.text:_system_pre_init</name>
         <load_address>0x6348</load_address>
         <run_address>0x6348</run_address>
         <size>0x4</size>
         <input_file_ref idref="fl-e9"/>
      </object_component>
      <object_component id="oc-13a">
         <name>.text:abort:abort</name>
         <load_address>0x634c</load_address>
         <run_address>0x634c</run_address>
         <size>0x4</size>
         <input_file_ref idref="fl-eb"/>
      </object_component>
      <object_component id="oc-3b9">
         <name>.const:$O1$$</name>
         <load_address>0x6350</load_address>
         <run_address>0x6350</run_address>
         <size>0x158</size>
         <input_file_ref idref="fl-e0"/>
      </object_component>
      <object_component id="oc-2e4">
         <name>.const:.string:_ctypes_</name>
         <load_address>0x64a8</load_address>
         <run_address>0x64a8</run_address>
         <size>0x101</size>
         <input_file_ref idref="fl-f0"/>
      </object_component>
      <object_component id="oc-1d6">
         <name>.const:.string:lineAddress$1</name>
         <load_address>0x65a9</load_address>
         <run_address>0x65a9</run_address>
         <size>0x4</size>
         <input_file_ref idref="fl-8"/>
      </object_component>
      <object_component id="oc-2e7">
         <name>.const:$O1$$</name>
         <load_address>0x65b0</load_address>
         <run_address>0x65b0</run_address>
         <size>0xc8</size>
         <input_file_ref idref="fl-df"/>
      </object_component>
      <object_component id="oc-3bf">
         <name>.const:xxx</name>
         <load_address>0x6678</load_address>
         <run_address>0x6678</run_address>
         <size>0x80</size>
         <input_file_ref idref="fl-e3"/>
      </object_component>
      <object_component id="oc-129">
         <name>.const:.string:$P$T0$1</name>
         <load_address>0x66f8</load_address>
         <run_address>0x66f8</run_address>
         <size>0xf</size>
         <input_file_ref idref="fl-7"/>
      </object_component>
      <object_component id="oc-1f6">
         <name>.const:.string:$P$T0$3</name>
         <load_address>0x6707</load_address>
         <run_address>0x6707</run_address>
         <size>0xf</size>
         <input_file_ref idref="fl-a"/>
      </object_component>
      <object_component id="oc-12c">
         <name>.const:.string:$P$T1$2</name>
         <load_address>0x6716</load_address>
         <run_address>0x6716</run_address>
         <size>0xf</size>
         <input_file_ref idref="fl-7"/>
      </object_component>
      <object_component id="oc-1d7">
         <name>.const:.string:lineAddresses$2</name>
         <load_address>0x6725</load_address>
         <run_address>0x6725</run_address>
         <size>0x4</size>
         <input_file_ref idref="fl-8"/>
      </object_component>
      <object_component id="oc-4a0">
         <name>.cinit..data.load</name>
         <load_address>0x6730</load_address>
         <run_address>0x6730</run_address>
         <size>0x21</size>
      </object_component>
      <object_component id="oc-49d">
         <name>__TI_handler_table</name>
         <load_address>0x6754</load_address>
         <run_address>0x6754</run_address>
         <size>0xc</size>
      </object_component>
      <object_component id="oc-4a1">
         <name>.cinit..bss.load</name>
         <load_address>0x6760</load_address>
         <run_address>0x6760</run_address>
         <size>0x8</size>
      </object_component>
      <object_component id="oc-49f">
         <name>.cinit..vtable.load</name>
         <load_address>0x6768</load_address>
         <run_address>0x6768</run_address>
         <size>0x8</size>
      </object_component>
      <object_component id="oc-49e">
         <name>__TI_cinit_table</name>
         <load_address>0x6770</load_address>
         <run_address>0x6770</run_address>
         <size>0x18</size>
      </object_component>
      <object_component id="oc-26d">
         <name>.vtable</name>
         <uninitialized>true</uninitialized>
         <run_address>0x20000000</run_address>
         <size>0x26c</size>
         <input_file_ref idref="fl-f8"/>
      </object_component>
      <object_component id="oc-180">
         <name>.data</name>
         <load_address>0x20000f34</load_address>
         <run_address>0x20000f34</run_address>
         <size>0x1</size>
         <input_file_ref idref="fl-2"/>
      </object_component>
      <object_component id="oc-1fc">
         <name>.data</name>
         <load_address>0x20000f35</load_address>
         <run_address>0x20000f35</run_address>
         <size>0x1</size>
         <input_file_ref idref="fl-4"/>
      </object_component>
      <object_component id="oc-1f3">
         <name>.data</name>
         <load_address>0x20000ef8</load_address>
         <run_address>0x20000ef8</run_address>
         <size>0x20</size>
         <input_file_ref idref="fl-a"/>
      </object_component>
      <object_component id="oc-202">
         <name>.data</name>
         <load_address>0x20000f28</load_address>
         <run_address>0x20000f28</run_address>
         <size>0x8</size>
         <input_file_ref idref="fl-d"/>
      </object_component>
      <object_component id="oc-395">
         <name>.data:$O1$$</name>
         <load_address>0x20000f20</load_address>
         <run_address>0x20000f20</run_address>
         <size>0x8</size>
         <input_file_ref idref="fl-dc"/>
      </object_component>
      <object_component id="oc-39a">
         <name>.data</name>
         <load_address>0x20000f30</load_address>
         <run_address>0x20000f30</run_address>
         <size>0x4</size>
         <input_file_ref idref="fl-e2"/>
      </object_component>
      <object_component id="oc-251">
         <name>.data:$O1$$</name>
         <load_address>0x20000f18</load_address>
         <run_address>0x20000f18</run_address>
         <size>0x8</size>
         <input_file_ref idref="fl-ec"/>
      </object_component>
      <object_component id="oc-1d8">
         <name>.bss:lastbuffer$3</name>
         <uninitialized>true</uninitialized>
         <run_address>0x20000e70</run_address>
         <size>0x54</size>
         <input_file_ref idref="fl-8"/>
      </object_component>
      <object_component id="oc-1f9">
         <name>.bss:firmware$2</name>
         <uninitialized>true</uninitialized>
         <run_address>0x20000ec4</run_address>
         <size>0x18</size>
         <input_file_ref idref="fl-a"/>
      </object_component>
      <object_component id="oc-183">
         <name>.common:_timeout_ticks</name>
         <uninitialized>true</uninitialized>
         <run_address>0x20000edc</run_address>
         <size>0x4</size>
      </object_component>
      <object_component id="oc-200">
         <name>.common:button_event</name>
         <uninitialized>true</uninitialized>
         <run_address>0x20000ee0</run_address>
         <size>0x4</size>
      </object_component>
      <object_component id="oc-1fd">
         <name>.common:button_num</name>
         <uninitialized>true</uninitialized>
         <run_address>0x20000ee4</run_address>
         <size>0x4</size>
      </object_component>
      <object_component id="oc-285">
         <name>.common:state</name>
         <uninitialized>true</uninitialized>
         <run_address>0x20000ef4</run_address>
         <size>0x1</size>
      </object_component>
      <object_component id="oc-288">
         <name>.common:rising_time</name>
         <uninitialized>true</uninitialized>
         <run_address>0x20000ef0</run_address>
         <size>0x4</size>
      </object_component>
      <object_component id="oc-289">
         <name>.common:falling_time</name>
         <uninitialized>true</uninitialized>
         <run_address>0x20000ee8</run_address>
         <size>0x4</size>
      </object_component>
      <object_component id="oc-28a">
         <name>.common:overflow_count</name>
         <uninitialized>true</uninitialized>
         <run_address>0x20000eec</run_address>
         <size>0x4</size>
      </object_component>
      <object_component id="oc-132">
         <name>.common:uart_data</name>
         <uninitialized>true</uninitialized>
         <run_address>0x20000ef5</run_address>
         <size>0x1</size>
      </object_component>
      <object_component id="oc-12f">
         <name>.common:uart_flag</name>
         <uninitialized>true</uninitialized>
         <run_address>0x20000ef6</run_address>
         <size>0x1</size>
      </object_component>
      <object_component id="oc-24">
         <name>.sysmem</name>
         <uninitialized>true</uninitialized>
         <run_address>0x20000a70</run_address>
         <size>0x10</size>
         <input_file_ref idref="fl-dc"/>
      </object_component>
      <object_component id="oc-4a4">
         <name>.sysmem</name>
         <uninitialized>true</uninitialized>
         <run_address>0x20000a70</run_address>
         <size>0x0</size>
      </object_component>
      <object_component id="oc-27">
         <name>.stack</name>
         <uninitialized>true</uninitialized>
         <run_address>0x20000270</run_address>
         <size>0x4</size>
         <input_file_ref idref="fl-e1"/>
      </object_component>
      <object_component id="oc-4a3">
         <name>.stack</name>
         <uninitialized>true</uninitialized>
         <run_address>0x20000270</run_address>
         <size>0x0</size>
      </object_component>
      <object_component id="oc-c5">
         <name>.debug_info</name>
         <load_address>0x0</load_address>
         <run_address>0x0</run_address>
         <size>0x2b7</size>
         <input_file_ref idref="fl-2"/>
      </object_component>
      <object_component id="oc-181">
         <name>.debug_info</name>
         <load_address>0x2b7</load_address>
         <run_address>0x2b7</run_address>
         <size>0xc5</size>
         <input_file_ref idref="fl-2"/>
      </object_component>
      <object_component id="oc-db">
         <name>.debug_info</name>
         <load_address>0x37c</load_address>
         <run_address>0x37c</run_address>
         <size>0x50d</size>
         <input_file_ref idref="fl-2"/>
      </object_component>
      <object_component id="oc-77">
         <name>.debug_info</name>
         <load_address>0x889</load_address>
         <run_address>0x889</run_address>
         <size>0x26b</size>
         <input_file_ref idref="fl-2"/>
      </object_component>
      <object_component id="oc-39">
         <name>.debug_info</name>
         <load_address>0xaf4</load_address>
         <run_address>0xaf4</run_address>
         <size>0x84</size>
         <input_file_ref idref="fl-2"/>
      </object_component>
      <object_component id="oc-c0">
         <name>.debug_info</name>
         <load_address>0xb78</load_address>
         <run_address>0xb78</run_address>
         <size>0x2a4</size>
         <input_file_ref idref="fl-2"/>
      </object_component>
      <object_component id="oc-7c">
         <name>.debug_info</name>
         <load_address>0xe1c</load_address>
         <run_address>0xe1c</run_address>
         <size>0xbb</size>
         <input_file_ref idref="fl-2"/>
      </object_component>
      <object_component id="oc-1a8">
         <name>.debug_info</name>
         <load_address>0xed7</load_address>
         <run_address>0xed7</run_address>
         <size>0x130</size>
         <input_file_ref idref="fl-3"/>
      </object_component>
      <object_component id="oc-1fe">
         <name>.debug_info</name>
         <load_address>0x1007</load_address>
         <run_address>0x1007</run_address>
         <size>0x303</size>
         <input_file_ref idref="fl-4"/>
      </object_component>
      <object_component id="oc-f6">
         <name>.debug_info</name>
         <load_address>0x130a</load_address>
         <run_address>0x130a</run_address>
         <size>0x28a</size>
         <input_file_ref idref="fl-4"/>
      </object_component>
      <object_component id="oc-1a0">
         <name>.debug_info</name>
         <load_address>0x1594</load_address>
         <run_address>0x1594</run_address>
         <size>0x8b</size>
         <input_file_ref idref="fl-4"/>
      </object_component>
      <object_component id="oc-23a">
         <name>.debug_info</name>
         <load_address>0x161f</load_address>
         <run_address>0x161f</run_address>
         <size>0x288</size>
         <input_file_ref idref="fl-5"/>
      </object_component>
      <object_component id="oc-124">
         <name>.debug_info</name>
         <load_address>0x18a7</load_address>
         <run_address>0x18a7</run_address>
         <size>0x26a</size>
         <input_file_ref idref="fl-5"/>
      </object_component>
      <object_component id="oc-223">
         <name>.debug_info</name>
         <load_address>0x1b11</load_address>
         <run_address>0x1b11</run_address>
         <size>0x311</size>
         <input_file_ref idref="fl-6"/>
      </object_component>
      <object_component id="oc-114">
         <name>.debug_info</name>
         <load_address>0x1e22</load_address>
         <run_address>0x1e22</run_address>
         <size>0x52c</size>
         <input_file_ref idref="fl-6"/>
      </object_component>
      <object_component id="oc-134">
         <name>.debug_info</name>
         <load_address>0x234e</load_address>
         <run_address>0x234e</run_address>
         <size>0x5e</size>
         <input_file_ref idref="fl-6"/>
      </object_component>
      <object_component id="oc-2b3">
         <name>.debug_info</name>
         <load_address>0x23ac</load_address>
         <run_address>0x23ac</run_address>
         <size>0xcc</size>
         <input_file_ref idref="fl-6"/>
      </object_component>
      <object_component id="oc-1db">
         <name>.debug_info</name>
         <load_address>0x2478</load_address>
         <run_address>0x2478</run_address>
         <size>0x2c</size>
         <input_file_ref idref="fl-6"/>
      </object_component>
      <object_component id="oc-139">
         <name>.debug_info</name>
         <load_address>0x24a4</load_address>
         <run_address>0x24a4</run_address>
         <size>0x6e3</size>
         <input_file_ref idref="fl-7"/>
      </object_component>
      <object_component id="oc-12a">
         <name>.debug_info</name>
         <load_address>0x2b87</load_address>
         <run_address>0x2b87</run_address>
         <size>0xc9</size>
         <input_file_ref idref="fl-7"/>
      </object_component>
      <object_component id="oc-12d">
         <name>.debug_info</name>
         <load_address>0x2c50</load_address>
         <run_address>0x2c50</run_address>
         <size>0xc9</size>
         <input_file_ref idref="fl-7"/>
      </object_component>
      <object_component id="oc-a3">
         <name>.debug_info</name>
         <load_address>0x2d19</load_address>
         <run_address>0x2d19</run_address>
         <size>0x4ff</size>
         <input_file_ref idref="fl-7"/>
      </object_component>
      <object_component id="oc-243">
         <name>.debug_info</name>
         <load_address>0x3218</load_address>
         <run_address>0x3218</run_address>
         <size>0x5aa</size>
         <input_file_ref idref="fl-7"/>
      </object_component>
      <object_component id="oc-248">
         <name>.debug_info</name>
         <load_address>0x37c2</load_address>
         <run_address>0x37c2</run_address>
         <size>0x35</size>
         <input_file_ref idref="fl-7"/>
      </object_component>
      <object_component id="oc-1da">
         <name>.debug_info</name>
         <load_address>0x37f7</load_address>
         <run_address>0x37f7</run_address>
         <size>0x385</size>
         <input_file_ref idref="fl-8"/>
      </object_component>
      <object_component id="oc-1bf">
         <name>.debug_info</name>
         <load_address>0x3b7c</load_address>
         <run_address>0x3b7c</run_address>
         <size>0x11a</size>
         <input_file_ref idref="fl-8"/>
      </object_component>
      <object_component id="oc-eb">
         <name>.debug_info</name>
         <load_address>0x3c96</load_address>
         <run_address>0x3c96</run_address>
         <size>0x8a6</size>
         <input_file_ref idref="fl-8"/>
      </object_component>
      <object_component id="oc-21b">
         <name>.debug_info</name>
         <load_address>0x453c</load_address>
         <run_address>0x453c</run_address>
         <size>0x355</size>
         <input_file_ref idref="fl-9"/>
      </object_component>
      <object_component id="oc-10f">
         <name>.debug_info</name>
         <load_address>0x4891</load_address>
         <run_address>0x4891</run_address>
         <size>0x8d0</size>
         <input_file_ref idref="fl-9"/>
      </object_component>
      <object_component id="oc-1fb">
         <name>.debug_info</name>
         <load_address>0x5161</load_address>
         <run_address>0x5161</run_address>
         <size>0x402</size>
         <input_file_ref idref="fl-a"/>
      </object_component>
      <object_component id="oc-1f4">
         <name>.debug_info</name>
         <load_address>0x5563</load_address>
         <run_address>0x5563</run_address>
         <size>0x117</size>
         <input_file_ref idref="fl-a"/>
      </object_component>
      <object_component id="oc-1f7">
         <name>.debug_info</name>
         <load_address>0x567a</load_address>
         <run_address>0x567a</run_address>
         <size>0xcc</size>
         <input_file_ref idref="fl-a"/>
      </object_component>
      <object_component id="oc-1ed">
         <name>.debug_info</name>
         <load_address>0x5746</load_address>
         <run_address>0x5746</run_address>
         <size>0x144</size>
         <input_file_ref idref="fl-a"/>
      </object_component>
      <object_component id="oc-f0">
         <name>.debug_info</name>
         <load_address>0x588a</load_address>
         <run_address>0x588a</run_address>
         <size>0x198e</size>
         <input_file_ref idref="fl-a"/>
      </object_component>
      <object_component id="oc-286">
         <name>.debug_info</name>
         <load_address>0x7218</load_address>
         <run_address>0x7218</run_address>
         <size>0x382</size>
         <input_file_ref idref="fl-b"/>
      </object_component>
      <object_component id="oc-1ae">
         <name>.debug_info</name>
         <load_address>0x759a</load_address>
         <run_address>0x759a</run_address>
         <size>0x221</size>
         <input_file_ref idref="fl-b"/>
      </object_component>
      <object_component id="oc-382">
         <name>.debug_info</name>
         <load_address>0x77bb</load_address>
         <run_address>0x77bb</run_address>
         <size>0x44</size>
         <input_file_ref idref="fl-b"/>
      </object_component>
      <object_component id="oc-1bc">
         <name>.debug_info</name>
         <load_address>0x77ff</load_address>
         <run_address>0x77ff</run_address>
         <size>0x319</size>
         <input_file_ref idref="fl-c"/>
      </object_component>
      <object_component id="oc-e4">
         <name>.debug_info</name>
         <load_address>0x7b18</load_address>
         <run_address>0x7b18</run_address>
         <size>0x3de</size>
         <input_file_ref idref="fl-c"/>
      </object_component>
      <object_component id="oc-290">
         <name>.debug_info</name>
         <load_address>0x7ef6</load_address>
         <run_address>0x7ef6</run_address>
         <size>0x5e</size>
         <input_file_ref idref="fl-c"/>
      </object_component>
      <object_component id="oc-206">
         <name>.debug_info</name>
         <load_address>0x7f54</load_address>
         <run_address>0x7f54</run_address>
         <size>0x313</size>
         <input_file_ref idref="fl-d"/>
      </object_component>
      <object_component id="oc-203">
         <name>.debug_info</name>
         <load_address>0x8267</load_address>
         <run_address>0x8267</run_address>
         <size>0xf8</size>
         <input_file_ref idref="fl-d"/>
      </object_component>
      <object_component id="oc-fd">
         <name>.debug_info</name>
         <load_address>0x835f</load_address>
         <run_address>0x835f</run_address>
         <size>0x407</size>
         <input_file_ref idref="fl-d"/>
      </object_component>
      <object_component id="oc-32">
         <name>.debug_info</name>
         <load_address>0x8766</load_address>
         <run_address>0x8766</run_address>
         <size>0x2a1</size>
         <input_file_ref idref="fl-e"/>
      </object_component>
      <object_component id="oc-13">
         <name>.debug_info</name>
         <load_address>0x8a07</load_address>
         <run_address>0x8a07</run_address>
         <size>0xe0</size>
         <input_file_ref idref="fl-e"/>
      </object_component>
      <object_component id="oc-2e">
         <name>.debug_info</name>
         <load_address>0x8ae7</load_address>
         <run_address>0x8ae7</run_address>
         <size>0x25c</size>
         <input_file_ref idref="fl-e"/>
      </object_component>
      <object_component id="oc-130">
         <name>.debug_info</name>
         <load_address>0x8d43</load_address>
         <run_address>0x8d43</run_address>
         <size>0x304</size>
         <input_file_ref idref="fl-f"/>
      </object_component>
      <object_component id="oc-e1">
         <name>.debug_info</name>
         <load_address>0x9047</load_address>
         <run_address>0x9047</run_address>
         <size>0x3a5</size>
         <input_file_ref idref="fl-f"/>
      </object_component>
      <object_component id="oc-300">
         <name>.debug_info</name>
         <load_address>0x93ec</load_address>
         <run_address>0x93ec</run_address>
         <size>0x36a</size>
         <input_file_ref idref="fl-ca"/>
      </object_component>
      <object_component id="oc-21e">
         <name>.debug_info</name>
         <load_address>0x9756</load_address>
         <run_address>0x9756</run_address>
         <size>0x5d4</size>
         <input_file_ref idref="fl-ca"/>
      </object_component>
      <object_component id="oc-3c6">
         <name>.debug_info</name>
         <load_address>0x9d2a</load_address>
         <run_address>0x9d2a</run_address>
         <size>0x46</size>
         <input_file_ref idref="fl-ca"/>
      </object_component>
      <object_component id="oc-301">
         <name>.debug_info</name>
         <load_address>0x9d70</load_address>
         <run_address>0x9d70</run_address>
         <size>0x39</size>
         <input_file_ref idref="fl-ca"/>
      </object_component>
      <object_component id="oc-238">
         <name>.debug_info</name>
         <load_address>0x9da9</load_address>
         <run_address>0x9da9</run_address>
         <size>0x333</size>
         <input_file_ref idref="fl-cb"/>
      </object_component>
      <object_component id="oc-11e">
         <name>.debug_info</name>
         <load_address>0xa0dc</load_address>
         <run_address>0xa0dc</run_address>
         <size>0x1d1</size>
         <input_file_ref idref="fl-cb"/>
      </object_component>
      <object_component id="oc-22c">
         <name>.debug_info</name>
         <load_address>0xa2ad</load_address>
         <run_address>0xa2ad</run_address>
         <size>0x18d</size>
         <input_file_ref idref="fl-cb"/>
      </object_component>
      <object_component id="oc-232">
         <name>.debug_info</name>
         <load_address>0xa43a</load_address>
         <run_address>0xa43a</run_address>
         <size>0x16d</size>
         <input_file_ref idref="fl-cb"/>
      </object_component>
      <object_component id="oc-2a3">
         <name>.debug_info</name>
         <load_address>0xa5a7</load_address>
         <run_address>0xa5a7</run_address>
         <size>0x2c</size>
         <input_file_ref idref="fl-cb"/>
      </object_component>
      <object_component id="oc-2a2">
         <name>.debug_info</name>
         <load_address>0xa5d3</load_address>
         <run_address>0xa5d3</run_address>
         <size>0x340</size>
         <input_file_ref idref="fl-cc"/>
      </object_component>
      <object_component id="oc-1c5">
         <name>.debug_info</name>
         <load_address>0xa913</load_address>
         <run_address>0xa913</run_address>
         <size>0x208</size>
         <input_file_ref idref="fl-cc"/>
      </object_component>
      <object_component id="oc-296">
         <name>.debug_info</name>
         <load_address>0xab1b</load_address>
         <run_address>0xab1b</run_address>
         <size>0x1c6</size>
         <input_file_ref idref="fl-cc"/>
      </object_component>
      <object_component id="oc-29c">
         <name>.debug_info</name>
         <load_address>0xace1</load_address>
         <run_address>0xace1</run_address>
         <size>0x179</size>
         <input_file_ref idref="fl-cc"/>
      </object_component>
      <object_component id="oc-2a8">
         <name>.debug_info</name>
         <load_address>0xae5a</load_address>
         <run_address>0xae5a</run_address>
         <size>0x69</size>
         <input_file_ref idref="fl-cc"/>
      </object_component>
      <object_component id="oc-191">
         <name>.debug_info</name>
         <load_address>0xaec3</load_address>
         <run_address>0xaec3</run_address>
         <size>0x14c</size>
         <input_file_ref idref="fl-cd"/>
      </object_component>
      <object_component id="oc-211">
         <name>.debug_info</name>
         <load_address>0xb00f</load_address>
         <run_address>0xb00f</run_address>
         <size>0x128</size>
         <input_file_ref idref="fl-ce"/>
      </object_component>
      <object_component id="oc-216">
         <name>.debug_info</name>
         <load_address>0xb137</load_address>
         <run_address>0xb137</run_address>
         <size>0x12a</size>
         <input_file_ref idref="fl-ce"/>
      </object_component>
      <object_component id="oc-1b7">
         <name>.debug_info</name>
         <load_address>0xb261</load_address>
         <run_address>0xb261</run_address>
         <size>0x13a</size>
         <input_file_ref idref="fl-cf"/>
      </object_component>
      <object_component id="oc-195">
         <name>.debug_info</name>
         <load_address>0xb39b</load_address>
         <run_address>0xb39b</run_address>
         <size>0x13a</size>
         <input_file_ref idref="fl-d0"/>
      </object_component>
      <object_component id="oc-188">
         <name>.debug_info</name>
         <load_address>0xb4d5</load_address>
         <run_address>0xb4d5</run_address>
         <size>0x12e</size>
         <input_file_ref idref="fl-d1"/>
      </object_component>
      <object_component id="oc-109">
         <name>.debug_info</name>
         <load_address>0xb603</load_address>
         <run_address>0xb603</run_address>
         <size>0x13e</size>
         <input_file_ref idref="fl-d2"/>
      </object_component>
      <object_component id="oc-11a">
         <name>.debug_info</name>
         <load_address>0xb741</load_address>
         <run_address>0xb741</run_address>
         <size>0x12c</size>
         <input_file_ref idref="fl-d3"/>
      </object_component>
      <object_component id="oc-18c">
         <name>.debug_info</name>
         <load_address>0xb86d</load_address>
         <run_address>0xb86d</run_address>
         <size>0x12c</size>
         <input_file_ref idref="fl-d4"/>
      </object_component>
      <object_component id="oc-3f">
         <name>.debug_info</name>
         <load_address>0xb999</load_address>
         <run_address>0xb999</run_address>
         <size>0x119</size>
         <input_file_ref idref="fl-d5"/>
      </object_component>
      <object_component id="oc-1b2">
         <name>.debug_info</name>
         <load_address>0xbab2</load_address>
         <run_address>0xbab2</run_address>
         <size>0x12e</size>
         <input_file_ref idref="fl-d6"/>
      </object_component>
      <object_component id="oc-98">
         <name>.debug_info</name>
         <load_address>0xbbe0</load_address>
         <run_address>0xbbe0</run_address>
         <size>0x147</size>
         <input_file_ref idref="fl-d7"/>
      </object_component>
      <object_component id="oc-95">
         <name>.debug_info</name>
         <load_address>0xbd27</load_address>
         <run_address>0xbd27</run_address>
         <size>0x2d4</size>
         <input_file_ref idref="fl-d8"/>
      </object_component>
      <object_component id="oc-4c">
         <name>.debug_info</name>
         <load_address>0xbffb</load_address>
         <run_address>0xbffb</run_address>
         <size>0x1d2</size>
         <input_file_ref idref="fl-d8"/>
      </object_component>
      <object_component id="oc-90">
         <name>.debug_info</name>
         <load_address>0xc1cd</load_address>
         <run_address>0xc1cd</run_address>
         <size>0x46</size>
         <input_file_ref idref="fl-d8"/>
      </object_component>
      <object_component id="oc-ce">
         <name>.debug_info</name>
         <load_address>0xc213</load_address>
         <run_address>0xc213</run_address>
         <size>0x2c</size>
         <input_file_ref idref="fl-d8"/>
      </object_component>
      <object_component id="oc-49">
         <name>.debug_info</name>
         <load_address>0xc23f</load_address>
         <run_address>0xc23f</run_address>
         <size>0x2a8</size>
         <input_file_ref idref="fl-d9"/>
      </object_component>
      <object_component id="oc-1d">
         <name>.debug_info</name>
         <load_address>0xc4e7</load_address>
         <run_address>0xc4e7</run_address>
         <size>0x1ea</size>
         <input_file_ref idref="fl-d9"/>
      </object_component>
      <object_component id="oc-44">
         <name>.debug_info</name>
         <load_address>0xc6d1</load_address>
         <run_address>0xc6d1</run_address>
         <size>0x46</size>
         <input_file_ref idref="fl-d9"/>
      </object_component>
      <object_component id="oc-88">
         <name>.debug_info</name>
         <load_address>0xc717</load_address>
         <run_address>0xc717</run_address>
         <size>0x2c</size>
         <input_file_ref idref="fl-d9"/>
      </object_component>
      <object_component id="oc-86">
         <name>.debug_info</name>
         <load_address>0xc743</load_address>
         <run_address>0xc743</run_address>
         <size>0x29e</size>
         <input_file_ref idref="fl-da"/>
      </object_component>
      <object_component id="oc-18">
         <name>.debug_info</name>
         <load_address>0xc9e1</load_address>
         <run_address>0xc9e1</run_address>
         <size>0x250</size>
         <input_file_ref idref="fl-da"/>
      </object_component>
      <object_component id="oc-34">
         <name>.debug_info</name>
         <load_address>0xcc31</load_address>
         <run_address>0xcc31</run_address>
         <size>0x60</size>
         <input_file_ref idref="fl-da"/>
      </object_component>
      <object_component id="oc-c7">
         <name>.debug_info</name>
         <load_address>0xcc91</load_address>
         <run_address>0xcc91</run_address>
         <size>0x46</size>
         <input_file_ref idref="fl-da"/>
      </object_component>
      <object_component id="oc-81">
         <name>.debug_info</name>
         <load_address>0xccd7</load_address>
         <run_address>0xccd7</run_address>
         <size>0x39</size>
         <input_file_ref idref="fl-da"/>
      </object_component>
      <object_component id="oc-20e">
         <name>.debug_info</name>
         <load_address>0xcd10</load_address>
         <run_address>0xcd10</run_address>
         <size>0x2c5</size>
         <input_file_ref idref="fl-db"/>
      </object_component>
      <object_component id="oc-105">
         <name>.debug_info</name>
         <load_address>0xcfd5</load_address>
         <run_address>0xcfd5</run_address>
         <size>0x149</size>
         <input_file_ref idref="fl-db"/>
      </object_component>
      <object_component id="oc-70">
         <name>.debug_info</name>
         <load_address>0xd11e</load_address>
         <run_address>0xd11e</run_address>
         <size>0x3b2</size>
         <input_file_ref idref="fl-dc"/>
      </object_component>
      <object_component id="oc-25">
         <name>.debug_info</name>
         <load_address>0xd4d0</load_address>
         <run_address>0xd4d0</run_address>
         <size>0x10c</size>
         <input_file_ref idref="fl-dc"/>
      </object_component>
      <object_component id="oc-396">
         <name>.debug_info</name>
         <load_address>0xd5dc</load_address>
         <run_address>0xd5dc</run_address>
         <size>0x13f</size>
         <input_file_ref idref="fl-dc"/>
      </object_component>
      <object_component id="oc-2b9">
         <name>.debug_info</name>
         <load_address>0xd71b</load_address>
         <run_address>0xd71b</run_address>
         <size>0x168</size>
         <input_file_ref idref="fl-dc"/>
      </object_component>
      <object_component id="oc-2c0">
         <name>.debug_info</name>
         <load_address>0xd883</load_address>
         <run_address>0xd883</run_address>
         <size>0x18e</size>
         <input_file_ref idref="fl-dc"/>
      </object_component>
      <object_component id="oc-2c7">
         <name>.debug_info</name>
         <load_address>0xda11</load_address>
         <run_address>0xda11</run_address>
         <size>0x19f</size>
         <input_file_ref idref="fl-dc"/>
      </object_component>
      <object_component id="oc-1e7">
         <name>.debug_info</name>
         <load_address>0xdbb0</load_address>
         <run_address>0xdbb0</run_address>
         <size>0x203</size>
         <input_file_ref idref="fl-dc"/>
      </object_component>
      <object_component id="oc-429">
         <name>.debug_info</name>
         <load_address>0xddb3</load_address>
         <run_address>0xddb3</run_address>
         <size>0x1db</size>
         <input_file_ref idref="fl-dc"/>
      </object_component>
      <object_component id="oc-1e1">
         <name>.debug_info</name>
         <load_address>0xdf8e</load_address>
         <run_address>0xdf8e</run_address>
         <size>0x1a5</size>
         <input_file_ref idref="fl-dc"/>
      </object_component>
      <object_component id="oc-390">
         <name>.debug_info</name>
         <load_address>0xe133</load_address>
         <run_address>0xe133</run_address>
         <size>0x299</size>
         <input_file_ref idref="fl-dc"/>
      </object_component>
      <object_component id="oc-bb">
         <name>.debug_info</name>
         <load_address>0xe3cc</load_address>
         <run_address>0xe3cc</run_address>
         <size>0xb2</size>
         <input_file_ref idref="fl-dc"/>
      </object_component>
      <object_component id="oc-b6">
         <name>.debug_info</name>
         <load_address>0xe47e</load_address>
         <run_address>0xe47e</run_address>
         <size>0x2c</size>
         <input_file_ref idref="fl-dc"/>
      </object_component>
      <object_component id="oc-2ae">
         <name>.debug_info</name>
         <load_address>0xe4aa</load_address>
         <run_address>0xe4aa</run_address>
         <size>0x28a</size>
         <input_file_ref idref="fl-dd"/>
      </object_component>
      <object_component id="oc-1cb">
         <name>.debug_info</name>
         <load_address>0xe734</load_address>
         <run_address>0xe734</run_address>
         <size>0x273</size>
         <input_file_ref idref="fl-dd"/>
      </object_component>
      <object_component id="oc-2b0">
         <name>.debug_info</name>
         <load_address>0xe9a7</load_address>
         <run_address>0xe9a7</run_address>
         <size>0x2a4</size>
         <input_file_ref idref="fl-de"/>
      </object_component>
      <object_component id="oc-1d2">
         <name>.debug_info</name>
         <load_address>0xec4b</load_address>
         <run_address>0xec4b</run_address>
         <size>0x24d</size>
         <input_file_ref idref="fl-de"/>
      </object_component>
      <object_component id="oc-2eb">
         <name>.debug_info</name>
         <load_address>0xee98</load_address>
         <run_address>0xee98</run_address>
         <size>0x3b1</size>
         <input_file_ref idref="fl-df"/>
      </object_component>
      <object_component id="oc-2e8">
         <name>.debug_info</name>
         <load_address>0xf249</load_address>
         <run_address>0xf249</run_address>
         <size>0x123</size>
         <input_file_ref idref="fl-df"/>
      </object_component>
      <object_component id="oc-209">
         <name>.debug_info</name>
         <load_address>0xf36c</load_address>
         <run_address>0xf36c</run_address>
         <size>0x4e0</size>
         <input_file_ref idref="fl-df"/>
      </object_component>
      <object_component id="oc-3bd">
         <name>.debug_info</name>
         <load_address>0xf84c</load_address>
         <run_address>0xf84c</run_address>
         <size>0x3aa</size>
         <input_file_ref idref="fl-e0"/>
      </object_component>
      <object_component id="oc-3ba">
         <name>.debug_info</name>
         <load_address>0xfbf6</load_address>
         <run_address>0xfbf6</run_address>
         <size>0x13a</size>
         <input_file_ref idref="fl-e0"/>
      </object_component>
      <object_component id="oc-2f5">
         <name>.debug_info</name>
         <load_address>0xfd30</load_address>
         <run_address>0xfd30</run_address>
         <size>0x72f</size>
         <input_file_ref idref="fl-e0"/>
      </object_component>
      <object_component id="oc-437">
         <name>.debug_info</name>
         <load_address>0x1045f</load_address>
         <run_address>0x1045f</run_address>
         <size>0x39</size>
         <input_file_ref idref="fl-e0"/>
      </object_component>
      <object_component id="oc-3a7">
         <name>.debug_info</name>
         <load_address>0x10498</load_address>
         <run_address>0x10498</run_address>
         <size>0x2c</size>
         <input_file_ref idref="fl-e0"/>
      </object_component>
      <object_component id="oc-28">
         <name>.debug_info</name>
         <load_address>0x104c4</load_address>
         <run_address>0x104c4</run_address>
         <size>0x10b</size>
         <input_file_ref idref="fl-e1"/>
      </object_component>
      <object_component id="oc-5d">
         <name>.debug_info</name>
         <load_address>0x105cf</load_address>
         <run_address>0x105cf</run_address>
         <size>0x1a9</size>
         <input_file_ref idref="fl-e1"/>
      </object_component>
      <object_component id="oc-39e">
         <name>.debug_info</name>
         <load_address>0x10778</load_address>
         <run_address>0x10778</run_address>
         <size>0x289</size>
         <input_file_ref idref="fl-e2"/>
      </object_component>
      <object_component id="oc-39b">
         <name>.debug_info</name>
         <load_address>0x10a01</load_address>
         <run_address>0x10a01</run_address>
         <size>0x10e</size>
         <input_file_ref idref="fl-e2"/>
      </object_component>
      <object_component id="oc-2da">
         <name>.debug_info</name>
         <load_address>0x10b0f</load_address>
         <run_address>0x10b0f</run_address>
         <size>0x14e</size>
         <input_file_ref idref="fl-e2"/>
      </object_component>
      <object_component id="oc-3c3">
         <name>.debug_info</name>
         <load_address>0x10c5d</load_address>
         <run_address>0x10c5d</run_address>
         <size>0x29b</size>
         <input_file_ref idref="fl-e3"/>
      </object_component>
      <object_component id="oc-3c0">
         <name>.debug_info</name>
         <load_address>0x10ef8</load_address>
         <run_address>0x10ef8</run_address>
         <size>0xfa</size>
         <input_file_ref idref="fl-e3"/>
      </object_component>
      <object_component id="oc-2fa">
         <name>.debug_info</name>
         <load_address>0x10ff2</load_address>
         <run_address>0x10ff2</run_address>
         <size>0x5d3</size>
         <input_file_ref idref="fl-e3"/>
      </object_component>
      <object_component id="oc-43f">
         <name>.debug_info</name>
         <load_address>0x115c5</load_address>
         <run_address>0x115c5</run_address>
         <size>0x28a</size>
         <input_file_ref idref="fl-e4"/>
      </object_component>
      <object_component id="oc-3b4">
         <name>.debug_info</name>
         <load_address>0x1184f</load_address>
         <run_address>0x1184f</run_address>
         <size>0x22a</size>
         <input_file_ref idref="fl-e4"/>
      </object_component>
      <object_component id="oc-3a6">
         <name>.debug_info</name>
         <load_address>0x11a79</load_address>
         <run_address>0x11a79</run_address>
         <size>0x2f8</size>
         <input_file_ref idref="fl-e5"/>
      </object_component>
      <object_component id="oc-2e0">
         <name>.debug_info</name>
         <load_address>0x11d71</load_address>
         <run_address>0x11d71</run_address>
         <size>0x225</size>
         <input_file_ref idref="fl-e5"/>
      </object_component>
      <object_component id="oc-33f">
         <name>.debug_info</name>
         <load_address>0x11f96</load_address>
         <run_address>0x11f96</run_address>
         <size>0x590</size>
         <input_file_ref idref="fl-e6"/>
      </object_component>
      <object_component id="oc-316">
         <name>.debug_info</name>
         <load_address>0x12526</load_address>
         <run_address>0x12526</run_address>
         <size>0x21e</size>
         <input_file_ref idref="fl-e6"/>
      </object_component>
      <object_component id="oc-3dd">
         <name>.debug_info</name>
         <load_address>0x12744</load_address>
         <run_address>0x12744</run_address>
         <size>0x1b3</size>
         <input_file_ref idref="fl-e6"/>
      </object_component>
      <object_component id="oc-3e3">
         <name>.debug_info</name>
         <load_address>0x128f7</load_address>
         <run_address>0x128f7</run_address>
         <size>0x21b</size>
         <input_file_ref idref="fl-e6"/>
      </object_component>
      <object_component id="oc-31c">
         <name>.debug_info</name>
         <load_address>0x12b12</load_address>
         <run_address>0x12b12</run_address>
         <size>0x3c0</size>
         <input_file_ref idref="fl-e6"/>
      </object_component>
      <object_component id="oc-3ea">
         <name>.debug_info</name>
         <load_address>0x12ed2</load_address>
         <run_address>0x12ed2</run_address>
         <size>0x30a</size>
         <input_file_ref idref="fl-e6"/>
      </object_component>
      <object_component id="oc-3f0">
         <name>.debug_info</name>
         <load_address>0x131dc</load_address>
         <run_address>0x131dc</run_address>
         <size>0x215</size>
         <input_file_ref idref="fl-e6"/>
      </object_component>
      <object_component id="oc-322">
         <name>.debug_info</name>
         <load_address>0x133f1</load_address>
         <run_address>0x133f1</run_address>
         <size>0x215</size>
         <input_file_ref idref="fl-e6"/>
      </object_component>
      <object_component id="oc-328">
         <name>.debug_info</name>
         <load_address>0x13606</load_address>
         <run_address>0x13606</run_address>
         <size>0x304</size>
         <input_file_ref idref="fl-e6"/>
      </object_component>
      <object_component id="oc-32e">
         <name>.debug_info</name>
         <load_address>0x1390a</load_address>
         <run_address>0x1390a</run_address>
         <size>0x4b5</size>
         <input_file_ref idref="fl-e6"/>
      </object_component>
      <object_component id="oc-227">
         <name>.debug_info</name>
         <load_address>0x13dbf</load_address>
         <run_address>0x13dbf</run_address>
         <size>0x5f4</size>
         <input_file_ref idref="fl-e6"/>
      </object_component>
      <object_component id="oc-340">
         <name>.debug_info</name>
         <load_address>0x143b3</load_address>
         <run_address>0x143b3</run_address>
         <size>0x86</size>
         <input_file_ref idref="fl-e6"/>
      </object_component>
      <object_component id="oc-40e">
         <name>.debug_info</name>
[...]
         <object_component_ref idref="oc-ef"/>
      </symbol>
      <symbol id="sm-2c1">
         <name>oi_uartReceive</name>
         <value>0xa31</value>
         <object_component_ref idref="oc-ef"/>
      </symbol>
      <symbol id="sm-2c2">
         <name>oi_setWheels</name>
         <value>0x88f</value>
         <object_component_ref idref="oc-ef"/>
      </symbol>
      <symbol id="sm-2c3">
         <name>oi_shutoff_init</name>
         <value>0xb51</value>
         <object_component_ref idref="oc-ef"/>
      </symbol>
      <symbol id="sm-2c4">
         <name>motor_cal_factor_L</name>
         <value>0x20000ef8</value>
         <object_component_ref idref="oc-1f3"/>
      </symbol>
      <symbol id="sm-2c5">
         <name>motor_cal_factor_R</name>
         <value>0x20000efc</value>
         <object_component_ref idref="oc-1f3"/>
      </symbol>
      <symbol id="sm-2c6">
         <name>oi_parseInt</name>
         <value>0x6257</value>
         <object_component_ref idref="oc-1ec"/>
      </symbol>
      <symbol id="sm-2c7">
         <name>oi_setMotorCalibration</name>
         <value>0xdb1</value>
         <object_component_ref idref="oc-ef"/>
      </symbol>
      <symbol id="sm-2c8">
         <name>oi_uartSendStr</name>
         <value>0xa59</value>
         <object_component_ref idref="oc-ef"/>
      </symbol>
      <symbol id="sm-2c9">
         <name>oi_close</name>
         <value>0x2c7</value>
         <object_component_ref idref="oc-ef"/>
      </symbol>
      <symbol id="sm-2ca">
         <name>oi_uartSendBuff</name>
         <value>0xa77</value>
         <object_component_ref idref="oc-ef"/>
      </symbol>
      <symbol id="sm-2cb">
         <name>oi_checkFirmware</name>
         <value>0xaa9</value>
         <object_component_ref idref="oc-ef"/>
      </symbol>
      <symbol id="sm-2cc">
         <name>oi_init_noupdate</name>
         <value>0x289</value>
         <object_component_ref idref="oc-ef"/>
      </symbol>
      <symbol id="sm-2cd">
         <name>oi_uartSendChar</name>
         <value>0xa15</value>
         <object_component_ref idref="oc-ef"/>
      </symbol>
      <symbol id="sm-2ce">
         <name>oi_alloc</name>
         <value>0x26d</value>
         <object_component_ref idref="oc-ef"/>
      </symbol>
      <symbol id="sm-2cf">
         <name>oi_getMotorCalibrationLeft</name>
         <value>0xded</value>
         <object_component_ref idref="oc-ef"/>
      </symbol>
      <symbol id="sm-2d0">
         <name>oi_loadSong</name>
         <value>0x915</value>
         <object_component_ref idref="oc-ef"/>
      </symbol>
      <symbol id="sm-2d1">
         <name>oi_play_song</name>
         <value>0x96b</value>
         <object_component_ref idref="oc-ef"/>
      </symbol>
      <symbol id="sm-2d2">
         <name>oi_parsePacket</name>
         <value>0x32b</value>
         <object_component_ref idref="oc-ef"/>
      </symbol>
      <symbol id="sm-2d3">
         <name>oi_setLeds</name>
         <value>0x84b</value>
         <object_component_ref idref="oc-ef"/>
      </symbol>
      <symbol id="sm-2d4">
         <name>oi_init</name>
         <value>0x2b1</value>
         <object_component_ref idref="oc-ef"/>
      </symbol>
      <symbol id="sm-2d5">
         <name>oi_update</name>
         <value>0x2d9</value>
         <object_component_ref idref="oc-ef"/>
      </symbol>
      <symbol id="sm-2d6">
         <name>oi_uartInit</name>
         <value>0x98d</value>
         <object_component_ref idref="oc-ef"/>
      </symbol>
      <symbol id="sm-309">
         <name>state</name>
         <value>0x20000ef4</value>
      </symbol>
      <symbol id="sm-30a">
         <name>rising_time</name>
         <value>0x20000ef0</value>
      </symbol>
      <symbol id="sm-30b">
         <name>falling_time</name>
         <value>0x20000ee8</value>
      </symbol>
      <symbol id="sm-30c">
         <name>overflow_count</name>
         <value>0x20000eec</value>
      </symbol>
      <symbol id="sm-30d">
         <name>ping_read</name>
         <value>0x43b7</value>
         <object_component_ref idref="oc-1ab"/>
      </symbol>
      <symbol id="sm-30e">
         <name>send_pulse</name>
         <value>0x43f9</value>
         <object_component_ref idref="oc-1ab"/>
      </symbol>
      <symbol id="sm-30f">
         <name>TIMER3B_Handler</name>
         <value>0x4357</value>
         <object_component_ref idref="oc-1ab"/>
      </symbol>
      <symbol id="sm-310">
         <name>ping_init</name>
         <value>0x429d</value>
         <object_component_ref idref="oc-1ab"/>
      </symbol>
      <symbol id="sm-32e">
         <name>scan_area</name>
         <value>0x4caf</value>
         <object_component_ref idref="oc-e3"/>
      </symbol>
      <symbol id="sm-32f">
         <name>scan</name>
         <value>0x4c63</value>
         <object_component_ref idref="oc-e3"/>
      </symbol>
      <symbol id="sm-330">
         <name>scan_init</name>
         <value>0x4c49</value>
         <object_component_ref idref="oc-e3"/>
      </symbol>
      <symbol id="sm-36a">
         <name>servo_move</name>
         <value>0x3bc7</value>
         <object_component_ref idref="oc-fb"/>
      </symbol>
      <symbol id="sm-36b">
         <name>servo_init</name>
         <value>0x3b15</value>
         <object_component_ref idref="oc-fb"/>
      </symbol>
      <symbol id="sm-36c">
         <name>LEFT_CAL_VAL</name>
         <value>0x20000f28</value>
         <object_component_ref idref="oc-202"/>
      </symbol>
      <symbol id="sm-36d">
         <name>servo_calibrate</name>
         <value>0x3cb7</value>
         <object_component_ref idref="oc-fb"/>
      </symbol>
      <symbol id="sm-36e">
         <name>RIGHT_CAL_VAL</name>
         <value>0x20000f2c</value>
         <object_component_ref idref="oc-202"/>
      </symbol>
      <symbol id="sm-38a">
         <name>ResetISR</name>
         <value>0x6323</value>
         <object_component_ref idref="oc-2a"/>
      </symbol>
      <symbol id="sm-38b">
         <name>g_pfnVectors</name>
         <value>0x0</value>
         <object_component_ref idref="oc-12"/>
      </symbol>
      <symbol id="sm-3bc">
         <name>uart_data</name>
         <value>0x20000ef5</value>
      </symbol>
      <symbol id="sm-3bd">
         <name>uart_flag</name>
         <value>0x20000ef6</value>
      </symbol>
      <symbol id="sm-3be">
         <name>UART1_Handler</name>
         <value>0x481f</value>
         <object_component_ref idref="oc-dd"/>
      </symbol>
      <symbol id="sm-3bf">
         <name>uart_sendChar</name>
         <value>0x4783</value>
         <object_component_ref idref="oc-dd"/>
      </symbol>
      <symbol id="sm-3c0">
         <name>uart_init</name>
         <value>0x46c9</value>
         <object_component_ref idref="oc-dd"/>
      </symbol>
      <symbol id="sm-3c1">
         <name>uart_receive</name>
         <value>0x479f</value>
         <object_component_ref idref="oc-dd"/>
      </symbol>
      <symbol id="sm-3c2">
         <name>init_char_interrupt</name>
         <value>0x47cf</value>
         <object_component_ref idref="oc-dd"/>
      </symbol>
      <symbol id="sm-3c3">
         <name>uart_sendStr</name>
         <value>0x47c5</value>
         <object_component_ref idref="oc-dd"/>
      </symbol>
      <symbol id="sm-41e">
         <name>tanl</name>
         <value>0x2015</value>
         <object_component_ref idref="oc-21c"/>
      </symbol>
      <symbol id="sm-41f">
         <name>tan</name>
         <value>0x2015</value>
         <object_component_ref idref="oc-21c"/>
      </symbol>
      <symbol id="sm-446">
         <name>sprintf</name>
         <value>0x5f79</value>
         <object_component_ref idref="oc-11d"/>
      </symbol>
      <symbol id="sm-470">
         <name>vsnprintf</name>
         <value>0x5fb9</value>
         <object_component_ref idref="oc-1c4"/>
      </symbol>
      <symbol id="sm-487">
         <name>__aeabi_dsub</name>
         <value>0x4a91</value>
         <object_component_ref idref="oc-18f"/>
      </symbol>
      <symbol id="sm-488">
         <name>__aeabi_dadd</name>
         <value>0x4a9b</value>
         <object_component_ref idref="oc-18f"/>
      </symbol>
      <symbol id="sm-4aa">
         <name>__aeabi_cdcmpeq</name>
         <value>0x5a05</value>
         <object_component_ref idref="oc-210"/>
      </symbol>
      <symbol id="sm-4ab">
         <name>__aeabi_cdcmple</name>
         <value>0x5a05</value>
         <object_component_ref idref="oc-210"/>
      </symbol>
      <symbol id="sm-4ac">
         <name>__aeabi_cdrcmple</name>
         <value>0x5a8b</value>
         <object_component_ref idref="oc-215"/>
      </symbol>
      <symbol id="sm-4c0">
         <name>__aeabi_ddiv</name>
         <value>0x4ed1</value>
         <object_component_ref idref="oc-1b6"/>
      </symbol>
      <symbol id="sm-4cb">
         <name>__aeabi_dmul</name>
         <value>0x5549</value>
         <object_component_ref idref="oc-194"/>
      </symbol>
      <symbol id="sm-4d5">
         <name>__aeabi_d2iz</name>
         <value>0x5eed</value>
         <object_component_ref idref="oc-185"/>
      </symbol>
      <symbol id="sm-4e1">
         <name>__aeabi_d2f</name>
         <value>0x5c6b</value>
         <object_component_ref idref="oc-107"/>
      </symbol>
      <symbol id="sm-4ec">
         <name>__aeabi_f2d</name>
         <value>0x6071</value>
         <object_component_ref idref="oc-118"/>
      </symbol>
      <symbol id="sm-4f6">
         <name>__aeabi_i2d</name>
         <value>0x6141</value>
         <object_component_ref idref="oc-18a"/>
      </symbol>
      <symbol id="sm-511">
         <name>memcpy</name>
         <value>0x58d3</value>
         <object_component_ref idref="oc-3e"/>
      </symbol>
      <symbol id="sm-512">
         <name>__aeabi_memcpy</name>
         <value>0x58d3</value>
         <object_component_ref idref="oc-3e"/>
      </symbol>
      <symbol id="sm-513">
         <name>__aeabi_memcpy8</name>
         <value>0x58d3</value>
         <object_component_ref idref="oc-3e"/>
      </symbol>
      <symbol id="sm-514">
         <name>__aeabi_memcpy4</name>
         <value>0x58d3</value>
         <object_component_ref idref="oc-3e"/>
      </symbol>
      <symbol id="sm-51e">
         <name>__aeabi_ui2d</name>
         <value>0x6199</value>
         <object_component_ref idref="oc-1b1"/>
      </symbol>
      <symbol id="sm-52d">
         <name>__aeabi_memset</name>
         <value>0x5b13</value>
         <object_component_ref idref="oc-96"/>
      </symbol>
      <symbol id="sm-52e">
         <name>memset</name>
         <value>0x5b19</value>
         <object_component_ref idref="oc-96"/>
      </symbol>
      <symbol id="sm-52f">
         <name>__aeabi_memset8</name>
         <value>0x5b13</value>
         <object_component_ref idref="oc-96"/>
      </symbol>
      <symbol id="sm-530">
         <name>__aeabi_memset4</name>
         <value>0x5b13</value>
         <object_component_ref idref="oc-96"/>
      </symbol>
      <symbol id="sm-531">
         <name>__aeabi_memclr8</name>
         <value>0x5b11</value>
         <object_component_ref idref="oc-96"/>
      </symbol>
      <symbol id="sm-532">
         <name>__aeabi_memclr4</name>
         <value>0x5b11</value>
         <object_component_ref idref="oc-96"/>
      </symbol>
      <symbol id="sm-533">
         <name>__aeabi_memclr</name>
         <value>0x5b11</value>
         <object_component_ref idref="oc-96"/>
      </symbol>
      <symbol id="sm-54c">
         <name>__TI_zero_init_nomemset</name>
         <value>0x61b9</value>
         <object_component_ref idref="oc-4a"/>
      </symbol>
      <symbol id="sm-563">
         <name>__TI_decompress_none</name>
         <value>0x6309</value>
         <object_component_ref idref="oc-1b"/>
      </symbol>
      <symbol id="sm-586">
         <name>__TI_decompress_lzss</name>
         <value>0x5cd9</value>
         <object_component_ref idref="oc-15"/>
      </symbol>
      <symbol id="sm-593">
         <name>atof</name>
         <value>0x62c5</value>
         <object_component_ref idref="oc-101"/>
      </symbol>
      <symbol id="sm-628">
         <name>_sys_memory</name>
         <value>0x20000a70</value>
         <object_component_ref idref="oc-24"/>
      </symbol>
      <symbol id="sm-629">
         <name>free</name>
         <value>0x573d</value>
         <object_component_ref idref="oc-1e6"/>
      </symbol>
      <symbol id="sm-62a">
         <name>memalign</name>
         <value>0x5349</value>
         <object_component_ref idref="oc-38e"/>
      </symbol>
      <symbol id="sm-62b">
         <name>calloc</name>
         <value>0x6039</value>
         <object_component_ref idref="oc-1e0"/>
      </symbol>
      <symbol id="sm-62c">
         <name>malloc</name>
         <value>0x6341</value>
         <object_component_ref idref="oc-2b8"/>
      </symbol>
      <symbol id="sm-62d">
         <name>aligned_alloc</name>
         <value>0x5349</value>
         <object_component_ref idref="oc-38e"/>
      </symbol>
      <symbol id="sm-63c">
         <name>strcmp</name>
         <value>0x626f</value>
         <object_component_ref idref="oc-1ca"/>
      </symbol>
      <symbol id="sm-64a">
         <name>strcpy</name>
         <value>0x629d</value>
         <object_component_ref idref="oc-1d0"/>
      </symbol>
      <symbol id="sm-6aa">
         <name>strtold</name>
         <value>0x251d</value>
         <object_component_ref idref="oc-207"/>
      </symbol>
      <symbol id="sm-6ab">
         <name>strtod</name>
         <value>0x251d</value>
         <object_component_ref idref="oc-207"/>
      </symbol>
      <symbol id="sm-71b">
         <name>__kernel_rem_pio2</name>
         <value>0x18dd</value>
         <object_component_ref idref="oc-2f3"/>
      </symbol>
      <symbol id="sm-72e">
         <name>__stack</name>
         <value>0x20000270</value>
         <object_component_ref idref="oc-27"/>
      </symbol>
      <symbol id="sm-72f">
         <name>_c_int00_noargs</name>
         <value>0x60dd</value>
         <object_component_ref idref="oc-5c"/>
      </symbol>
      <symbol id="sm-745">
         <name>__aeabi_errno_addr</name>
         <value>0x6339</value>
         <object_component_ref idref="oc-2d8"/>
      </symbol>
      <symbol id="sm-746">
         <name>errno</name>
         <value>0x20000f30</value>
         <object_component_ref idref="oc-39a"/>
      </symbol>
      <symbol id="sm-765">
         <name>__kernel_tan</name>
         <value>0x34f1</value>
         <object_component_ref idref="oc-2f9"/>
      </symbol>
      <symbol id="sm-782">
         <name>floorl</name>
         <value>0x5645</value>
         <object_component_ref idref="oc-3b3"/>
      </symbol>
      <symbol id="sm-783">
         <name>floor</name>
         <value>0x5645</value>
         <object_component_ref idref="oc-3b3"/>
      </symbol>
      <symbol id="sm-7a0">
         <name>scalbn</name>
         <value>0x512d</value>
         <object_component_ref idref="oc-2de"/>
      </symbol>
      <symbol id="sm-7a1">
         <name>scalbnl</name>
         <value>0x512d</value>
         <object_component_ref idref="oc-2de"/>
      </symbol>
      <symbol id="sm-7a2">
         <name>ldexpl</name>
         <value>0x512d</value>
         <object_component_ref idref="oc-2de"/>
      </symbol>
      <symbol id="sm-7a3">
         <name>ldexp</name>
         <value>0x512d</value>
         <object_component_ref idref="oc-2de"/>
      </symbol>
      <symbol id="sm-908">
         <name>__TI_printfi</name>
         <value>0xe8d</value>
         <object_component_ref idref="oc-225"/>
      </symbol>
      <symbol id="sm-915">
         <name>__aeabi_uldivmod</name>
         <value>0x596f</value>
         <object_component_ref idref="oc-3cf"/>
      </symbol>
      <symbol id="sm-93d">
         <name>__TI_auto_init_nobinit_nopinit</name>
         <value>0x5f35</value>
         <object_component_ref idref="oc-146"/>
      </symbol>
      <symbol id="sm-947">
         <name>_system_pre_init</name>
         <value>0x6349</value>
         <object_component_ref idref="oc-9c"/>
      </symbol>
      <symbol id="sm-953">
         <name>C$$EXIT</name>
         <value>0x634d</value>
         <object_component_ref idref="oc-13a"/>
      </symbol>
      <symbol id="sm-954">
         <name>abort</name>
         <value>0x634d</value>
         <object_component_ref idref="oc-13a"/>
      </symbol>
      <symbol id="sm-969">
         <name>_nop</name>
         <value>0x18db</value>
         <object_component_ref idref="oc-352"/>
      </symbol>
      <symbol id="sm-96a">
         <name>_lock</name>
         <value>0x20000f18</value>
         <object_component_ref idref="oc-251"/>
      </symbol>
      <symbol id="sm-96b">
         <name>_unlock</name>
         <value>0x20000f1c</value>
         <object_component_ref idref="oc-251"/>
      </symbol>
      <symbol id="sm-97a">
         <name>__TI_ltoa</name>
         <value>0x5dfb</value>
         <object_component_ref idref="oc-3d5"/>
      </symbol>
      <symbol id="sm-991">
         <name>atoi</name>
         <value>0x5ea1</value>
         <object_component_ref idref="oc-30e"/>
      </symbol>
      <symbol id="sm-99c">
         <name>_ctypes_</name>
         <value>0x64a8</value>
         <object_component_ref idref="oc-2e4"/>
      </symbol>
      <symbol id="sm-9ac">
         <name>memccpy</name>
         <value>0x61f1</value>
         <object_component_ref idref="oc-332"/>
      </symbol>
      <symbol id="sm-9bc">
         <name>strchr</name>
         <value>0x6287</value>
         <object_component_ref idref="oc-3fc"/>
      </symbol>
      <symbol id="sm-9ca">
         <name>strlen</name>
         <value>0x62b1</value>
         <object_component_ref idref="oc-308"/>
      </symbol>
      <symbol id="sm-9e3">
         <name>wcslen</name>
         <value>0x62d7</value>
         <object_component_ref idref="oc-338"/>
      </symbol>
      <symbol id="sm-9ed">
         <name>copysign</name>
         <value>0x620d</value>
         <object_component_ref idref="oc-39f"/>
      </symbol>
      <symbol id="sm-9ee">
         <name>copysignl</name>
         <value>0x620d</value>
         <object_component_ref idref="oc-39f"/>
      </symbol>
      <symbol id="sm-a04">
         <name>frexpl</name>
         <value>0x5d41</value>
         <object_component_ref idref="oc-3f6"/>
      </symbol>
      <symbol id="sm-a05">
         <name>frexp</name>
         <value>0x5d41</value>
         <object_component_ref idref="oc-3f6"/>
      </symbol>
      <symbol id="sm-a0f">
         <name>__aeabi_idiv0</name>
         <value>0x4c47</value>
         <object_component_ref idref="oc-44c"/>
      </symbol>
      <symbol id="sm-a10">
         <name>__aeabi_ldiv0</name>
         <value>0x4c47</value>
         <object_component_ref idref="oc-44c"/>
      </symbol>
      <symbol id="sm-a3f">
         <name>IntRegister</name>
         <value>0x60a9</value>
         <object_component_ref idref="oc-17a"/>
      </symbol>
      <symbol id="sm-a40">
         <name>g_pfnRAMVectors</name>
         <value>0x20000000</value>
         <object_component_ref idref="oc-26d"/>
      </symbol>
      <symbol id="sm-a41">
         <name>IntMasterEnable</name>
         <value>0x62e9</value>
         <object_component_ref idref="oc-199"/>
      </symbol>
      <symbol id="sm-a4b">
         <name>CPUcpsie</name>
         <value>0x6317</value>
         <object_component_ref idref="oc-27d"/>
      </symbol>
      <symbol id="sm-a4c">
         <name>__TI_static_base__</name>
         <value>0x0</value>
      </symbol>
      <symbol id="sm-a4f">
         <name>__mpu_init</name>
         <value>0x0</value>
      </symbol>
      <symbol id="sm-a50">
         <name>_system_post_cinit</name>
         <value>0x0</value>
      </symbol>
   </symbol_table>
   <title>Link successful</title>
</link_info>
