******************************************************************************
                  TI ARM Linker PC v20.2.7                     
******************************************************************************
>> Linked Fri Feb 28 22:42:19 2025

OUTPUT FILE NAME:   <final.out>
ENTRY POINT SYMBOL: "_c_int00_noargs"  address: 000060dd


MEMORY CONFIGURATION

         name            origin    length      used     unused   attr    fill
----------------------  --------  ---------  --------  --------  ----  --------
  FLASH                 00000000   00040000  00006781  0003987f  R  X
  SRAM                  20000000   00008000  00000f31  000070cf  RW X


SEGMENT ALLOCATION MAP

run origin  load origin   length   init length attrs members
----------  ----------- ---------- ----------- ----- -------
00000000    00000000    00006788   00006788    r-x
  00000000    00000000    0000026c   0000026c    r-- .intvecs
  0000026c    0000026c    000060e4   000060e4    r-x .text
  00006350    00006350    000003d9   000003d9    r-- .const
  00006730    00006730    00000058   00000058    r-- .cinit
20000000    20000000    00000f36   00000000    rw-
  20000000    20000000    0000026c   00000000    rw- .vtable
  20000270    20000270    00000800   00000000    rw- .stack
  20000a70    20000a70    00000400   00000000    rw- .sysmem
  20000e70    20000e70    00000087   00000000    rw- .bss
  20000ef8    20000ef8    0000003e   00000000    rw- .data


SECTION ALLOCATION MAP

 output                                  attributes/
section   page    origin      length       input sections
--------  ----  ----------  ----------   ----------------
.intvecs   0    00000000    0000026c     
                  00000000    0000026c     tm4c123gh6pz_startup_ccs.obj (.intvecs)

.text      0    0000026c    000060e4     
                  0000026c    00000c20     open_interface.obj (.text)
                  00000e8c    00000a4e     rtsv7M4_T_le_v4SPD16_eabi.lib : _printfi.c.obj (.text:__TI_printfi)
                  000018da    00000002                                   : _lock.c.obj (.text:_nop)
                  000018dc    00000738                                   : k_rem_pio2.c.obj (.text:__kernel_rem_pio2)
                  00002014    00000508                                   : s_tan.c.obj (.text:tan)
                  0000251c    00000460                                   : strtod.c.obj (.text:strtod)
                  0000297c    00000444     movement.obj (.text)
                  00002dc0    00000408     dataClean.obj (.text)
                  000031c8    00000328     lcd.obj (.text)
                  000034f0    0000031c     rtsv7M4_T_le_v4SPD16_eabi.lib : k_tan.c.obj (.text:__kernel_tan)
                  0000380c    00000308     finalProgram.obj (.text)
                  00003b14    000002d0     servo.obj (.text)
                  00003de4    00000270     rtsv7M4_T_le_v4SPD16_eabi.lib : _printfi.c.obj (.text:_pconv_a)
                  00004054    00000248     Timer.obj (.text)
                  0000429c    00000234     ping.obj (.text)
                  000044d0    000001f8     comms.obj (.text)
                  000046c8    000001f8     uart.obj (.text)
                  000048c0    000001d0     rtsv7M4_T_le_v4SPD16_eabi.lib : _printfi.c.obj (.text:_pconv_g)
                  00004a90    000001b6                                   : fd_add_t2.asm.obj (.text)
                  00004c46    00000002                                   : div0.asm.obj (.text)
                  00004c48    0000014c     scan.obj (.text)
                  00004d94    0000013c     rtsv7M4_T_le_v4SPD16_eabi.lib : _printfi.c.obj (.text:_pconv_e)
                  00004ed0    00000136                                   : fd_div_t2.asm.obj (.text)
                  00005006    00000002     --HOLE-- [fill = 0]
                  00005008    00000124                                   : _printfi.c.obj (.text:fcvt)
                  0000512c    00000110                                   : s_scalbn.c.obj (.text:scalbn)
                  0000523c    0000010c     adc.obj (.text)
                  00005348    00000100     rtsv7M4_T_le_v4SPD16_eabi.lib : memory.c.obj (.text:aligned_alloc)
                  00005448    00000100     button.obj (.text)
                  00005548    000000fc     rtsv7M4_T_le_v4SPD16_eabi.lib : fd_mul_t2.asm.obj (.text)
                  00005644    000000f8                                   : s_floor.c.obj (.text:floor)
                  0000573c    000000e4                                   : memory.c.obj (.text:free)
                  00005820    000000b1                                   : _printfi.c.obj (.text:_ltostr)
                  000058d1    00000001     --HOLE-- [fill = 0]
                  000058d2    0000009c                                   : memcpy_t2.asm.obj (.text)
                  0000596e    00000096                                   : ull_div_t2.asm.obj (.text)
                  00005a04    00000086                                   : fd_cmp_t2.asm.obj (.text:__aeabi_cdcmple)
                  00005a8a    00000086                                   : fd_cmp_t2.asm.obj (.text:__aeabi_cdrcmple)
                  00005b10    0000007a                                   : memset_t2.asm.obj (.text)
                  00005b8a    00000002     --HOLE-- [fill = 0]
                  00005b8c    00000070                                   : memory.c.obj (.text:split)
                  00005bfc    0000006e                                   : _printfi.c.obj (.text:_mcpy)
                  00005c6a    0000006e                                   : fd_tos_t2.asm.obj (.text)
                  00005cd8    00000068                                   : copy_decompress_lzss.c.obj (.text:decompress:lzss:__TI_decompress_lzss)
                  00005d40    00000064                                   : s_frexp.c.obj (.text:frexp)
                  00005da4    00000056                                   : _printfi.c.obj (.text:_pconv_f)
                  00005dfa    00000054                                   : _ltoa.c.obj (.text:__TI_ltoa)
                  00005e4e    00000052                                   : _printfi.c.obj (.text:_ecpy)
                  00005ea0    0000004c                                   : atoi.c.obj (.text:atoi)
                  00005eec    00000048                                   : fd_toi_t2.asm.obj (.text)
                  00005f34    00000044                                   : autoinit.c.obj (.text:__TI_auto_init_nobinit_nopinit:__TI_auto_init_nobinit_nopinit)
                  00005f78    00000040                                   : sprintf.c.obj (.text:sprintf)
                  00005fb8    00000040                                   : vsnprintf.c.obj (.text:vsnprintf)
                  00005ff8    0000003e                                   : _printfi.c.obj (.text:_fcpy)
                  00006036    00000002     --HOLE-- [fill = 0]
                  00006038    00000038                                   : memory.c.obj (.text:calloc)
                  00006070    00000038                                   : fs_tod_t2.asm.obj (.text)
                  000060a8    00000034     driverlib.lib : interrupt.obj (.text:IntRegister)
                  000060dc    00000034     rtsv7M4_T_le_v4SPD16_eabi.lib : boot_cortex_m.c.obj (.text:_c_int00_noargs:_c_int00_noargs)
                  00006110    00000030                                   : vsnprintf.c.obj (.text:_outs)
                  00006140    0000002e                                   : i_tofd_t2.asm.obj (.text)
                  0000616e    00000002     --HOLE-- [fill = 0]
                  00006170    00000028                                   : memory.c.obj (.text:free_list_insert)
                  00006198    00000020                                   : u_tofd_t2.asm.obj (.text)
                  000061b8    0000001c                                   : copy_zero_init.c.obj (.text:decompress:ZI:__TI_zero_init_nomemset:__TI_zero_init_nomemset)
                  000061d4    0000001c                                   : memory.c.obj (.text:free_list_remove)
                  000061f0    0000001c                                   : memccpy.c.obj (.text:memccpy)
                  0000620c    0000001a                                   : s_copysign.c.obj (.text:copysign)
                  00006226    00000018                                   : vsnprintf.c.obj (.text:_outc)
                  0000623e    00000018                                   : sprintf.c.obj (.text:_outs)
                  00006256    00000018     open_interface.obj (.text:oi_parseInt)
                  0000626e    00000018     rtsv7M4_T_le_v4SPD16_eabi.lib : strcmp.c.obj (.text:strcmp)
                  00006286    00000016                                   : strchr.c.obj (.text:strchr)
                  0000629c    00000014                                   : strcpy.c.obj (.text:strcpy)
                  000062b0    00000014                                   : strlen.c.obj (.text:strlen)
                  000062c4    00000012                                   : atof.c.obj (.text:atof)
                  000062d6    00000012                                   : wcslen.c.obj (.text:wcslen)
                  000062e8    00000010     driverlib.lib : interrupt.obj (.text:IntMasterEnable)
                  000062f8    00000010     lcd.obj (.text:lcd_clear)
                  00006308    0000000e     rtsv7M4_T_le_v4SPD16_eabi.lib : copy_decompress_none.c.obj (.text:decompress:none:__TI_decompress_none)
                  00006316    0000000c     driverlib.lib : cpu.obj (.text:CPUcpsie)
                  00006322    0000000c     tm4c123gh6pz_startup_ccs.obj (.text)
                  0000632e    0000000a     rtsv7M4_T_le_v4SPD16_eabi.lib : sprintf.c.obj (.text:_outc)
                  00006338    00000008                                   : errno.c.obj (.text:__aeabi_errno_addr)
                  00006340    00000008                                   : memory.c.obj (.text:malloc)
                  00006348    00000004                                   : pre_init.c.obj (.text:_system_pre_init)
                  0000634c    00000004                                   : exit.c.obj (.text:abort:abort)

.const     0    00006350    000003d9     
                  00006350    00000158     rtsv7M4_T_le_v4SPD16_eabi.lib : k_rem_pio2.c.obj (.const:$O1$$)
                  000064a8    00000101                                   : ctype.c.obj (.const:.string:_ctypes_)
                  000065a9    00000004     lcd.obj (.const:.string:lineAddress$1)
                  000065ad    00000003     --HOLE-- [fill = 0]
                  000065b0    000000c8     rtsv7M4_T_le_v4SPD16_eabi.lib : strtod.c.obj (.const:$O1$$)
                  00006678    00000080                                   : k_tan.c.obj (.const:xxx)
                  000066f8    0000000f     finalProgram.obj (.const:.string:$P$T0$1)
                  00006707    0000000f     open_interface.obj (.const:.string:$P$T0$3)
                  00006716    0000000f     finalProgram.obj (.const:.string:$P$T1$2)
                  00006725    00000004     lcd.obj (.const:.string:lineAddresses$2)

.cinit     0    00006730    00000058     
                  00006730    00000021     (.cinit..data.load) [load image, compression = lzss]
                  00006751    00000003     --HOLE-- [fill = 0]
                  00006754    0000000c     (__TI_handler_table)
                  00006760    00000008     (.cinit..bss.load) [load image, compression = zero_init]
                  00006768    00000008     (.cinit..vtable.load) [load image, compression = zero_init]
                  00006770    00000018     (__TI_cinit_table)

.init_array 
*          0    00000000    00000000     UNINITIALIZED

.vtable    0    20000000    0000026c     UNINITIALIZED
                  20000000    0000026c     driverlib.lib : interrupt.obj (.vtable)

.stack     0    20000270    00000800     UNINITIALIZED
                  20000270    00000004     rtsv7M4_T_le_v4SPD16_eabi.lib : boot_cortex_m.c.obj (.stack)
                  20000274    000007fc     --HOLE--

.sysmem    0    20000a70    00000400     UNINITIALIZED
                  20000a70    00000010     rtsv7M4_T_le_v4SPD16_eabi.lib : memory.c.obj (.sysmem)
                  20000a80    000003f0     --HOLE--

.bss       0    20000e70    00000087     UNINITIALIZED
                  20000e70    00000054     lcd.obj (.bss:lastbuffer$3)
                  20000ec4    00000018     open_interface.obj (.bss:firmware$2)
                  20000edc    00000004     (.common:_timeout_ticks)
                  20000ee0    00000004     (.common:button_event)
                  20000ee4    00000004     (.common:button_num)
                  20000ee8    00000004     (.common:falling_time)
                  20000eec    00000004     (.common:overflow_count)
                  20000ef0    00000004     (.common:rising_time)
                  20000ef4    00000001     (.common:state)
                  20000ef5    00000001     (.common:uart_data)
                  20000ef6    00000001     (.common:uart_flag)

.data      0    20000ef8    0000003e     UNINITIALIZED
                  20000ef8    00000020     open_interface.obj (.data)
                  20000f18    00000008     rtsv7M4_T_le_v4SPD16_eabi.lib : _lock.c.obj (.data:$O1$$)
                  20000f20    00000008                                   : memory.c.obj (.data:$O1$$)
                  20000f28    00000008     servo.obj (.data)
                  20000f30    00000004     rtsv7M4_T_le_v4SPD16_eabi.lib : errno.c.obj (.data)
                  20000f34    00000001     Timer.obj (.data)
                  20000f35    00000001     button.obj (.data)

__llvm_prf_cnts 
*          0    20000000    00000000     UNINITIALIZED

MODULE SUMMARY

       Module                         code    ro data   rw data
       ------                         ----    -------   -------
    .\
       open_interface.obj             3128    15        56     
       movement.obj                   1092    0         0      
       dataClean.obj                  1032    0         0      
       lcd.obj                        824     8         84     
       finalProgram.obj               776     30        0      
       servo.obj                      720     0         8      
       tm4c123gh6pz_startup_ccs.obj   12      620       0      
       Timer.obj                      584     0         5      
       ping.obj                       564     0         13     
       uart.obj                       504     0         2      
       comms.obj                      504     0         0      
       scan.obj                       332     0         0      
       adc.obj                        268     0         0      
       button.obj                     256     0         9      
    +--+------------------------------+-------+---------+---------+
       Total:                         10596   673       177    
                                                               
    C:/ti/TivaWare_C_Series-2.2.0.295/driverlib/ccs/Debug/driverlib.lib
       interrupt.obj                  68      0         620    
       cpu.obj                        12      0         0      
    +--+------------------------------+-------+---------+---------+
       Total:                         80      0         620    
                                                               
    C:\ti\ccs1271\ccs\tools\compiler\ti-cgt-arm_20.2.7.LTS\lib\rtsv7M4_T_le_v4SPD16_eabi.lib
       _printfi.c.obj                 4851    0         0      
       k_rem_pio2.c.obj               1848    344       0      
       strtod.c.obj                   1120    200       0      
       s_tan.c.obj                    1288    0         0      
       k_tan.c.obj                    796     128       0      
       memory.c.obj                   728     0         8      
       fd_add_t2.asm.obj              438     0         0      
       fd_div_t2.asm.obj              310     0         0      
       s_scalbn.c.obj                 272     0         0      
       fd_cmp_t2.asm.obj              268     0         0      
       ctype.c.obj                    0       257       0      
       fd_mul_t2.asm.obj              252     0         0      
       s_floor.c.obj                  248     0         0      
       memcpy_t2.asm.obj              156     0         0      
       ull_div_t2.asm.obj             150     0         0      
       vsnprintf.c.obj                136     0         0      
       memset_t2.asm.obj              122     0         0      
       fd_tos_t2.asm.obj              110     0         0      
       copy_decompress_lzss.c.obj     104     0         0      
       s_frexp.c.obj                  100     0         0      
       sprintf.c.obj                  98      0         0      
       _ltoa.c.obj                    84      0         0      
       atoi.c.obj                     76      0         0      
       fd_toi_t2.asm.obj              72      0         0      
       autoinit.c.obj                 68      0         0      
       fs_tod_t2.asm.obj              56      0         0      
       boot_cortex_m.c.obj            52      0         0      
       i_tofd_t2.asm.obj              46      0         0      
       u_tofd_t2.asm.obj              32      0         0      
       copy_zero_init.c.obj           28      0         0      
       memccpy.c.obj                  28      0         0      
       s_copysign.c.obj               26      0         0      
       strcmp.c.obj                   24      0         0      
       strchr.c.obj                   22      0         0      
       strcpy.c.obj                   20      0         0      
       strlen.c.obj                   20      0         0      
       atof.c.obj                     18      0         0      
       wcslen.c.obj                   18      0         0      
       copy_decompress_none.c.obj     14      0         0      
       errno.c.obj                    8       0         4      
       _lock.c.obj                    2       0         8      
       exit.c.obj                     4       0         0      
       pre_init.c.obj                 4       0         0      
       div0.asm.obj                   2       0         0      
    +--+------------------------------+-------+---------+---------+
       Total:                         14119   929       20     
                                                               
       Heap:                          0       0         1024   
       Stack:                         0       0         2048   
       Linker Generated:              0       85        0      
    +--+------------------------------+-------+---------+---------+
       Grand Total:                   24795   1687      3889   


LINKER GENERATED COPY TABLES

__TI_cinit_table @ 00006770 records: 3, size/record: 8, table size: 24
	.data: load addr=00006730, load size=00000021 bytes, run addr=20000ef8, run size=0000003e bytes, compression=lzss
	.bss: load addr=00006760, load size=00000008 bytes, run addr=20000e70, run size=00000087 bytes, compression=zero_init
	.vtable: load addr=00006768, load size=00000008 bytes, run addr=20000000, run size=0000026c bytes, compression=zero_init


LINKER GENERATED HANDLER TABLE

__TI_handler_table @ 00006754 records: 3, size/record: 4, table size: 12
	index: 0, handler: __TI_zero_init
	index: 1, handler: __TI_decompress_lzss
	index: 2, handler: __TI_decompress_none


GLOBAL SYMBOLS: SORTED ALPHABETICALLY BY Name 

address   name                          
-------   ----                          
0000634d  C$$EXIT                       
00006317  CPUcpsie                      
00000bc3  GPIOF_Handler                 
000062e9  IntMasterEnable               
000060a9  IntRegister                   
20000f28  LEFT_CAL_VAL                  
20000f2c  RIGHT_CAL_VAL                 
00006323  ResetISR                      
00004357  TIMER3B_Handler               
0000481f  UART1_Handler                 
20000a70  __STACK_END                   
00000800  __STACK_SIZE                  
20000470  __STACK_TOP                   
00000400  __SYSMEM_SIZE                 
00006770  __TI_CINIT_Base               
00006788  __TI_CINIT_Limit              
00006754  __TI_Handler_Table_Base       
00006760  __TI_Handler_Table_Limit      
00005f35  __TI_auto_init_nobinit_nopinit
00005cd9  __TI_decompress_lzss          
00006309  __TI_decompress_none          
00005dfb  __TI_ltoa                     
ffffffff  __TI_pprof_out_hndl           
00000e8d  __TI_printfi                  
ffffffff  __TI_prof_data_size           
ffffffff  __TI_prof_data_start          
00000000  __TI_static_base__            
000061b9  __TI_zero_init_nomemset       
00005a05  __aeabi_cdcmpeq               
00005a05  __aeabi_cdcmple               
00005a8b  __aeabi_cdrcmple              
00005c6b  __aeabi_d2f                   
00005eed  __aeabi_d2iz                  
00004a9b  __aeabi_dadd                  
00004ed1  __aeabi_ddiv                  
00005549  __aeabi_dmul                  
00004a91  __aeabi_dsub                  
00006339  __aeabi_errno_addr            
00006071  __aeabi_f2d                   
00006141  __aeabi_i2d                   
00004c47  __aeabi_idiv0                 
00004c47  __aeabi_ldiv0                 
00005b11  __aeabi_memclr                
00005b11  __aeabi_memclr4               
00005b11  __aeabi_memclr8               
000058d3  __aeabi_memcpy                
000058d3  __aeabi_memcpy4               
000058d3  __aeabi_memcpy8               
00005b13  __aeabi_memset                
00005b13  __aeabi_memset4               
00005b13  __aeabi_memset8               
00006199  __aeabi_ui2d                  
0000596f  __aeabi_uldivmod              
ffffffff  __binit__                     
ffffffff  __c_args__                    
000018dd  __kernel_rem_pio2             
000034f1  __kernel_tan                  
UNDEFED   __mpu_init                    
20000270  __stack                       
20000000  __start___llvm_prf_cnts       
20000000  __stop___llvm_prf_cnts        
000060dd  _c_int00_noargs               
000064a8  _ctypes_                      
20000f18  _lock                         
000018db  _nop                          
20000f34  _running                      
20000a70  _sys_memory                   
UNDEFED   _system_post_cinit            
00006349  _system_pre_init              
20000edc  _timeout_ticks                
20000f1c  _unlock                       
0000634d  abort                         
0000523d  adc_init                      
000052dd  adc_read                      
00005349  aligned_alloc                 
000062c5  atof                          
00005ea1  atoi                          
ffffffff  binit                         
20000ee0  button_event                  
0000547d  button_getButton              
00005449  button_init                   
20000ee4  button_num                    
00006039  calloc                        
00002dc1  cleanData                     
0000620d  copysign                      
0000620d  copysignl                     
20000f30  errno                         
20000ee8  falling_time                  
00005645  floor                         
00005645  floorl                        
0000573d  free                          
00005d41  frexp                         
00005d41  frexpl                        
20000000  g_pfnRAMVectors               
00000000  g_pfnVectors                  
0000097f  go_charge                     
000054f9  gpioe_handler                 
000054b1  init_button_interrupts        
000047cf  init_char_interrupt           
000062f9  lcd_clear                     
0000339d  lcd_gotoLine                  
00003205  lcd_init                      
00003403  lcd_printf                    
000032c5  lcd_putc                      
000032fd  lcd_puts                      
000031c9  lcd_reverseNibble             
0000331b  lcd_sendCommand               
00003359  lcd_sendNibble                
000033c5  lcd_setCursorPos              
0000512d  ldexp                         
0000512d  ldexpl                        
0000380d  main                          
00006341  malloc                        
00005349  memalign                      
000061f1  memccpy                       
000058d3  memcpy                        
00005b19  memset                        
20000ef8  motor_cal_factor_L            
20000efc  motor_cal_factor_R            
00002bbd  move_backwards                
0000297d  move_forward                  
00002f6d  objectDetection               
0000026d  oi_alloc                      
00000aa9  oi_checkFirmware              
000002c7  oi_close                      
00000279  oi_free                       
00000ded  oi_getMotorCalibrationLeft    
00000e01  oi_getMotorCalibrationRight   
000002b1  oi_init                       
00000289  oi_init_noupdate              
00000915  oi_loadSong                   
00006257  oi_parseInt                   
0000032b  oi_parsePacket                
0000096b  oi_play_song                  
0000084b  oi_setLeds                    
00000db1  oi_setMotorCalibration        
0000088f  oi_setWheels                  
00000b51  oi_shutoff_init               
0000098d  oi_uartInit                   
00000a31  oi_uartReceive                
00000a77  oi_uartSendBuff               
00000a15  oi_uartSendChar               
00000a59  oi_uartSendStr                
000002d9  oi_update                     
20000eec  overflow_count                
0000429d  ping_init                     
000043b7  ping_read                     
000044ef  printGraphicalView            
20000ef0  rising_time                   
0000512d  scalbn                        
0000512d  scalbnl                       
00004c63  scan                          
00004caf  scan_area                     
00004c49  scan_init                     
000044d1  send_message                  
000043f9  send_pulse                    
00003cb7  servo_calibrate               
00003b15  servo_init                    
00003bc7  servo_move                    
00005f79  sprintf                       
20000ef4  state                         
00006287  strchr                        
0000626f  strcmp                        
0000629d  strcpy                        
000062b1  strlen                        
0000251d  strtod                        
0000251d  strtold                       
00002015  tan                           
00002015  tanl                          
00004173  timer_getMicros               
0000411b  timer_getMillis               
00004055  timer_init                    
000040f7  timer_pause                   
00004109  timer_resume                  
000040cd  timer_stop                    
000041cd  timer_waitMicros              
000041ff  timer_waitMillis              
00002cdb  turn_clockwise                
00002c2f  turn_counterclock             
20000ef5  uart_data                     
20000ef6  uart_flag                     
000046c9  uart_init                     
0000479f  uart_receive                  
00004783  uart_sendChar                 
000047c5  uart_sendStr                  
00005fb9  vsnprintf                     
000062d7  wcslen                        


GLOBAL SYMBOLS: SORTED BY Symbol Address 

address   name                          
-------   ----                          
00000000  __TI_static_base__            
00000000  g_pfnVectors                  
0000026d  oi_alloc                      
00000279  oi_free                       
00000289  oi_init_noupdate              
000002b1  oi_init                       
000002c7  oi_close                      
000002d9  oi_update                     
0000032b  oi_parsePacket                
00000400  __SYSMEM_SIZE                 
00000800  __STACK_SIZE                  
0000084b  oi_setLeds                    
0000088f  oi_setWheels                  
00000915  oi_loadSong                   
0000096b  oi_play_song                  
0000097f  go_charge                     
0000098d  oi_uartInit                   
00000a15  oi_uartSendChar               
00000a31  oi_uartReceive                
00000a59  oi_uartSendStr                
00000a77  oi_uartSendBuff               
00000aa9  oi_checkFirmware              
00000b51  oi_shutoff_init               
00000bc3  GPIOF_Handler                 
00000db1  oi_setMotorCalibration        
00000ded  oi_getMotorCalibrationLeft    
00000e01  oi_getMotorCalibrationRight   
00000e8d  __TI_printfi                  
000018db  _nop                          
000018dd  __kernel_rem_pio2             
00002015  tan                           
00002015  tanl                          
0000251d  strtod                        
0000251d  strtold                       
0000297d  move_forward                  
00002bbd  move_backwards                
00002c2f  turn_counterclock             
00002cdb  turn_clockwise                
00002dc1  cleanData                     
00002f6d  objectDetection               
000031c9  lcd_reverseNibble             
00003205  lcd_init                      
000032c5  lcd_putc                      
000032fd  lcd_puts                      
0000331b  lcd_sendCommand               
00003359  lcd_sendNibble                
0000339d  lcd_gotoLine                  
000033c5  lcd_setCursorPos              
00003403  lcd_printf                    
000034f1  __kernel_tan                  
0000380d  main                          
00003b15  servo_init                    
00003bc7  servo_move                    
00003cb7  servo_calibrate               
00004055  timer_init                    
000040cd  timer_stop                    
000040f7  timer_pause                   
00004109  timer_resume                  
0000411b  timer_getMillis               
00004173  timer_getMicros               
000041cd  timer_waitMicros              
000041ff  timer_waitMillis              
0000429d  ping_init                     
00004357  TIMER3B_Handler               
000043b7  ping_read                     
000043f9  send_pulse                    
000044d1  send_message                  
000044ef  printGraphicalView            
000046c9  uart_init                     
00004783  uart_sendChar                 
0000479f  uart_receive                  
000047c5  uart_sendStr                  
000047cf  init_char_interrupt           
0000481f  UART1_Handler                 
00004a91  __aeabi_dsub                  
00004a9b  __aeabi_dadd                  
00004c47  __aeabi_idiv0                 
00004c47  __aeabi_ldiv0                 
00004c49  scan_init                     
00004c63  scan                          
00004caf  scan_area                     
00004ed1  __aeabi_ddiv                  
0000512d  ldexp                         
0000512d  ldexpl                        
0000512d  scalbn                        
0000512d  scalbnl                       
0000523d  adc_init                      
000052dd  adc_read                      
00005349  aligned_alloc                 
00005349  memalign                      
00005449  button_init                   
0000547d  button_getButton              
000054b1  init_button_interrupts        
000054f9  gpioe_handler                 
00005549  __aeabi_dmul                  
00005645  floor                         
00005645  floorl                        
0000573d  free                          
000058d3  __aeabi_memcpy                
000058d3  __aeabi_memcpy4               
000058d3  __aeabi_memcpy8               
000058d3  memcpy                        
0000596f  __aeabi_uldivmod              
00005a05  __aeabi_cdcmpeq               
00005a05  __aeabi_cdcmple               
00005a8b  __aeabi_cdrcmple              
00005b11  __aeabi_memclr                
00005b11  __aeabi_memclr4               
00005b11  __aeabi_memclr8               
00005b13  __aeabi_memset                
00005b13  __aeabi_memset4               
00005b13  __aeabi_memset8               
00005b19  memset                        
00005c6b  __aeabi_d2f                   
00005cd9  __TI_decompress_lzss          
00005d41  frexp                         
00005d41  frexpl                        
00005dfb  __TI_ltoa                     
00005ea1  atoi                          
00005eed  __aeabi_d2iz                  
00005f35  __TI_auto_init_nobinit_nopinit
00005f79  sprintf                       
00005fb9  vsnprintf                     
00006039  calloc                        
00006071  __aeabi_f2d                   
000060a9  IntRegister                   
000060dd  _c_int00_noargs               
00006141  __aeabi_i2d                   
00006199  __aeabi_ui2d                  
000061b9  __TI_zero_init_nomemset       
000061f1  memccpy                       
0000620d  copysign                      
0000620d  copysignl                     
00006257  oi_parseInt                   
0000626f  strcmp                        
00006287  strchr                        
0000629d  strcpy                        
000062b1  strlen                        
000062c5  atof                          
000062d7  wcslen                        
000062e9  IntMasterEnable               
000062f9  lcd_clear                     
00006309  __TI_decompress_none          
00006317  CPUcpsie                      
00006323  ResetISR                      
00006339  __aeabi_errno_addr            
00006341  malloc                        
00006349  _system_pre_init              
0000634d  C$$EXIT                       
0000634d  abort                         
000064a8  _ctypes_                      
00006754  __TI_Handler_Table_Base       
00006760  __TI_Handler_Table_Limit      
00006770  __TI_CINIT_Base               
00006788  __TI_CINIT_Limit              
20000000  __start___llvm_prf_cnts       
20000000  __stop___llvm_prf_cnts        
20000000  g_pfnRAMVectors               
20000270  __stack                       
20000470  __STACK_TOP                   
20000a70  __STACK_END                   
20000a70  _sys_memory                   
20000edc  _timeout_ticks                
20000ee0  button_event                  
20000ee4  button_num                    
20000ee8  falling_time                  
20000eec  overflow_count                
20000ef0  rising_time                   
20000ef4  state                         
20000ef5  uart_data                     
20000ef6  uart_flag                     
20000ef8  motor_cal_factor_L            
20000efc  motor_cal_factor_R            
20000f18  _lock                         
20000f1c  _unlock                       
20000f28  LEFT_CAL_VAL                  
20000f2c  RIGHT_CAL_VAL                 
20000f30  errno                         
20000f34  _running                      
ffffffff  __TI_pprof_out_hndl           
ffffffff  __TI_prof_data_size           
ffffffff  __TI_prof_data_start          
ffffffff  __binit__                     
ffffffff  __c_args__                    
ffffffff  binit                         
UNDEFED   __mpu_init                    
UNDEFED   _system_post_cinit            

[187 symbols]
