******************************************************************************
                  TI ARM Linker PC v20.2.7                     
******************************************************************************
>> Linked Thu Oct 24 12:33:55 2024

OUTPUT FILE NAME:   <lab_7.out>
ENTRY POINT SYMBOL: "_c_int00_noargs"  address: 00005fb9


MEMORY CONFIGURATION

         name            origin    length      used     unused   attr    fill
----------------------  --------  ---------  --------  --------  ----  --------
  FLASH                 00000000   00040000  0000653f  00039ac1  R  X
  SRAM                  20000000   00008000  00000f30  000070d0  RW X


SEGMENT ALLOCATION MAP

run origin  load origin   length   init length attrs members
----------  ----------- ---------- ----------- ----- -------
00000000    00000000    00006548   00006548    r-x
  00000000    00000000    0000026c   0000026c    r-- .intvecs
  0000026c    0000026c    00005f90   00005f90    r-x .text
  00006200    00006200    000002f3   000002f3    r-- .const
  000064f8    000064f8    00000050   00000050    r-- .cinit
20000000    20000000    00000f35   00000000    rw-
  20000000    20000000    0000026c   00000000    rw- .vtable
  20000270    20000270    00000800   00000000    rw- .stack
  20000a70    20000a70    00000400   00000000    rw- .sysmem
  20000e70    20000e70    0000008b   00000000    rw- .bss
  20000efc    20000efc    00000039   00000000    rw- .data


SECTION ALLOCATION MAP

 output                                  attributes/
section   page    origin      length       input sections
--------  ----  ----------  ----------   ----------------
.intvecs   0    00000000    0000026c     
                  00000000    0000026c     tm4c123gh6pm_startup_ccs.obj (.intvecs)

.text      0    0000026c    00005f90     
                  0000026c    00000f9c     lab7part4.obj (.text)
                  00001208    00000c20     open_interface.obj (.text)
                  00001e28    00000a4e     rtsv7M4_T_le_v4SPD16_eabi.lib : _printfi.c.obj (.text:__TI_printfi)
                  00002876    00000002                                   : _lock.c.obj (.text:_nop)
                  00002878    00000738                                   : k_rem_pio2.c.obj (.text:__kernel_rem_pio2)
                  00002fb0    00000508                                   : s_tan.c.obj (.text:tan)
                  000034b8    00000328     lcd.obj (.text)
                  000037e0    0000031c     rtsv7M4_T_le_v4SPD16_eabi.lib : k_tan.c.obj (.text:__kernel_tan)
                  00003afc    0000028c     movement.obj (.text)
                  00003d88    00000270     rtsv7M4_T_le_v4SPD16_eabi.lib : _printfi.c.obj (.text:_pconv_a)
                  00003ff8    00000260     libcybotScan.lib : cyBot_Scan.obj (.text)
                  00004258    00000248     Timer.obj (.text)
                  000044a0    000001f8     uart.obj (.text)
                  00004698    000001ec     libcybotScan.lib : ping.obj (.text)
                  00004884    000001d0     rtsv7M4_T_le_v4SPD16_eabi.lib : _printfi.c.obj (.text:_pconv_g)
                  00004a54    000001b6                                   : fd_add_t2.asm.obj (.text)
                  00004c0a    00000002                                   : div0.asm.obj (.text)
                  00004c0c    00000158     libcybotScan.lib : servo.obj (.text)
                  00004d64    0000013c     rtsv7M4_T_le_v4SPD16_eabi.lib : _printfi.c.obj (.text:_pconv_e)
                  00004ea0    00000136                                   : fd_div_t2.asm.obj (.text)
                  00004fd6    00000002     --HOLE-- [fill = 0]
                  00004fd8    00000124                                   : _printfi.c.obj (.text:fcvt)
                  000050fc    00000118     libcybotScan.lib : ir.obj (.text)
                  00005214    00000110     rtsv7M4_T_le_v4SPD16_eabi.lib : s_scalbn.c.obj (.text:scalbn)
                  00005324    00000100                                   : memory.c.obj (.text:aligned_alloc)
                  00005424    000000fc                                   : fd_mul_t2.asm.obj (.text)
                  00005520    000000f8                                   : s_floor.c.obj (.text:floor)
                  00005618    000000e4                                   : memory.c.obj (.text:free)
                  000056fc    000000b1                                   : _printfi.c.obj (.text:_ltostr)
                  000057ad    00000001     --HOLE-- [fill = 0]
                  000057ae    0000009c                                   : memcpy_t2.asm.obj (.text)
                  0000584a    00000096                                   : ull_div_t2.asm.obj (.text)
                  000058e0    00000086                                   : fd_cmp_t2.asm.obj (.text:__aeabi_cdcmple)
                  00005966    00000086                                   : fd_cmp_t2.asm.obj (.text:__aeabi_cdrcmple)
                  000059ec    0000007a                                   : memset_t2.asm.obj (.text)
                  00005a66    00000002     --HOLE-- [fill = 0]
                  00005a68    00000070                                   : memory.c.obj (.text:split)
                  00005ad8    0000006e                                   : _printfi.c.obj (.text:_mcpy)
                  00005b46    0000006e                                   : fd_tos_t2.asm.obj (.text)
                  00005bb4    00000068                                   : copy_decompress_lzss.c.obj (.text:decompress:lzss:__TI_decompress_lzss)
                  00005c1c    00000064                                   : s_frexp.c.obj (.text:frexp)
                  00005c80    00000056                                   : _printfi.c.obj (.text:_pconv_f)
                  00005cd6    00000054                                   : _ltoa.c.obj (.text:__TI_ltoa)
                  00005d2a    00000052                                   : _printfi.c.obj (.text:_ecpy)
                  00005d7c    0000004c                                   : atoi.c.obj (.text:atoi)
                  00005dc8    00000048                                   : fd_toi_t2.asm.obj (.text)
                  00005e10    00000044                                   : autoinit.c.obj (.text:__TI_auto_init_nobinit_nopinit:__TI_auto_init_nobinit_nopinit)
                  00005e54    00000040                                   : sprintf.c.obj (.text:sprintf)
                  00005e94    00000040                                   : vsnprintf.c.obj (.text:vsnprintf)
                  00005ed4    0000003e                                   : _printfi.c.obj (.text:_fcpy)
                  00005f12    00000002     --HOLE-- [fill = 0]
                  00005f14    00000038                                   : memory.c.obj (.text:calloc)
                  00005f4c    00000038                                   : fs_tod_t2.asm.obj (.text)
                  00005f84    00000034     driverlib.lib : interrupt.obj (.text:IntRegister)
                  00005fb8    00000034     rtsv7M4_T_le_v4SPD16_eabi.lib : boot_cortex_m.c.obj (.text:_c_int00_noargs:_c_int00_noargs)
                  00005fec    00000030                                   : vsnprintf.c.obj (.text:_outs)
                  0000601c    0000002e                                   : i_tofd_t2.asm.obj (.text)
                  0000604a    00000002     --HOLE-- [fill = 0]
                  0000604c    00000028                                   : memory.c.obj (.text:free_list_insert)
                  00006074    0000001c                                   : copy_zero_init.c.obj (.text:decompress:ZI:__TI_zero_init_nomemset:__TI_zero_init_nomemset)
                  00006090    0000001c                                   : memory.c.obj (.text:free_list_remove)
                  000060ac    0000001c                                   : memccpy.c.obj (.text:memccpy)
                  000060c8    0000001a                                   : s_copysign.c.obj (.text:copysign)
                  000060e2    00000018                                   : vsnprintf.c.obj (.text:_outc)
                  000060fa    00000018                                   : sprintf.c.obj (.text:_outs)
                  00006112    00000018     open_interface.obj (.text:oi_parseInt)
                  0000612a    00000018     rtsv7M4_T_le_v4SPD16_eabi.lib : strcmp.c.obj (.text:strcmp)
                  00006142    00000016                                   : strchr.c.obj (.text:strchr)
                  00006158    00000014                                   : strcpy.c.obj (.text:strcpy)
                  0000616c    00000014                                   : strlen.c.obj (.text:strlen)
                  00006180    00000012                                   : wcslen.c.obj (.text:wcslen)
                  00006192    00000010     driverlib.lib : interrupt.obj (.text:IntMasterEnable)
                  000061a2    00000010     lcd.obj (.text:lcd_clear)
                  000061b2    0000000e     rtsv7M4_T_le_v4SPD16_eabi.lib : copy_decompress_none.c.obj (.text:decompress:none:__TI_decompress_none)
                  000061c0    0000000c     driverlib.lib : cpu.obj (.text:CPUcpsie)
                  000061cc    0000000c     tm4c123gh6pm_startup_ccs.obj (.text)
                  000061d8    0000000a     rtsv7M4_T_le_v4SPD16_eabi.lib : sprintf.c.obj (.text:_outc)
                  000061e2    00000002     --HOLE-- [fill = 0]
                  000061e4    00000008                                   : errno.c.obj (.text:__aeabi_errno_addr)
                  000061ec    00000008                                   : memory.c.obj (.text:malloc)
                  000061f4    00000004                                   : pre_init.c.obj (.text:_system_pre_init)
                  000061f8    00000004                                   : exit.c.obj (.text:abort:abort)

.const     0    00006200    000002f3     
                  00006200    00000158     rtsv7M4_T_le_v4SPD16_eabi.lib : k_rem_pio2.c.obj (.const:$O1$$)
                  00006358    00000101                                   : ctype.c.obj (.const:.string:_ctypes_)
                  00006459    00000004     lcd.obj (.const:.string:lineAddress$1)
                  0000645d    00000003     --HOLE-- [fill = 0]
                  00006460    00000080     rtsv7M4_T_le_v4SPD16_eabi.lib : k_tan.c.obj (.const:xxx)
                  000064e0    0000000f     open_interface.obj (.const:.string:$P$T0$3)
                  000064ef    00000004     lcd.obj (.const:.string:lineAddresses$2)

.cinit     0    000064f8    00000050     
                  000064f8    00000018     (.cinit..data.load) [load image, compression = lzss]
                  00006510    0000000c     (__TI_handler_table)
                  0000651c    00000004     --HOLE-- [fill = 0]
                  00006520    00000008     (.cinit..bss.load) [load image, compression = zero_init]
                  00006528    00000008     (.cinit..vtable.load) [load image, compression = zero_init]
                  00006530    00000018     (__TI_cinit_table)

.init_array 
*          0    00000000    00000000     UNINITIALIZED

.vtable    0    20000000    0000026c     UNINITIALIZED
                  20000000    0000026c     driverlib.lib : interrupt.obj (.vtable)

.stack     0    20000270    00000800     UNINITIALIZED
                  20000270    00000004     rtsv7M4_T_le_v4SPD16_eabi.lib : boot_cortex_m.c.obj (.stack)
                  20000274    000007fc     --HOLE--

.sysmem    0    20000a70    00000400     UNINITIALIZED
                  20000a70    00000010     rtsv7M4_T_le_v4SPD16_eabi.lib : memory.c.obj (.sysmem)
                  20000a80    000003f0     --HOLE--

.bss       0    20000e70    0000008b     UNINITIALIZED
                  20000e70    00000054     lcd.obj (.bss:lastbuffer$3)
                  20000ec4    00000018     open_interface.obj (.bss:firmware$2)
                  20000edc    00000004     (.common:_timeout_ticks)
                  20000ee0    00000004     (.common:fallingEdge)
                  20000ee4    00000004     (.common:isr_int_value)
                  20000ee8    00000004     (.common:left_calibration_value)
                  20000eec    00000004     (.common:pulseLength)
                  20000ef0    00000004     (.common:right_calibration_value)
                  20000ef4    00000004     (.common:risingEdge)
                  20000ef8    00000001     (.common:flag)
                  20000ef9    00000001     (.common:isRisingEdge)
                  20000efa    00000001     (.common:uart_data)

.data      0    20000efc    00000039     UNINITIALIZED
                  20000efc    00000020     open_interface.obj (.data)
                  20000f1c    00000008     rtsv7M4_T_le_v4SPD16_eabi.lib : _lock.c.obj (.data:$O1$$)
                  20000f24    00000008                                   : memory.c.obj (.data:$O1$$)
                  20000f2c    00000004     libcybotScan.lib : cyBot_Scan.obj (.data)
                  20000f30    00000004     rtsv7M4_T_le_v4SPD16_eabi.lib : errno.c.obj (.data)
                  20000f34    00000001     Timer.obj (.data)

__llvm_prf_cnts 
*          0    20000000    00000000     UNINITIALIZED

MODULE SUMMARY

       Module                         code    ro data   rw data
       ------                         ----    -------   -------
    .\
       lab7part4.obj                  3996    0         10     
       open_interface.obj             3128    15        56     
       lcd.obj                        824     8         84     
       movement.obj                   652     0         0      
       tm4c123gh6pm_startup_ccs.obj   12      620       0      
       Timer.obj                      584     0         5      
       uart.obj                       504     0         0      
    +--+------------------------------+-------+---------+---------+
       Total:                         9700    643       155    
                                                               
    ../libcybotScan.lib
       cyBot_Scan.obj                 608     0         4      
       ping.obj                       492     0         13     
       servo.obj                      344     0         0      
       ir.obj                         280     0         4      
    +--+------------------------------+-------+---------+---------+
       Total:                         1724    0         21     
                                                               
    C:/ti/TivaWare_C_Series-2.2.0.295/driverlib/ccs/Debug/driverlib.lib
       interrupt.obj                  68      0         620    
       cpu.obj                        12      0         0      
    +--+------------------------------+-------+---------+---------+
       Total:                         80      0         620    
                                                               
    C:\ti\ccs1271\ccs\tools\compiler\ti-cgt-arm_20.2.7.LTS\lib\rtsv7M4_T_le_v4SPD16_eabi.lib
       _printfi.c.obj                 4851    0         0      
       k_rem_pio2.c.obj               1848    344       0      
       s_tan.c.obj                    1288    0         0      
       k_tan.c.obj                    796     128       0      
       memory.c.obj                   728     0         8      
       fd_add_t2.asm.obj              438     0         0      
       fd_div_t2.asm.obj              310     0         0      
       s_scalbn.c.obj                 272     0         0      
       fd_cmp_t2.asm.obj              268     0         0      
       ctype.c.obj                    0       257       0      
       fd_mul_t2.asm.obj              252     0         0      
       s_floor.c.obj                  248     0         0      
       memcpy_t2.asm.obj              156     0         0      
       ull_div_t2.asm.obj             150     0         0      
       vsnprintf.c.obj                136     0         0      
       memset_t2.asm.obj              122     0         0      
       fd_tos_t2.asm.obj              110     0         0      
       copy_decompress_lzss.c.obj     104     0         0      
       s_frexp.c.obj                  100     0         0      
       sprintf.c.obj                  98      0         0      
       _ltoa.c.obj                    84      0         0      
       atoi.c.obj                     76      0         0      
       fd_toi_t2.asm.obj              72      0         0      
       autoinit.c.obj                 68      0         0      
       fs_tod_t2.asm.obj              56      0         0      
       boot_cortex_m.c.obj            52      0         0      
       i_tofd_t2.asm.obj              46      0         0      
       copy_zero_init.c.obj           28      0         0      
       memccpy.c.obj                  28      0         0      
       s_copysign.c.obj               26      0         0      
       strcmp.c.obj                   24      0         0      
       strchr.c.obj                   22      0         0      
       strcpy.c.obj                   20      0         0      
       strlen.c.obj                   20      0         0      
       wcslen.c.obj                   18      0         0      
       copy_decompress_none.c.obj     14      0         0      
       errno.c.obj                    8       0         4      
       _lock.c.obj                    2       0         8      
       exit.c.obj                     4       0         0      
       pre_init.c.obj                 4       0         0      
       div0.asm.obj                   2       0         0      
    +--+------------------------------+-------+---------+---------+
       Total:                         12949   729       20     
                                                               
       Heap:                          0       0         1024   
       Stack:                         0       0         2048   
       Linker Generated:              0       76        0      
    +--+------------------------------+-------+---------+---------+
       Grand Total:                   24453   1448      3888   


LINKER GENERATED COPY TABLES

__TI_cinit_table @ 00006530 records: 3, size/record: 8, table size: 24
	.data: load addr=000064f8, load size=00000018 bytes, run addr=20000efc, run size=00000039 bytes, compression=lzss
	.bss: load addr=00006520, load size=00000008 bytes, run addr=20000e70, run size=0000008b bytes, compression=zero_init
	.vtable: load addr=00006528, load size=00000008 bytes, run addr=20000000, run size=0000026c bytes, compression=zero_init


LINKER GENERATED HANDLER TABLE

__TI_handler_table @ 00006510 records: 3, size/record: 4, table size: 12
	index: 0, handler: __TI_zero_init
	index: 1, handler: __TI_decompress_lzss
	index: 2, handler: __TI_decompress_none


GLOBAL SYMBOLS: SORTED ALPHABETICALLY BY Name 

address   name                          
-------   ----                          
00005195  ADC0SS0_Handler               
000061f9  C$$EXIT                       
000061c1  CPUcpsie                      
00001b5f  GPIOF_Handler                 
00006193  IntMasterEnable               
00005f85  IntRegister                   
000061cd  ResetISR                      
00004789  TIMER3B_Handler               
000045f7  UART1_Handler                 
20000a70  __STACK_END                   
00000800  __STACK_SIZE                  
20000470  __STACK_TOP                   
00000400  __SYSMEM_SIZE                 
00006530  __TI_CINIT_Base               
00006548  __TI_CINIT_Limit              
00006510  __TI_Handler_Table_Base       
0000651c  __TI_Handler_Table_Limit      
00005e11  __TI_auto_init_nobinit_nopinit
00005bb5  __TI_decompress_lzss          
000061b3  __TI_decompress_none          
00005cd7  __TI_ltoa                     
ffffffff  __TI_pprof_out_hndl           
00001e29  __TI_printfi                  
ffffffff  __TI_prof_data_size           
ffffffff  __TI_prof_data_start          
00000000  __TI_static_base__            
00006075  __TI_zero_init_nomemset       
000058e1  __aeabi_cdcmpeq               
000058e1  __aeabi_cdcmple               
00005967  __aeabi_cdrcmple              
00005b47  __aeabi_d2f                   
00005dc9  __aeabi_d2iz                  
00004a5f  __aeabi_dadd                  
00004ea1  __aeabi_ddiv                  
00005425  __aeabi_dmul                  
00004a55  __aeabi_dsub                  
000061e5  __aeabi_errno_addr            
00005f4d  __aeabi_f2d                   
0000601d  __aeabi_i2d                   
00004c0b  __aeabi_idiv0                 
00004c0b  __aeabi_ldiv0                 
000059ed  __aeabi_memclr                
000059ed  __aeabi_memclr4               
000059ed  __aeabi_memclr8               
000057af  __aeabi_memcpy                
000057af  __aeabi_memcpy4               
000057af  __aeabi_memcpy8               
000059ef  __aeabi_memset                
000059ef  __aeabi_memset4               
000059ef  __aeabi_memset8               
0000584b  __aeabi_uldivmod              
ffffffff  __binit__                     
ffffffff  __c_args__                    
00002879  __kernel_rem_pio2             
000037e1  __kernel_tan                  
UNDEFED   __mpu_init                    
20000270  __stack                       
20000000  __start___llvm_prf_cnts       
20000000  __stop___llvm_prf_cnts        
00005fb9  _c_int00_noargs               
00006358  _ctypes_                      
20000f1c  _lock                         
00002877  _nop                          
20000f34  _running                      
20000a70  _sys_memory                   
UNDEFED   _system_post_cinit            
000061f5  _system_pre_init              
20000edc  _timeout_ticks                
20000f20  _unlock                       
000061f9  abort                         
00005325  aligned_alloc                 
00005d7d  atoi                          
ffffffff  binit                         
00000d9f  calibrate                     
00005f15  calloc                        
00000985  cleanData                     
000060c9  copysign                      
000060c9  copysignl                     
000040d1  cyBOT_SERVO_cal               
0000405f  cyBOT_Scan                    
00004007  cyBOT_init_Scan               
20000f2c  cyBOT_scan_features           
00003ff9  cyBOT_scan_version            
20000f30  errno                         
20000ee0  fallingEdge                   
20000ef8  flag                          
00005521  floor                         
00005521  floorl                        
00005619  free                          
00005c1d  frexp                         
00005c1d  frexpl                        
20000000  g_pfnRAMVectors               
00000000  g_pfnVectors                  
0000191b  go_charge                     
000045a7  init_char_interrupt           
00000c45  irScan                        
000051ab  ir_enableInterrupt            
0000518d  ir_getDistance                
00005165  ir_getValue                   
000050fd  ir_init                       
20000ef9  isRisingEdge                  
20000ee4  isr_int_value                 
000061a3  lcd_clear                     
0000368d  lcd_gotoLine                  
000034f5  lcd_init                      
000036f3  lcd_printf                    
000035b5  lcd_putc                      
000035ed  lcd_puts                      
000034b9  lcd_reverseNibble             
0000360b  lcd_sendCommand               
00003649  lcd_sendNibble                
000036b5  lcd_setCursorPos              
00005215  ldexp                         
00005215  ldexpl                        
20000ee8  left_calibration_value        
00000df9  main                          
000061ed  malloc                        
00005325  memalign                      
000060ad  memccpy                       
000057af  memcpy                        
000059f5  memset                        
20000efc  motor_cal_factor_L            
20000f00  motor_cal_factor_R            
0000026d  moveToTarget                  
00003afd  moveWithBump                  
00003be5  move_backwards                
00003b7f  move_forward                  
00000689  objectDetection               
00001209  oi_alloc                      
00001a45  oi_checkFirmware              
00001263  oi_close                      
00001215  oi_free                       
00001d89  oi_getMotorCalibrationLeft    
00001d9d  oi_getMotorCalibrationRight   
0000124d  oi_init                       
00001225  oi_init_noupdate              
000018b1  oi_loadSong                   
00006113  oi_parseInt                   
000012c7  oi_parsePacket                
00001907  oi_play_song                  
000017e7  oi_setLeds                    
00001d4d  oi_setMotorCalibration        
0000182b  oi_setWheels                  
00001aed  oi_shutoff_init               
00001929  oi_uartInit                   
000019cd  oi_uartReceive                
00001a13  oi_uartSendBuff               
000019b1  oi_uartSendChar               
000019f5  oi_uartSendStr                
00001275  oi_update                     
000047db  ping_getDistance              
00004699  ping_init                     
0000471f  ping_trigger                  
0000043d  printGraphicalView            
20000eec  pulseLength                   
20000ef0  right_calibration_value       
20000ef4  risingEdge                    
00005215  scalbn                        
00005215  scalbnl                       
00000d35  scan_area                     
00000be5  send_message                  
00004c0d  servo_init                    
00004c9d  servo_move                    
00004cfd  servo_setPWM                  
00004c91  servo_stop                    
00005e55  sprintf                       
00006143  strchr                        
0000612b  strcmp                        
00006159  strcpy                        
0000616d  strlen                        
00002fb1  tan                           
00002fb1  tanl                          
00004377  timer_getMicros               
0000431f  timer_getMillis               
00004259  timer_init                    
000042fb  timer_pause                   
0000430d  timer_resume                  
000042d1  timer_stop                    
000043d1  timer_waitMicros              
00004403  timer_waitMillis              
00003ce7  turn_clockwise                
00003c55  turn_counterclock             
20000efa  uart_data                     
000044a1  uart_init                     
00004577  uart_receive                  
0000455b  uart_sendChar                 
0000459d  uart_sendStr                  
00005e95  vsnprintf                     
00006181  wcslen                        


GLOBAL SYMBOLS: SORTED BY Symbol Address 

address   name                          
-------   ----                          
00000000  __TI_static_base__            
00000000  g_pfnVectors                  
0000026d  moveToTarget                  
00000400  __SYSMEM_SIZE                 
0000043d  printGraphicalView            
00000689  objectDetection               
00000800  __STACK_SIZE                  
00000985  cleanData                     
00000be5  send_message                  
00000c45  irScan                        
00000d35  scan_area                     
00000d9f  calibrate                     
00000df9  main                          
00001209  oi_alloc                      
00001215  oi_free                       
00001225  oi_init_noupdate              
0000124d  oi_init                       
00001263  oi_close                      
00001275  oi_update                     
000012c7  oi_parsePacket                
000017e7  oi_setLeds                    
0000182b  oi_setWheels                  
000018b1  oi_loadSong                   
00001907  oi_play_song                  
0000191b  go_charge                     
00001929  oi_uartInit                   
000019b1  oi_uartSendChar               
000019cd  oi_uartReceive                
000019f5  oi_uartSendStr                
00001a13  oi_uartSendBuff               
00001a45  oi_checkFirmware              
00001aed  oi_shutoff_init               
00001b5f  GPIOF_Handler                 
00001d4d  oi_setMotorCalibration        
00001d89  oi_getMotorCalibrationLeft    
00001d9d  oi_getMotorCalibrationRight   
00001e29  __TI_printfi                  
00002877  _nop                          
00002879  __kernel_rem_pio2             
00002fb1  tan                           
00002fb1  tanl                          
000034b9  lcd_reverseNibble             
000034f5  lcd_init                      
000035b5  lcd_putc                      
000035ed  lcd_puts                      
0000360b  lcd_sendCommand               
00003649  lcd_sendNibble                
0000368d  lcd_gotoLine                  
000036b5  lcd_setCursorPos              
000036f3  lcd_printf                    
000037e1  __kernel_tan                  
00003afd  moveWithBump                  
00003b7f  move_forward                  
00003be5  move_backwards                
00003c55  turn_counterclock             
00003ce7  turn_clockwise                
00003ff9  cyBOT_scan_version            
00004007  cyBOT_init_Scan               
0000405f  cyBOT_Scan                    
000040d1  cyBOT_SERVO_cal               
00004259  timer_init                    
000042d1  timer_stop                    
000042fb  timer_pause                   
0000430d  timer_resume                  
0000431f  timer_getMillis               
00004377  timer_getMicros               
000043d1  timer_waitMicros              
00004403  timer_waitMillis              
000044a1  uart_init                     
0000455b  uart_sendChar                 
00004577  uart_receive                  
0000459d  uart_sendStr                  
000045a7  init_char_interrupt           
000045f7  UART1_Handler                 
00004699  ping_init                     
0000471f  ping_trigger                  
00004789  TIMER3B_Handler               
000047db  ping_getDistance              
00004a55  __aeabi_dsub                  
00004a5f  __aeabi_dadd                  
00004c0b  __aeabi_idiv0                 
00004c0b  __aeabi_ldiv0                 
00004c0d  servo_init                    
00004c91  servo_stop                    
00004c9d  servo_move                    
00004cfd  servo_setPWM                  
00004ea1  __aeabi_ddiv                  
000050fd  ir_init                       
00005165  ir_getValue                   
0000518d  ir_getDistance                
00005195  ADC0SS0_Handler               
000051ab  ir_enableInterrupt            
00005215  ldexp                         
00005215  ldexpl                        
00005215  scalbn                        
00005215  scalbnl                       
00005325  aligned_alloc                 
00005325  memalign                      
00005425  __aeabi_dmul                  
00005521  floor                         
00005521  floorl                        
00005619  free                          
000057af  __aeabi_memcpy                
000057af  __aeabi_memcpy4               
000057af  __aeabi_memcpy8               
000057af  memcpy                        
0000584b  __aeabi_uldivmod              
000058e1  __aeabi_cdcmpeq               
000058e1  __aeabi_cdcmple               
00005967  __aeabi_cdrcmple              
000059ed  __aeabi_memclr                
000059ed  __aeabi_memclr4               
000059ed  __aeabi_memclr8               
000059ef  __aeabi_memset                
000059ef  __aeabi_memset4               
000059ef  __aeabi_memset8               
000059f5  memset                        
00005b47  __aeabi_d2f                   
00005bb5  __TI_decompress_lzss          
00005c1d  frexp                         
00005c1d  frexpl                        
00005cd7  __TI_ltoa                     
00005d7d  atoi                          
00005dc9  __aeabi_d2iz                  
00005e11  __TI_auto_init_nobinit_nopinit
00005e55  sprintf                       
00005e95  vsnprintf                     
00005f15  calloc                        
00005f4d  __aeabi_f2d                   
00005f85  IntRegister                   
00005fb9  _c_int00_noargs               
0000601d  __aeabi_i2d                   
00006075  __TI_zero_init_nomemset       
000060ad  memccpy                       
000060c9  copysign                      
000060c9  copysignl                     
00006113  oi_parseInt                   
0000612b  strcmp                        
00006143  strchr                        
00006159  strcpy                        
0000616d  strlen                        
00006181  wcslen                        
00006193  IntMasterEnable               
000061a3  lcd_clear                     
000061b3  __TI_decompress_none          
000061c1  CPUcpsie                      
000061cd  ResetISR                      
000061e5  __aeabi_errno_addr            
000061ed  malloc                        
000061f5  _system_pre_init              
000061f9  C$$EXIT                       
000061f9  abort                         
00006358  _ctypes_                      
00006510  __TI_Handler_Table_Base       
0000651c  __TI_Handler_Table_Limit      
00006530  __TI_CINIT_Base               
00006548  __TI_CINIT_Limit              
20000000  __start___llvm_prf_cnts       
20000000  __stop___llvm_prf_cnts        
20000000  g_pfnRAMVectors               
20000270  __stack                       
20000470  __STACK_TOP                   
20000a70  __STACK_END                   
20000a70  _sys_memory                   
20000edc  _timeout_ticks                
20000ee0  fallingEdge                   
20000ee4  isr_int_value                 
20000ee8  left_calibration_value        
20000eec  pulseLength                   
20000ef0  right_calibration_value       
20000ef4  risingEdge                    
20000ef8  flag                          
20000ef9  isRisingEdge                  
20000efa  uart_data                     
20000efc  motor_cal_factor_L            
20000f00  motor_cal_factor_R            
20000f1c  _lock                         
20000f20  _unlock                       
20000f2c  cyBOT_scan_features           
20000f30  errno                         
20000f34  _running                      
ffffffff  __TI_pprof_out_hndl           
ffffffff  __TI_prof_data_size           
ffffffff  __TI_prof_data_start          
ffffffff  __binit__                     
ffffffff  __c_args__                    
ffffffff  binit                         
UNDEFED   __mpu_init                    
UNDEFED   _system_post_cinit            

[189 symbols]
