<?xml version="1.0" encoding="ISO-8859-1" ?>
<link_info>
   <banner>TI ARM Linker PC v20.2.7.LTS</banner>
   <copyright>Copyright (c) 1996-2018 Texas Instruments Incorporated</copyright>
   <link_time>0x671a8503</link_time>
   <link_errors>0x0</link_errors>
   <output_file>lab_7.out</output_file>
   <entry_point>
      <name>_c_int00_noargs</name>
      <address>0x5fb9</address>
   </entry_point>
   <input_file_list>
      <input_file id="fl-2">
         <path>.\</path>
         <kind>object</kind>
         <file>Timer.obj</file>
         <name>Timer.obj</name>
      </input_file>
      <input_file id="fl-3">
         <path>.\</path>
         <kind>object</kind>
         <file>lab7part1.obj</file>
         <name>lab7part1.obj</name>
      </input_file>
      <input_file id="fl-4">
         <path>.\</path>
         <kind>object</kind>
         <file>lab7part2.obj</file>
         <name>lab7part2.obj</name>
      </input_file>
      <input_file id="fl-5">
         <path>.\</path>
         <kind>object</kind>
         <file>lab7part3.obj</file>
         <name>lab7part3.obj</name>
      </input_file>
      <input_file id="fl-6">
         <path>.\</path>
         <kind>object</kind>
         <file>lab7part4.obj</file>
         <name>lab7part4.obj</name>
      </input_file>
      <input_file id="fl-7">
         <path>.\</path>
         <kind>object</kind>
         <file>lcd.obj</file>
         <name>lcd.obj</name>
      </input_file>
      <input_file id="fl-8">
         <path>.\</path>
         <kind>object</kind>
         <file>movement.obj</file>
         <name>movement.obj</name>
      </input_file>
      <input_file id="fl-9">
         <path>.\</path>
         <kind>object</kind>
         <file>open_interface.obj</file>
         <name>open_interface.obj</name>
      </input_file>
      <input_file id="fl-a">
         <path>.\</path>
         <kind>object</kind>
         <file>tm4c123gh6pm_startup_ccs.obj</file>
         <name>tm4c123gh6pm_startup_ccs.obj</name>
      </input_file>
      <input_file id="fl-b">
         <path>.\</path>
         <kind>object</kind>
         <file>uart.obj</file>
         <name>uart.obj</name>
      </input_file>
      <input_file id="fl-11">
         <kind>object</kind>
         <file>&lt;internal&gt;</file>
         <name>&lt;internal&gt;</name>
      </input_file>
      <input_file id="fl-12">
         <path>..\</path>
         <kind>archive</kind>
         <file>libcybotScan.lib</file>
         <name>cyBot_Scan.obj</name>
      </input_file>
      <input_file id="fl-13">
         <path>..\</path>
         <kind>archive</kind>
         <file>libcybotScan.lib</file>
         <name>ir.obj</name>
      </input_file>
      <input_file id="fl-14">
         <path>..\</path>
         <kind>archive</kind>
         <file>libcybotScan.lib</file>
         <name>ping.obj</name>
      </input_file>
      <input_file id="fl-15">
         <path>..\</path>
         <kind>archive</kind>
         <file>libcybotScan.lib</file>
         <name>servo.obj</name>
      </input_file>
      <input_file id="fl-cb">
         <path>C:\ti\ccs1271\ccs\tools\compiler\ti-cgt-arm_20.2.7.LTS\lib\</path>
         <kind>archive</kind>
         <file>rtsv7M4_T_le_v4SPD16_eabi.lib</file>
         <name>s_tan.c.obj</name>
      </input_file>
      <input_file id="fl-cc">
         <path>C:\ti\ccs1271\ccs\tools\compiler\ti-cgt-arm_20.2.7.LTS\lib\</path>
         <kind>archive</kind>
         <file>rtsv7M4_T_le_v4SPD16_eabi.lib</file>
         <name>sprintf.c.obj</name>
      </input_file>
      <input_file id="fl-cd">
         <path>C:\ti\ccs1271\ccs\tools\compiler\ti-cgt-arm_20.2.7.LTS\lib\</path>
         <kind>archive</kind>
         <file>rtsv7M4_T_le_v4SPD16_eabi.lib</file>
         <name>vsnprintf.c.obj</name>
      </input_file>
      <input_file id="fl-ce">
         <path>C:\ti\ccs1271\ccs\tools\compiler\ti-cgt-arm_20.2.7.LTS\lib\</path>
         <kind>archive</kind>
         <file>rtsv7M4_T_le_v4SPD16_eabi.lib</file>
         <name>fd_add_t2.asm.obj</name>
      </input_file>
      <input_file id="fl-cf">
         <path>C:\ti\ccs1271\ccs\tools\compiler\ti-cgt-arm_20.2.7.LTS\lib\</path>
         <kind>archive</kind>
         <file>rtsv7M4_T_le_v4SPD16_eabi.lib</file>
         <name>fd_cmp_t2.asm.obj</name>
      </input_file>
      <input_file id="fl-d0">
         <path>C:\ti\ccs1271\ccs\tools\compiler\ti-cgt-arm_20.2.7.LTS\lib\</path>
         <kind>archive</kind>
         <file>rtsv7M4_T_le_v4SPD16_eabi.lib</file>
         <name>fd_div_t2.asm.obj</name>
      </input_file>
      <input_file id="fl-d1">
         <path>C:\ti\ccs1271\ccs\tools\compiler\ti-cgt-arm_20.2.7.LTS\lib\</path>
         <kind>archive</kind>
         <file>rtsv7M4_T_le_v4SPD16_eabi.lib</file>
         <name>fd_mul_t2.asm.obj</name>
      </input_file>
      <input_file id="fl-d2">
         <path>C:\ti\ccs1271\ccs\tools\compiler\ti-cgt-arm_20.2.7.LTS\lib\</path>
         <kind>archive</kind>
         <file>rtsv7M4_T_le_v4SPD16_eabi.lib</file>
         <name>fd_toi_t2.asm.obj</name>
      </input_file>
      <input_file id="fl-d3">
         <path>C:\ti\ccs1271\ccs\tools\compiler\ti-cgt-arm_20.2.7.LTS\lib\</path>
         <kind>archive</kind>
         <file>rtsv7M4_T_le_v4SPD16_eabi.lib</file>
         <name>fd_tos_t2.asm.obj</name>
      </input_file>
      <input_file id="fl-d4">
         <path>C:\ti\ccs1271\ccs\tools\compiler\ti-cgt-arm_20.2.7.LTS\lib\</path>
         <kind>archive</kind>
         <file>rtsv7M4_T_le_v4SPD16_eabi.lib</file>
         <name>fs_tod_t2.asm.obj</name>
      </input_file>
      <input_file id="fl-d5">
         <path>C:\ti\ccs1271\ccs\tools\compiler\ti-cgt-arm_20.2.7.LTS\lib\</path>
         <kind>archive</kind>
         <file>rtsv7M4_T_le_v4SPD16_eabi.lib</file>
         <name>i_tofd_t2.asm.obj</name>
      </input_file>
      <input_file id="fl-d6">
         <path>C:\ti\ccs1271\ccs\tools\compiler\ti-cgt-arm_20.2.7.LTS\lib\</path>
         <kind>archive</kind>
         <file>rtsv7M4_T_le_v4SPD16_eabi.lib</file>
         <name>memcpy_t2.asm.obj</name>
      </input_file>
      <input_file id="fl-d7">
         <path>C:\ti\ccs1271\ccs\tools\compiler\ti-cgt-arm_20.2.7.LTS\lib\</path>
         <kind>archive</kind>
         <file>rtsv7M4_T_le_v4SPD16_eabi.lib</file>
         <name>memset_t2.asm.obj</name>
      </input_file>
      <input_file id="fl-d8">
         <path>C:\ti\ccs1271\ccs\tools\compiler\ti-cgt-arm_20.2.7.LTS\lib\</path>
         <kind>archive</kind>
         <file>rtsv7M4_T_le_v4SPD16_eabi.lib</file>
         <name>copy_zero_init.c.obj</name>
      </input_file>
      <input_file id="fl-d9">
         <path>C:\ti\ccs1271\ccs\tools\compiler\ti-cgt-arm_20.2.7.LTS\lib\</path>
         <kind>archive</kind>
         <file>rtsv7M4_T_le_v4SPD16_eabi.lib</file>
         <name>copy_decompress_none.c.obj</name>
      </input_file>
      <input_file id="fl-da">
         <path>C:\ti\ccs1271\ccs\tools\compiler\ti-cgt-arm_20.2.7.LTS\lib\</path>
         <kind>archive</kind>
         <file>rtsv7M4_T_le_v4SPD16_eabi.lib</file>
         <name>copy_decompress_lzss.c.obj</name>
      </input_file>
      <input_file id="fl-db">
         <path>C:\ti\ccs1271\ccs\tools\compiler\ti-cgt-arm_20.2.7.LTS\lib\</path>
         <kind>archive</kind>
         <file>rtsv7M4_T_le_v4SPD16_eabi.lib</file>
         <name>memory.c.obj</name>
      </input_file>
      <input_file id="fl-dc">
         <path>C:\ti\ccs1271\ccs\tools\compiler\ti-cgt-arm_20.2.7.LTS\lib\</path>
         <kind>archive</kind>
         <file>rtsv7M4_T_le_v4SPD16_eabi.lib</file>
         <name>strcmp.c.obj</name>
      </input_file>
      <input_file id="fl-dd">
         <path>C:\ti\ccs1271\ccs\tools\compiler\ti-cgt-arm_20.2.7.LTS\lib\</path>
         <kind>archive</kind>
         <file>rtsv7M4_T_le_v4SPD16_eabi.lib</file>
         <name>strcpy.c.obj</name>
      </input_file>
      <input_file id="fl-de">
         <path>C:\ti\ccs1271\ccs\tools\compiler\ti-cgt-arm_20.2.7.LTS\lib\</path>
         <kind>archive</kind>
         <file>rtsv7M4_T_le_v4SPD16_eabi.lib</file>
         <name>k_rem_pio2.c.obj</name>
      </input_file>
      <input_file id="fl-df">
         <path>C:\ti\ccs1271\ccs\tools\compiler\ti-cgt-arm_20.2.7.LTS\lib\</path>
         <kind>archive</kind>
         <file>rtsv7M4_T_le_v4SPD16_eabi.lib</file>
         <name>boot_cortex_m.c.obj</name>
      </input_file>
      <input_file id="fl-e0">
         <path>C:\ti\ccs1271\ccs\tools\compiler\ti-cgt-arm_20.2.7.LTS\lib\</path>
         <kind>archive</kind>
         <file>rtsv7M4_T_le_v4SPD16_eabi.lib</file>
         <name>errno.c.obj</name>
      </input_file>
      <input_file id="fl-e1">
         <path>C:\ti\ccs1271\ccs\tools\compiler\ti-cgt-arm_20.2.7.LTS\lib\</path>
         <kind>archive</kind>
         <file>rtsv7M4_T_le_v4SPD16_eabi.lib</file>
         <name>k_tan.c.obj</name>
      </input_file>
      <input_file id="fl-e2">
         <path>C:\ti\ccs1271\ccs\tools\compiler\ti-cgt-arm_20.2.7.LTS\lib\</path>
         <kind>archive</kind>
         <file>rtsv7M4_T_le_v4SPD16_eabi.lib</file>
         <name>s_floor.c.obj</name>
      </input_file>
      <input_file id="fl-e3">
         <path>C:\ti\ccs1271\ccs\tools\compiler\ti-cgt-arm_20.2.7.LTS\lib\</path>
         <kind>archive</kind>
         <file>rtsv7M4_T_le_v4SPD16_eabi.lib</file>
         <name>s_scalbn.c.obj</name>
      </input_file>
      <input_file id="fl-e4">
         <path>C:\ti\ccs1271\ccs\tools\compiler\ti-cgt-arm_20.2.7.LTS\lib\</path>
         <kind>archive</kind>
         <file>rtsv7M4_T_le_v4SPD16_eabi.lib</file>
         <name>_printfi.c.obj</name>
      </input_file>
      <input_file id="fl-e5">
         <path>C:\ti\ccs1271\ccs\tools\compiler\ti-cgt-arm_20.2.7.LTS\lib\</path>
         <kind>archive</kind>
         <file>rtsv7M4_T_le_v4SPD16_eabi.lib</file>
         <name>ull_div_t2.asm.obj</name>
      </input_file>
      <input_file id="fl-e6">
         <path>C:\ti\ccs1271\ccs\tools\compiler\ti-cgt-arm_20.2.7.LTS\lib\</path>
         <kind>archive</kind>
         <file>rtsv7M4_T_le_v4SPD16_eabi.lib</file>
         <name>autoinit.c.obj</name>
      </input_file>
      <input_file id="fl-e7">
         <path>C:\ti\ccs1271\ccs\tools\compiler\ti-cgt-arm_20.2.7.LTS\lib\</path>
         <kind>archive</kind>
         <file>rtsv7M4_T_le_v4SPD16_eabi.lib</file>
         <name>pre_init.c.obj</name>
      </input_file>
      <input_file id="fl-e8">
         <path>C:\ti\ccs1271\ccs\tools\compiler\ti-cgt-arm_20.2.7.LTS\lib\</path>
         <kind>archive</kind>
         <file>rtsv7M4_T_le_v4SPD16_eabi.lib</file>
         <name>cpy_tbl.c.obj</name>
      </input_file>
      <input_file id="fl-e9">
         <path>C:\ti\ccs1271\ccs\tools\compiler\ti-cgt-arm_20.2.7.LTS\lib\</path>
         <kind>archive</kind>
         <file>rtsv7M4_T_le_v4SPD16_eabi.lib</file>
         <name>exit.c.obj</name>
      </input_file>
      <input_file id="fl-ea">
         <path>C:\ti\ccs1271\ccs\tools\compiler\ti-cgt-arm_20.2.7.LTS\lib\</path>
         <kind>archive</kind>
         <file>rtsv7M4_T_le_v4SPD16_eabi.lib</file>
         <name>_lock.c.obj</name>
      </input_file>
      <input_file id="fl-eb">
         <path>C:\ti\ccs1271\ccs\tools\compiler\ti-cgt-arm_20.2.7.LTS\lib\</path>
         <kind>archive</kind>
         <file>rtsv7M4_T_le_v4SPD16_eabi.lib</file>
         <name>_ltoa.c.obj</name>
      </input_file>
      <input_file id="fl-ec">
         <path>C:\ti\ccs1271\ccs\tools\compiler\ti-cgt-arm_20.2.7.LTS\lib\</path>
         <kind>archive</kind>
         <file>rtsv7M4_T_le_v4SPD16_eabi.lib</file>
         <name>args_main.c.obj</name>
      </input_file>
      <input_file id="fl-ed">
         <path>C:\ti\ccs1271\ccs\tools\compiler\ti-cgt-arm_20.2.7.LTS\lib\</path>
         <kind>archive</kind>
         <file>rtsv7M4_T_le_v4SPD16_eabi.lib</file>
         <name>atoi.c.obj</name>
      </input_file>
      <input_file id="fl-ee">
         <path>C:\ti\ccs1271\ccs\tools\compiler\ti-cgt-arm_20.2.7.LTS\lib\</path>
         <kind>archive</kind>
         <file>rtsv7M4_T_le_v4SPD16_eabi.lib</file>
         <name>ctype.c.obj</name>
      </input_file>
      <input_file id="fl-ef">
         <path>C:\ti\ccs1271\ccs\tools\compiler\ti-cgt-arm_20.2.7.LTS\lib\</path>
         <kind>archive</kind>
         <file>rtsv7M4_T_le_v4SPD16_eabi.lib</file>
         <name>memccpy.c.obj</name>
      </input_file>
      <input_file id="fl-f0">
         <path>C:\ti\ccs1271\ccs\tools\compiler\ti-cgt-arm_20.2.7.LTS\lib\</path>
         <kind>archive</kind>
         <file>rtsv7M4_T_le_v4SPD16_eabi.lib</file>
         <name>strchr.c.obj</name>
      </input_file>
      <input_file id="fl-f1">
         <path>C:\ti\ccs1271\ccs\tools\compiler\ti-cgt-arm_20.2.7.LTS\lib\</path>
         <kind>archive</kind>
         <file>rtsv7M4_T_le_v4SPD16_eabi.lib</file>
         <name>strlen.c.obj</name>
      </input_file>
      <input_file id="fl-f2">
         <path>C:\ti\ccs1271\ccs\tools\compiler\ti-cgt-arm_20.2.7.LTS\lib\</path>
         <kind>archive</kind>
         <file>rtsv7M4_T_le_v4SPD16_eabi.lib</file>
         <name>wcslen.c.obj</name>
      </input_file>
      <input_file id="fl-f3">
         <path>C:\ti\ccs1271\ccs\tools\compiler\ti-cgt-arm_20.2.7.LTS\lib\</path>
         <kind>archive</kind>
         <file>rtsv7M4_T_le_v4SPD16_eabi.lib</file>
         <name>s_copysign.c.obj</name>
      </input_file>
      <input_file id="fl-f4">
         <path>C:\ti\ccs1271\ccs\tools\compiler\ti-cgt-arm_20.2.7.LTS\lib\</path>
         <kind>archive</kind>
         <file>rtsv7M4_T_le_v4SPD16_eabi.lib</file>
         <name>s_frexp.c.obj</name>
      </input_file>
      <input_file id="fl-f5">
         <path>C:\ti\ccs1271\ccs\tools\compiler\ti-cgt-arm_20.2.7.LTS\lib\</path>
         <kind>archive</kind>
         <file>rtsv7M4_T_le_v4SPD16_eabi.lib</file>
         <name>div0.asm.obj</name>
      </input_file>
      <input_file id="fl-f6">
         <path>C:\ti\TivaWare_C_Series-2.2.0.295\driverlib\ccs\Debug\</path>
         <kind>archive</kind>
         <file>driverlib.lib</file>
         <name>interrupt.obj</name>
      </input_file>
      <input_file id="fl-f7">
         <path>C:\ti\TivaWare_C_Series-2.2.0.295\driverlib\ccs\Debug\</path>
         <kind>archive</kind>
         <file>driverlib.lib</file>
         <name>cpu.obj</name>
      </input_file>
   </input_file_list>
   <object_component_list>
      <object_component id="oc-12">
         <name>.intvecs</name>
         <load_address>0x0</load_address>
         <run_address>0x0</run_address>
         <size>0x26c</size>
         <input_file_ref idref="fl-a"/>
      </object_component>
      <object_component id="oc-a2">
         <name>.text</name>
         <load_address>0x26c</load_address>
         <run_address>0x26c</run_address>
         <size>0xf9c</size>
         <input_file_ref idref="fl-6"/>
      </object_component>
      <object_component id="oc-12a">
         <name>.text</name>
         <load_address>0x1208</load_address>
         <run_address>0x1208</run_address>
         <size>0xc20</size>
         <input_file_ref idref="fl-9"/>
      </object_component>
      <object_component id="oc-186">
         <name>.text:__TI_printfi</name>
         <load_address>0x1e28</load_address>
         <run_address>0x1e28</run_address>
         <size>0xa4e</size>
         <input_file_ref idref="fl-e4"/>
      </object_component>
      <object_component id="oc-32d">
         <name>.text:_nop</name>
         <load_address>0x2876</load_address>
         <run_address>0x2876</run_address>
         <size>0x2</size>
         <input_file_ref idref="fl-ea"/>
      </object_component>
      <object_component id="oc-1df">
         <name>.text:__kernel_rem_pio2</name>
         <load_address>0x2878</load_address>
         <run_address>0x2878</run_address>
         <size>0x738</size>
         <input_file_ref idref="fl-de"/>
      </object_component>
      <object_component id="oc-10e">
         <name>.text:tan</name>
         <load_address>0x2fb0</load_address>
         <run_address>0x2fb0</run_address>
         <size>0x508</size>
         <input_file_ref idref="fl-cb"/>
      </object_component>
      <object_component id="oc-124">
         <name>.text</name>
         <load_address>0x34b8</load_address>
         <run_address>0x34b8</run_address>
         <size>0x328</size>
         <input_file_ref idref="fl-7"/>
      </object_component>
      <object_component id="oc-1e5">
         <name>.text:__kernel_tan</name>
         <load_address>0x37e0</load_address>
         <run_address>0x37e0</run_address>
         <size>0x31c</size>
         <input_file_ref idref="fl-e1"/>
      </object_component>
      <object_component id="oc-d7">
         <name>.text</name>
         <load_address>0x3afc</load_address>
         <run_address>0x3afc</run_address>
         <size>0x28c</size>
         <input_file_ref idref="fl-8"/>
      </object_component>
      <object_component id="oc-283">
         <name>.text:_pconv_a</name>
         <load_address>0x3d88</load_address>
         <run_address>0x3d88</run_address>
         <size>0x270</size>
         <input_file_ref idref="fl-e4"/>
      </object_component>
      <object_component id="oc-f9">
         <name>.text</name>
         <load_address>0x3ff8</load_address>
         <run_address>0x3ff8</run_address>
         <size>0x260</size>
         <input_file_ref idref="fl-12"/>
      </object_component>
      <object_component id="oc-11e">
         <name>.text</name>
         <load_address>0x4258</load_address>
         <run_address>0x4258</run_address>
         <size>0x248</size>
         <input_file_ref idref="fl-2"/>
      </object_component>
      <object_component id="oc-e9">
         <name>.text</name>
         <load_address>0x44a0</load_address>
         <run_address>0x44a0</run_address>
         <size>0x1f8</size>
         <input_file_ref idref="fl-b"/>
      </object_component>
      <object_component id="oc-1c7">
         <name>.text</name>
         <load_address>0x4698</load_address>
         <run_address>0x4698</run_address>
         <size>0x1ec</size>
         <input_file_ref idref="fl-14"/>
      </object_component>
      <object_component id="oc-271">
         <name>.text:_pconv_g</name>
         <load_address>0x4884</load_address>
         <run_address>0x4884</run_address>
         <size>0x1d0</size>
         <input_file_ref idref="fl-e4"/>
      </object_component>
      <object_component id="oc-119">
         <name>.text</name>
         <load_address>0x4a54</load_address>
         <run_address>0x4a54</run_address>
         <size>0x1b6</size>
         <input_file_ref idref="fl-ce"/>
      </object_component>
      <object_component id="oc-3f4">
         <name>.text</name>
         <load_address>0x4c0a</load_address>
         <run_address>0x4c0a</run_address>
         <size>0x2</size>
         <input_file_ref idref="fl-f5"/>
      </object_component>
      <object_component id="oc-1c1">
         <name>.text</name>
         <load_address>0x4c0c</load_address>
         <run_address>0x4c0c</run_address>
         <size>0x158</size>
         <input_file_ref idref="fl-15"/>
      </object_component>
      <object_component id="oc-27d">
         <name>.text:_pconv_e</name>
         <load_address>0x4d64</load_address>
         <run_address>0x4d64</run_address>
         <size>0x13c</size>
         <input_file_ref idref="fl-e4"/>
      </object_component>
      <object_component id="oc-109">
         <name>.text</name>
         <load_address>0x4ea0</load_address>
         <run_address>0x4ea0</run_address>
         <size>0x136</size>
         <input_file_ref idref="fl-d0"/>
      </object_component>
      <object_component id="oc-36c">
         <name>.text:fcvt</name>
         <load_address>0x4fd8</load_address>
         <run_address>0x4fd8</run_address>
         <size>0x124</size>
         <input_file_ref idref="fl-e4"/>
      </object_component>
      <object_component id="oc-1cd">
         <name>.text</name>
         <load_address>0x50fc</load_address>
         <run_address>0x50fc</run_address>
         <size>0x118</size>
         <input_file_ref idref="fl-13"/>
      </object_component>
      <object_component id="oc-2c4">
         <name>.text:scalbn</name>
         <load_address>0x5214</load_address>
         <run_address>0x5214</run_address>
         <size>0x110</size>
         <input_file_ref idref="fl-e3"/>
      </object_component>
      <object_component id="oc-3d2">
         <name>.text:aligned_alloc</name>
         <load_address>0x5324</load_address>
         <run_address>0x5324</run_address>
         <size>0x100</size>
         <input_file_ref idref="fl-db"/>
      </object_component>
      <object_component id="oc-104">
         <name>.text</name>
         <load_address>0x5424</load_address>
         <run_address>0x5424</run_address>
         <size>0xfc</size>
         <input_file_ref idref="fl-d1"/>
      </object_component>
      <object_component id="oc-2ca">
         <name>.text:floor</name>
         <load_address>0x5520</load_address>
         <run_address>0x5520</run_address>
         <size>0xf8</size>
         <input_file_ref idref="fl-e2"/>
      </object_component>
      <object_component id="oc-223">
         <name>.text:free</name>
         <load_address>0x5618</load_address>
         <run_address>0x5618</run_address>
         <size>0xe4</size>
         <input_file_ref idref="fl-db"/>
      </object_component>
      <object_component id="oc-26b">
         <name>.text:_ltostr</name>
         <load_address>0x56fc</load_address>
         <run_address>0x56fc</run_address>
         <size>0xb1</size>
         <input_file_ref idref="fl-e4"/>
      </object_component>
      <object_component id="oc-3e">
         <name>.text</name>
         <load_address>0x57ae</load_address>
         <run_address>0x57ae</run_address>
         <size>0x9c</size>
         <input_file_ref idref="fl-d6"/>
      </object_component>
      <object_component id="oc-353">
         <name>.text</name>
         <load_address>0x584a</load_address>
         <run_address>0x584a</run_address>
         <size>0x96</size>
         <input_file_ref idref="fl-e5"/>
      </object_component>
      <object_component id="oc-f4">
         <name>.text:__aeabi_cdcmple</name>
         <load_address>0x58e0</load_address>
         <run_address>0x58e0</run_address>
         <size>0x86</size>
         <input_file_ref idref="fl-cf"/>
      </object_component>
      <object_component id="oc-17f">
         <name>.text:__aeabi_cdrcmple</name>
         <load_address>0x5966</load_address>
         <run_address>0x5966</run_address>
         <size>0x86</size>
         <input_file_ref idref="fl-cf"/>
      </object_component>
      <object_component id="oc-96">
         <name>.text</name>
         <load_address>0x59ec</load_address>
         <run_address>0x59ec</run_address>
         <size>0x7a</size>
         <input_file_ref idref="fl-d7"/>
      </object_component>
      <object_component id="oc-417">
         <name>.text:split</name>
         <load_address>0x5a68</load_address>
         <run_address>0x5a68</run_address>
         <size>0x70</size>
         <input_file_ref idref="fl-db"/>
      </object_component>
      <object_component id="oc-365">
         <name>.text:_mcpy</name>
         <load_address>0x5ad8</load_address>
         <run_address>0x5ad8</run_address>
         <size>0x6e</size>
         <input_file_ref idref="fl-e4"/>
      </object_component>
      <object_component id="oc-114">
         <name>.text</name>
         <load_address>0x5b46</load_address>
         <run_address>0x5b46</run_address>
         <size>0x6e</size>
         <input_file_ref idref="fl-d3"/>
      </object_component>
      <object_component id="oc-15">
         <name>.text:decompress:lzss:__TI_decompress_lzss</name>
         <load_address>0x5bb4</load_address>
         <run_address>0x5bb4</run_address>
         <size>0x68</size>
         <input_file_ref idref="fl-da"/>
      </object_component>
      <object_component id="oc-37a">
         <name>.text:frexp</name>
         <load_address>0x5c1c</load_address>
         <run_address>0x5c1c</run_address>
         <size>0x64</size>
         <input_file_ref idref="fl-f4"/>
      </object_component>
      <object_component id="oc-277">
         <name>.text:_pconv_f</name>
         <load_address>0x5c80</load_address>
         <run_address>0x5c80</run_address>
         <size>0x56</size>
         <input_file_ref idref="fl-e4"/>
      </object_component>
      <object_component id="oc-359">
         <name>.text:__TI_ltoa</name>
         <load_address>0x5cd6</load_address>
         <run_address>0x5cd6</run_address>
         <size>0x54</size>
         <input_file_ref idref="fl-eb"/>
      </object_component>
      <object_component id="oc-35f">
         <name>.text:_ecpy</name>
         <load_address>0x5d2a</load_address>
         <run_address>0x5d2a</run_address>
         <size>0x52</size>
         <input_file_ref idref="fl-e4"/>
      </object_component>
      <object_component id="oc-265">
         <name>.text:atoi</name>
         <load_address>0x5d7c</load_address>
         <run_address>0x5d7c</run_address>
         <size>0x4c</size>
         <input_file_ref idref="fl-ed"/>
      </object_component>
      <object_component id="oc-17a">
         <name>.text</name>
         <load_address>0x5dc8</load_address>
         <run_address>0x5dc8</run_address>
         <size>0x48</size>
         <input_file_ref idref="fl-d2"/>
      </object_component>
      <object_component id="oc-146">
         <name>.text:__TI_auto_init_nobinit_nopinit:__TI_auto_init_nobinit_nopinit</name>
         <load_address>0x5e10</load_address>
         <run_address>0x5e10</run_address>
         <size>0x44</size>
         <input_file_ref idref="fl-e6"/>
      </object_component>
      <object_component id="oc-dd">
         <name>.text:sprintf</name>
         <load_address>0x5e54</load_address>
         <run_address>0x5e54</run_address>
         <size>0x40</size>
         <input_file_ref idref="fl-cc"/>
      </object_component>
      <object_component id="oc-206">
         <name>.text:vsnprintf</name>
         <load_address>0x5e94</load_address>
         <run_address>0x5e94</run_address>
         <size>0x40</size>
         <input_file_ref idref="fl-cd"/>
      </object_component>
      <object_component id="oc-372">
         <name>.text:_fcpy</name>
         <load_address>0x5ed4</load_address>
         <run_address>0x5ed4</run_address>
         <size>0x3e</size>
         <input_file_ref idref="fl-e4"/>
      </object_component>
      <object_component id="oc-21d">
         <name>.text:calloc</name>
         <load_address>0x5f14</load_address>
         <run_address>0x5f14</run_address>
         <size>0x38</size>
         <input_file_ref idref="fl-db"/>
      </object_component>
      <object_component id="oc-ef">
         <name>.text</name>
         <load_address>0x5f4c</load_address>
         <run_address>0x5f4c</run_address>
         <size>0x38</size>
         <input_file_ref idref="fl-d4"/>
      </object_component>
      <object_component id="oc-1b2">
         <name>.text:IntRegister</name>
         <load_address>0x5f84</load_address>
         <run_address>0x5f84</run_address>
         <size>0x34</size>
         <input_file_ref idref="fl-f6"/>
      </object_component>
      <object_component id="oc-5c">
         <name>.text:_c_int00_noargs:_c_int00_noargs</name>
         <load_address>0x5fb8</load_address>
         <run_address>0x5fb8</run_address>
         <size>0x34</size>
         <input_file_ref idref="fl-df"/>
      </object_component>
      <object_component id="oc-2ee">
         <name>.text:_outs</name>
         <load_address>0x5fec</load_address>
         <run_address>0x5fec</run_address>
         <size>0x30</size>
         <input_file_ref idref="fl-cd"/>
      </object_component>
      <object_component id="oc-ff">
         <name>.text</name>
         <load_address>0x601c</load_address>
         <run_address>0x601c</run_address>
         <size>0x2e</size>
         <input_file_ref idref="fl-d5"/>
      </object_component>
      <object_component id="oc-31e">
         <name>.text:free_list_insert</name>
         <load_address>0x604c</load_address>
         <run_address>0x604c</run_address>
         <size>0x28</size>
         <input_file_ref idref="fl-db"/>
      </object_component>
      <object_component id="oc-4a">
         <name>.text:decompress:ZI:__TI_zero_init_nomemset:__TI_zero_init_nomemset</name>
         <load_address>0x6074</load_address>
         <run_address>0x6074</run_address>
         <size>0x1c</size>
         <input_file_ref idref="fl-d8"/>
      </object_component>
      <object_component id="oc-318">
         <name>.text:free_list_remove</name>
         <load_address>0x6090</load_address>
         <run_address>0x6090</run_address>
         <size>0x1c</size>
         <input_file_ref idref="fl-db"/>
      </object_component>
      <object_component id="oc-289">
         <name>.text:memccpy</name>
         <load_address>0x60ac</load_address>
         <run_address>0x60ac</run_address>
         <size>0x1c</size>
         <input_file_ref idref="fl-ef"/>
      </object_component>
      <object_component id="oc-3af">
         <name>.text:copysign</name>
         <load_address>0x60c8</load_address>
         <run_address>0x60c8</run_address>
         <size>0x1a</size>
         <input_file_ref idref="fl-f3"/>
      </object_component>
      <object_component id="oc-2f4">
         <name>.text:_outc</name>
         <load_address>0x60e2</load_address>
         <run_address>0x60e2</run_address>
         <size>0x18</size>
         <input_file_ref idref="fl-cd"/>
      </object_component>
      <object_component id="oc-18c">
         <name>.text:_outs</name>
         <load_address>0x60fa</load_address>
         <run_address>0x60fa</run_address>
         <size>0x18</size>
         <input_file_ref idref="fl-cc"/>
      </object_component>
      <object_component id="oc-229">
         <name>.text:oi_parseInt</name>
         <load_address>0x6112</load_address>
         <run_address>0x6112</run_address>
         <size>0x18</size>
         <input_file_ref idref="fl-9"/>
      </object_component>
      <object_component id="oc-20c">
         <name>.text:strcmp</name>
         <load_address>0x612a</load_address>
         <run_address>0x612a</run_address>
         <size>0x18</size>
         <input_file_ref idref="fl-dc"/>
      </object_component>
      <object_component id="oc-380">
         <name>.text:strchr</name>
         <load_address>0x6142</load_address>
         <run_address>0x6142</run_address>
         <size>0x16</size>
         <input_file_ref idref="fl-f0"/>
      </object_component>
      <object_component id="oc-212">
         <name>.text:strcpy</name>
         <load_address>0x6158</load_address>
         <run_address>0x6158</run_address>
         <size>0x14</size>
         <input_file_ref idref="fl-dd"/>
      </object_component>
      <object_component id="oc-25f">
         <name>.text:strlen</name>
         <load_address>0x616c</load_address>
         <run_address>0x616c</run_address>
         <size>0x14</size>
         <input_file_ref idref="fl-f1"/>
      </object_component>
      <object_component id="oc-28f">
         <name>.text:wcslen</name>
         <load_address>0x6180</load_address>
         <run_address>0x6180</run_address>
         <size>0x12</size>
         <input_file_ref idref="fl-f2"/>
      </object_component>
      <object_component id="oc-1b8">
         <name>.text:IntMasterEnable</name>
         <load_address>0x6192</load_address>
         <run_address>0x6192</run_address>
         <size>0x10</size>
         <input_file_ref idref="fl-f6"/>
      </object_component>
      <object_component id="oc-1ff">
         <name>.text:lcd_clear</name>
         <load_address>0x61a2</load_address>
         <run_address>0x61a2</run_address>
         <size>0x10</size>
         <input_file_ref idref="fl-7"/>
      </object_component>
      <object_component id="oc-1b">
         <name>.text:decompress:none:__TI_decompress_none</name>
         <load_address>0x61b2</load_address>
         <run_address>0x61b2</run_address>
         <size>0xe</size>
         <input_file_ref idref="fl-d9"/>
      </object_component>
      <object_component id="oc-2af">
         <name>.text:CPUcpsie</name>
         <load_address>0x61c0</load_address>
         <run_address>0x61c0</run_address>
         <size>0xc</size>
         <input_file_ref idref="fl-f7"/>
      </object_component>
      <object_component id="oc-2a">
         <name>.text</name>
         <load_address>0x61cc</load_address>
         <run_address>0x61cc</run_address>
         <size>0xc</size>
         <input_file_ref idref="fl-a"/>
      </object_component>
      <object_component id="oc-192">
         <name>.text:_outc</name>
         <load_address>0x61d8</load_address>
         <run_address>0x61d8</run_address>
         <size>0xa</size>
         <input_file_ref idref="fl-cc"/>
      </object_component>
      <object_component id="oc-1eb">
         <name>.text:__aeabi_errno_addr</name>
         <load_address>0x61e4</load_address>
         <run_address>0x61e4</run_address>
         <size>0x8</size>
         <input_file_ref idref="fl-e0"/>
      </object_component>
      <object_component id="oc-311">
         <name>.text:malloc</name>
         <load_address>0x61ec</load_address>
         <run_address>0x61ec</run_address>
         <size>0x8</size>
         <input_file_ref idref="fl-db"/>
      </object_component>
      <object_component id="oc-9c">
         <name>.text:_system_pre_init</name>
         <load_address>0x61f4</load_address>
         <run_address>0x61f4</run_address>
         <size>0x4</size>
         <input_file_ref idref="fl-e7"/>
      </object_component>
      <object_component id="oc-13a">
         <name>.text:abort:abort</name>
         <load_address>0x61f8</load_address>
         <run_address>0x61f8</run_address>
         <size>0x4</size>
         <input_file_ref idref="fl-e9"/>
      </object_component>
      <object_component id="oc-2d0">
         <name>.const:$O1$$</name>
         <load_address>0x6200</load_address>
         <run_address>0x6200</run_address>
         <size>0x158</size>
         <input_file_ref idref="fl-de"/>
      </object_component>
      <object_component id="oc-34e">
         <name>.const:.string:_ctypes_</name>
         <load_address>0x6358</load_address>
         <run_address>0x6358</run_address>
         <size>0x101</size>
         <input_file_ref idref="fl-ee"/>
      </object_component>
      <object_component id="oc-218">
         <name>.const:.string:lineAddress$1</name>
         <load_address>0x6459</load_address>
         <run_address>0x6459</run_address>
         <size>0x4</size>
         <input_file_ref idref="fl-7"/>
      </object_component>
      <object_component id="oc-2db">
         <name>.const:xxx</name>
         <load_address>0x6460</load_address>
         <run_address>0x6460</run_address>
         <size>0x80</size>
         <input_file_ref idref="fl-e1"/>
      </object_component>
      <object_component id="oc-233">
         <name>.const:.string:$P$T0$3</name>
         <load_address>0x64e0</load_address>
         <run_address>0x64e0</run_address>
         <size>0xf</size>
         <input_file_ref idref="fl-9"/>
      </object_component>
      <object_component id="oc-219">
         <name>.const:.string:lineAddresses$2</name>
         <load_address>0x64ef</load_address>
         <run_address>0x64ef</run_address>
         <size>0x4</size>
         <input_file_ref idref="fl-7"/>
      </object_component>
      <object_component id="oc-456">
         <name>.cinit..data.load</name>
         <load_address>0x64f8</load_address>
         <run_address>0x64f8</run_address>
         <size>0x18</size>
      </object_component>
      <object_component id="oc-453">
         <name>__TI_handler_table</name>
         <load_address>0x6510</load_address>
         <run_address>0x6510</run_address>
         <size>0xc</size>
      </object_component>
      <object_component id="oc-457">
         <name>.cinit..bss.load</name>
         <load_address>0x6520</load_address>
         <run_address>0x6520</run_address>
         <size>0x8</size>
      </object_component>
      <object_component id="oc-455">
         <name>.cinit..vtable.load</name>
         <load_address>0x6528</load_address>
         <run_address>0x6528</run_address>
         <size>0x8</size>
      </object_component>
      <object_component id="oc-454">
         <name>__TI_cinit_table</name>
         <load_address>0x6530</load_address>
         <run_address>0x6530</run_address>
         <size>0x18</size>
      </object_component>
      <object_component id="oc-2a5">
         <name>.vtable</name>
         <uninitialized>true</uninitialized>
         <run_address>0x20000000</run_address>
         <size>0x26c</size>
         <input_file_ref idref="fl-f6"/>
      </object_component>
      <object_component id="oc-1fa">
         <name>.data</name>
         <load_address>0x20000f34</load_address>
         <run_address>0x20000f34</run_address>
         <size>0x1</size>
         <input_file_ref idref="fl-2"/>
      </object_component>
      <object_component id="oc-230">
         <name>.data</name>
         <load_address>0x20000efc</load_address>
         <run_address>0x20000efc</run_address>
         <size>0x20</size>
         <input_file_ref idref="fl-9"/>
      </object_component>
      <object_component id="oc-1d3">
         <name>.data</name>
         <load_address>0x20000f2c</load_address>
         <run_address>0x20000f2c</run_address>
         <size>0x4</size>
         <input_file_ref idref="fl-12"/>
      </object_component>
      <object_component id="oc-3d9">
         <name>.data:$O1$$</name>
         <load_address>0x20000f24</load_address>
         <run_address>0x20000f24</run_address>
         <size>0x8</size>
         <input_file_ref idref="fl-db"/>
      </object_component>
      <object_component id="oc-2e0">
         <name>.data</name>
         <load_address>0x20000f30</load_address>
         <run_address>0x20000f30</run_address>
         <size>0x4</size>
         <input_file_ref idref="fl-e0"/>
      </object_component>
      <object_component id="oc-23f">
         <name>.data:$O1$$</name>
         <load_address>0x20000f1c</load_address>
         <run_address>0x20000f1c</run_address>
         <size>0x8</size>
         <input_file_ref idref="fl-ea"/>
      </object_component>
      <object_component id="oc-21a">
         <name>.bss:lastbuffer$3</name>
         <uninitialized>true</uninitialized>
         <run_address>0x20000e70</run_address>
         <size>0x54</size>
         <input_file_ref idref="fl-7"/>
      </object_component>
      <object_component id="oc-236">
         <name>.bss:firmware$2</name>
         <uninitialized>true</uninitialized>
         <run_address>0x20000ec4</run_address>
         <size>0x18</size>
         <input_file_ref idref="fl-9"/>
      </object_component>
      <object_component id="oc-1fd">
         <name>.common:_timeout_ticks</name>
         <uninitialized>true</uninitialized>
         <run_address>0x20000edc</run_address>
         <size>0x4</size>
      </object_component>
      <object_component id="oc-130">
         <name>.common:right_calibration_value</name>
         <uninitialized>true</uninitialized>
         <run_address>0x20000ef0</run_address>
         <size>0x4</size>
      </object_component>
      <object_component id="oc-133">
         <name>.common:left_calibration_value</name>
         <uninitialized>true</uninitialized>
         <run_address>0x20000ee8</run_address>
         <size>0x4</size>
      </object_component>
      <object_component id="oc-e8">
         <name>.common:uart_data</name>
         <uninitialized>true</uninitialized>
         <run_address>0x20000efa</run_address>
         <size>0x1</size>
      </object_component>
      <object_component id="oc-e3">
         <name>.common:flag</name>
         <uninitialized>true</uninitialized>
         <run_address>0x20000ef8</run_address>
         <size>0x1</size>
      </object_component>
      <object_component id="oc-2be">
         <name>.common:isr_int_value</name>
         <uninitialized>true</uninitialized>
         <run_address>0x20000ee4</run_address>
         <size>0x4</size>
      </object_component>
      <object_component id="oc-2ba">
         <name>.common:risingEdge</name>
         <uninitialized>true</uninitialized>
         <run_address>0x20000ef4</run_address>
         <size>0x4</size>
      </object_component>
      <object_component id="oc-2bb">
         <name>.common:fallingEdge</name>
         <uninitialized>true</uninitialized>
         <run_address>0x20000ee0</run_address>
         <size>0x4</size>
      </object_component>
      <object_component id="oc-2bc">
         <name>.common:pulseLength</name>
         <uninitialized>true</uninitialized>
         <run_address>0x20000eec</run_address>
         <size>0x4</size>
      </object_component>
      <object_component id="oc-2b7">
         <name>.common:isRisingEdge</name>
         <uninitialized>true</uninitialized>
         <run_address>0x20000ef9</run_address>
         <size>0x1</size>
      </object_component>
      <object_component id="oc-24">
         <name>.sysmem</name>
         <uninitialized>true</uninitialized>
         <run_address>0x20000a70</run_address>
         <size>0x10</size>
         <input_file_ref idref="fl-db"/>
      </object_component>
      <object_component id="oc-45a">
         <name>.sysmem</name>
         <uninitialized>true</uninitialized>
         <run_address>0x20000a70</run_address>
         <size>0x0</size>
      </object_component>
      <object_component id="oc-27">
         <name>.stack</name>
         <uninitialized>true</uninitialized>
         <run_address>0x20000270</run_address>
         <size>0x4</size>
         <input_file_ref idref="fl-df"/>
      </object_component>
      <object_component id="oc-459">
         <name>.stack</name>
         <uninitialized>true</uninitialized>
         <run_address>0x20000270</run_address>
         <size>0x0</size>
      </object_component>
      <object_component id="oc-c5">
         <name>.debug_info</name>
         <load_address>0x0</load_address>
         <run_address>0x0</run_address>
         <size>0x2af</size>
         <input_file_ref idref="fl-2"/>
      </object_component>
      <object_component id="oc-1fb">
         <name>.debug_info</name>
         <load_address>0x2af</load_address>
         <run_address>0x2af</run_address>
         <size>0xbd</size>
         <input_file_ref idref="fl-2"/>
      </object_component>
      <object_component id="oc-11f">
         <name>.debug_info</name>
         <load_address>0x36c</load_address>
         <run_address>0x36c</run_address>
         <size>0x505</size>
         <input_file_ref idref="fl-2"/>
      </object_component>
      <object_component id="oc-77">
         <name>.debug_info</name>
         <load_address>0x871</load_address>
         <run_address>0x871</run_address>
         <size>0x26b</size>
         <input_file_ref idref="fl-2"/>
      </object_component>
      <object_component id="oc-39">
         <name>.debug_info</name>
         <load_address>0xadc</load_address>
         <run_address>0xadc</run_address>
         <size>0x84</size>
         <input_file_ref idref="fl-2"/>
      </object_component>
      <object_component id="oc-c0">
         <name>.debug_info</name>
         <load_address>0xb60</load_address>
         <run_address>0xb60</run_address>
         <size>0x2a4</size>
         <input_file_ref idref="fl-2"/>
      </object_component>
      <object_component id="oc-7c">
         <name>.debug_info</name>
         <load_address>0xe04</load_address>
         <run_address>0xe04</run_address>
         <size>0xbb</size>
         <input_file_ref idref="fl-2"/>
      </object_component>
      <object_component id="oc-e4">
         <name>.debug_info</name>
         <load_address>0xebf</load_address>
         <run_address>0xebf</run_address>
         <size>0x6b1</size>
         <input_file_ref idref="fl-6"/>
      </object_component>
      <object_component id="oc-a3">
         <name>.debug_info</name>
         <load_address>0x1570</load_address>
         <run_address>0x1570</run_address>
         <size>0x14af</size>
         <input_file_ref idref="fl-6"/>
      </object_component>
      <object_component id="oc-1a1">
         <name>.debug_info</name>
         <load_address>0x2a1f</load_address>
         <run_address>0x2a1f</run_address>
         <size>0x5aa</size>
         <input_file_ref idref="fl-6"/>
      </object_component>
      <object_component id="oc-135">
         <name>.debug_info</name>
         <load_address>0x2fc9</load_address>
         <run_address>0x2fc9</run_address>
         <size>0x9d</size>
         <input_file_ref idref="fl-6"/>
      </object_component>
      <object_component id="oc-30c">
         <name>.debug_info</name>
         <load_address>0x3066</load_address>
         <run_address>0x3066</run_address>
         <size>0xcc</size>
         <input_file_ref idref="fl-6"/>
      </object_component>
      <object_component id="oc-19a">
         <name>.debug_info</name>
         <load_address>0x3132</load_address>
         <run_address>0x3132</run_address>
         <size>0x2c</size>
         <input_file_ref idref="fl-6"/>
      </object_component>
      <object_component id="oc-1a6">
         <name>.debug_info</name>
         <load_address>0x315e</load_address>
         <run_address>0x315e</run_address>
         <size>0x35</size>
         <input_file_ref idref="fl-6"/>
      </object_component>
      <object_component id="oc-21c">
         <name>.debug_info</name>
         <load_address>0x3193</load_address>
         <run_address>0x3193</run_address>
         <size>0x37d</size>
         <input_file_ref idref="fl-7"/>
      </object_component>
      <object_component id="oc-200">
         <name>.debug_info</name>
         <load_address>0x3510</load_address>
         <run_address>0x3510</run_address>
         <size>0x112</size>
         <input_file_ref idref="fl-7"/>
      </object_component>
      <object_component id="oc-125">
         <name>.debug_info</name>
         <load_address>0x3622</load_address>
         <run_address>0x3622</run_address>
         <size>0x89e</size>
         <input_file_ref idref="fl-7"/>
      </object_component>
      <object_component id="oc-185">
         <name>.debug_info</name>
         <load_address>0x3ec0</load_address>
         <run_address>0x3ec0</run_address>
         <size>0x2e4</size>
         <input_file_ref idref="fl-8"/>
      </object_component>
      <object_component id="oc-d8">
         <name>.debug_info</name>
         <load_address>0x41a4</load_address>
         <run_address>0x41a4</run_address>
         <size>0x7ce</size>
         <input_file_ref idref="fl-8"/>
      </object_component>
      <object_component id="oc-238">
         <name>.debug_info</name>
         <load_address>0x4972</load_address>
         <run_address>0x4972</run_address>
         <size>0x3fa</size>
         <input_file_ref idref="fl-9"/>
      </object_component>
      <object_component id="oc-231">
         <name>.debug_info</name>
         <load_address>0x4d6c</load_address>
         <run_address>0x4d6c</run_address>
         <size>0x10f</size>
         <input_file_ref idref="fl-9"/>
      </object_component>
      <object_component id="oc-234">
         <name>.debug_info</name>
         <load_address>0x4e7b</load_address>
         <run_address>0x4e7b</run_address>
         <size>0xc4</size>
         <input_file_ref idref="fl-9"/>
      </object_component>
      <object_component id="oc-22a">
         <name>.debug_info</name>
         <load_address>0x4f3f</load_address>
         <run_address>0x4f3f</run_address>
         <size>0x13c</size>
         <input_file_ref idref="fl-9"/>
      </object_component>
      <object_component id="oc-12b">
         <name>.debug_info</name>
         <load_address>0x507b</load_address>
         <run_address>0x507b</run_address>
         <size>0x1986</size>
         <input_file_ref idref="fl-9"/>
      </object_component>
      <object_component id="oc-1ad">
         <name>.debug_info</name>
         <load_address>0x6a01</load_address>
         <run_address>0x6a01</run_address>
         <size>0x8b</size>
         <input_file_ref idref="fl-9"/>
      </object_component>
      <object_component id="oc-32">
         <name>.debug_info</name>
         <load_address>0x6a8c</load_address>
         <run_address>0x6a8c</run_address>
         <size>0x299</size>
         <input_file_ref idref="fl-a"/>
      </object_component>
      <object_component id="oc-13">
         <name>.debug_info</name>
         <load_address>0x6d25</load_address>
         <run_address>0x6d25</run_address>
         <size>0xd8</size>
         <input_file_ref idref="fl-a"/>
      </object_component>
      <object_component id="oc-2b">
         <name>.debug_info</name>
         <load_address>0x6dfd</load_address>
         <run_address>0x6dfd</run_address>
         <size>0x254</size>
         <input_file_ref idref="fl-a"/>
      </object_component>
      <object_component id="oc-e6">
         <name>.debug_info</name>
         <load_address>0x7051</load_address>
         <run_address>0x7051</run_address>
         <size>0x2f2</size>
         <input_file_ref idref="fl-b"/>
      </object_component>
      <object_component id="oc-eb">
         <name>.debug_info</name>
         <load_address>0x7343</load_address>
         <run_address>0x7343</run_address>
         <size>0x39d</size>
         <input_file_ref idref="fl-b"/>
      </object_component>
      <object_component id="oc-131">
         <name>.debug_info</name>
         <load_address>0x76e0</load_address>
         <run_address>0x76e0</run_address>
         <size>0x485</size>
         <input_file_ref idref="fl-12"/>
      </object_component>
      <object_component id="oc-1d4">
         <name>.debug_info</name>
         <load_address>0x7b65</load_address>
         <run_address>0x7b65</run_address>
         <size>0x114</size>
         <input_file_ref idref="fl-12"/>
      </object_component>
      <object_component id="oc-fb">
         <name>.debug_info</name>
         <load_address>0x7c79</load_address>
         <run_address>0x7c79</run_address>
         <size>0x4ce</size>
         <input_file_ref idref="fl-12"/>
      </object_component>
      <object_component id="oc-1d7">
         <name>.debug_info</name>
         <load_address>0x8147</load_address>
         <run_address>0x8147</run_address>
         <size>0x9d</size>
         <input_file_ref idref="fl-12"/>
      </object_component>
      <object_component id="oc-2bf">
         <name>.debug_info</name>
         <load_address>0x81e4</load_address>
         <run_address>0x81e4</run_address>
         <size>0x2b7</size>
         <input_file_ref idref="fl-13"/>
      </object_component>
      <object_component id="oc-1ce">
         <name>.debug_info</name>
         <load_address>0x849b</load_address>
         <run_address>0x849b</run_address>
         <size>0x266</size>
         <input_file_ref idref="fl-13"/>
      </object_component>
      <object_component id="oc-2b8">
         <name>.debug_info</name>
         <load_address>0x8701</load_address>
         <run_address>0x8701</run_address>
         <size>0x3ba</size>
         <input_file_ref idref="fl-14"/>
      </object_component>
      <object_component id="oc-1c9">
         <name>.debug_info</name>
         <load_address>0x8abb</load_address>
         <run_address>0x8abb</run_address>
         <size>0x270</size>
         <input_file_ref idref="fl-14"/>
      </object_component>
      <object_component id="oc-1c5">
         <name>.debug_info</name>
         <load_address>0x8d2b</load_address>
         <run_address>0x8d2b</run_address>
         <size>0x296</size>
         <input_file_ref idref="fl-15"/>
      </object_component>
      <object_component id="oc-1f2">
         <name>.debug_info</name>
         <load_address>0x8fc1</load_address>
         <run_address>0x8fc1</run_address>
         <size>0x36a</size>
         <input_file_ref idref="fl-cb"/>
      </object_component>
      <object_component id="oc-10f">
         <name>.debug_info</name>
         <load_address>0x932b</load_address>
         <run_address>0x932b</run_address>
         <size>0x5d4</size>
         <input_file_ref idref="fl-cb"/>
      </object_component>
      <object_component id="oc-2e7">
         <name>.debug_info</name>
         <load_address>0x98ff</load_address>
         <run_address>0x98ff</run_address>
         <size>0x46</size>
         <input_file_ref idref="fl-cb"/>
      </object_component>
      <object_component id="oc-1f3">
         <name>.debug_info</name>
         <load_address>0x9945</load_address>
         <run_address>0x9945</run_address>
         <size>0x39</size>
         <input_file_ref idref="fl-cb"/>
      </object_component>
      <object_component id="oc-199">
         <name>.debug_info</name>
         <load_address>0x997e</load_address>
         <run_address>0x997e</run_address>
         <size>0x333</size>
         <input_file_ref idref="fl-cc"/>
      </object_component>
      <object_component id="oc-e1">
         <name>.debug_info</name>
         <load_address>0x9cb1</load_address>
         <run_address>0x9cb1</run_address>
         <size>0x1d1</size>
         <input_file_ref idref="fl-cc"/>
      </object_component>
      <object_component id="oc-18e">
         <name>.debug_info</name>
         <load_address>0x9e82</load_address>
         <run_address>0x9e82</run_address>
         <size>0x18d</size>
         <input_file_ref idref="fl-cc"/>
      </object_component>
      <object_component id="oc-194">
         <name>.debug_info</name>
         <load_address>0xa00f</load_address>
         <run_address>0xa00f</run_address>
         <size>0x16d</size>
         <input_file_ref idref="fl-cc"/>
      </object_component>
      <object_component id="oc-2fc">
         <name>.debug_info</name>
         <load_address>0xa17c</load_address>
         <run_address>0xa17c</run_address>
         <size>0x2c</size>
         <input_file_ref idref="fl-cc"/>
      </object_component>
      <object_component id="oc-2fb">
         <name>.debug_info</name>
         <load_address>0xa1a8</load_address>
         <run_address>0xa1a8</run_address>
         <size>0x340</size>
         <input_file_ref idref="fl-cd"/>
      </object_component>
      <object_component id="oc-208">
         <name>.debug_info</name>
         <load_address>0xa4e8</load_address>
         <run_address>0xa4e8</run_address>
         <size>0x208</size>
         <input_file_ref idref="fl-cd"/>
      </object_component>
      <object_component id="oc-2ef">
         <name>.debug_info</name>
         <load_address>0xa6f0</load_address>
         <run_address>0xa6f0</run_address>
         <size>0x1c6</size>
         <input_file_ref idref="fl-cd"/>
      </object_component>
      <object_component id="oc-2f7">
         <name>.debug_info</name>
         <load_address>0xa8b6</load_address>
         <run_address>0xa8b6</run_address>
         <size>0x179</size>
         <input_file_ref idref="fl-cd"/>
      </object_component>
      <object_component id="oc-301">
         <name>.debug_info</name>
         <load_address>0xaa2f</load_address>
         <run_address>0xaa2f</run_address>
         <size>0x69</size>
         <input_file_ref idref="fl-cd"/>
      </object_component>
      <object_component id="oc-11a">
         <name>.debug_info</name>
         <load_address>0xaa98</load_address>
         <run_address>0xaa98</run_address>
         <size>0x14c</size>
         <input_file_ref idref="fl-ce"/>
      </object_component>
      <object_component id="oc-f6">
         <name>.debug_info</name>
         <load_address>0xabe4</load_address>
         <run_address>0xabe4</run_address>
         <size>0x128</size>
         <input_file_ref idref="fl-cf"/>
      </object_component>
      <object_component id="oc-180">
         <name>.debug_info</name>
         <load_address>0xad0c</load_address>
         <run_address>0xad0c</run_address>
         <size>0x12a</size>
         <input_file_ref idref="fl-cf"/>
      </object_component>
      <object_component id="oc-10a">
         <name>.debug_info</name>
         <load_address>0xae36</load_address>
         <run_address>0xae36</run_address>
         <size>0x13a</size>
         <input_file_ref idref="fl-d0"/>
      </object_component>
      <object_component id="oc-106">
         <name>.debug_info</name>
         <load_address>0xaf70</load_address>
         <run_address>0xaf70</run_address>
         <size>0x13a</size>
         <input_file_ref idref="fl-d1"/>
      </object_component>
      <object_component id="oc-17c">
         <name>.debug_info</name>
         <load_address>0xb0aa</load_address>
         <run_address>0xb0aa</run_address>
         <size>0x12e</size>
         <input_file_ref idref="fl-d2"/>
      </object_component>
      <object_component id="oc-117">
         <name>.debug_info</name>
         <load_address>0xb1d8</load_address>
         <run_address>0xb1d8</run_address>
         <size>0x13e</size>
         <input_file_ref idref="fl-d3"/>
      </object_component>
      <object_component id="oc-f1">
         <name>.debug_info</name>
         <load_address>0xb316</load_address>
         <run_address>0xb316</run_address>
         <size>0x12c</size>
         <input_file_ref idref="fl-d4"/>
      </object_component>
      <object_component id="oc-102">
         <name>.debug_info</name>
         <load_address>0xb442</load_address>
         <run_address>0xb442</run_address>
         <size>0x12c</size>
         <input_file_ref idref="fl-d5"/>
      </object_component>
      <object_component id="oc-3f">
         <name>.debug_info</name>
         <load_address>0xb56e</load_address>
         <run_address>0xb56e</run_address>
         <size>0x119</size>
         <input_file_ref idref="fl-d6"/>
      </object_component>
      <object_component id="oc-97">
         <name>.debug_info</name>
         <load_address>0xb687</load_address>
         <run_address>0xb687</run_address>
         <size>0x147</size>
         <input_file_ref idref="fl-d7"/>
      </object_component>
      <object_component id="oc-95">
         <name>.debug_info</name>
         <load_address>0xb7ce</load_address>
         <run_address>0xb7ce</run_address>
         <size>0x2d4</size>
         <input_file_ref idref="fl-d8"/>
      </object_component>
      <object_component id="oc-4b">
         <name>.debug_info</name>
         <load_address>0xbaa2</load_address>
         <run_address>0xbaa2</run_address>
         <size>0x1d2</size>
         <input_file_ref idref="fl-d8"/>
      </object_component>
      <object_component id="oc-90">
         <name>.debug_info</name>
         <load_address>0xbc74</load_address>
         <run_address>0xbc74</run_address>
         <size>0x46</size>
         <input_file_ref idref="fl-d8"/>
      </object_component>
      <object_component id="oc-ce">
         <name>.debug_info</name>
         <load_address>0xbcba</load_address>
         <run_address>0xbcba</run_address>
         <size>0x2c</size>
         <input_file_ref idref="fl-d8"/>
      </object_component>
      <object_component id="oc-49">
         <name>.debug_info</name>
         <load_address>0xbce6</load_address>
         <run_address>0xbce6</run_address>
         <size>0x2a8</size>
         <input_file_ref idref="fl-d9"/>
      </object_component>
      <object_component id="oc-1d">
         <name>.debug_info</name>
         <load_address>0xbf8e</load_address>
         <run_address>0xbf8e</run_address>
         <size>0x1ea</size>
         <input_file_ref idref="fl-d9"/>
      </object_component>
      <object_component id="oc-44">
         <name>.debug_info</name>
         <load_address>0xc178</load_address>
         <run_address>0xc178</run_address>
         <size>0x46</size>
         <input_file_ref idref="fl-d9"/>
      </object_component>
      <object_component id="oc-88">
         <name>.debug_info</name>
         <load_address>0xc1be</load_address>
         <run_address>0xc1be</run_address>
         <size>0x2c</size>
         <input_file_ref idref="fl-d9"/>
      </object_component>
      <object_component id="oc-86">
         <name>.debug_info</name>
         <load_address>0xc1ea</load_address>
         <run_address>0xc1ea</run_address>
         <size>0x29e</size>
         <input_file_ref idref="fl-da"/>
      </object_component>
      <object_component id="oc-18">
         <name>.debug_info</name>
         <load_address>0xc488</load_address>
         <run_address>0xc488</run_address>
         <size>0x250</size>
         <input_file_ref idref="fl-da"/>
      </object_component>
      <object_component id="oc-34">
         <name>.debug_info</name>
         <load_address>0xc6d8</load_address>
         <run_address>0xc6d8</run_address>
         <size>0x60</size>
         <input_file_ref idref="fl-da"/>
      </object_component>
      <object_component id="oc-c7">
         <name>.debug_info</name>
         <load_address>0xc738</load_address>
         <run_address>0xc738</run_address>
         <size>0x46</size>
         <input_file_ref idref="fl-da"/>
      </object_component>
      <object_component id="oc-81">
         <name>.debug_info</name>
         <load_address>0xc77e</load_address>
         <run_address>0xc77e</run_address>
         <size>0x39</size>
         <input_file_ref idref="fl-da"/>
      </object_component>
      <object_component id="oc-70">
         <name>.debug_info</name>
         <load_address>0xc7b7</load_address>
         <run_address>0xc7b7</run_address>
         <size>0x3b2</size>
         <input_file_ref idref="fl-db"/>
      </object_component>
      <object_component id="oc-25">
         <name>.debug_info</name>
         <load_address>0xcb69</load_address>
         <run_address>0xcb69</run_address>
         <size>0x10c</size>
         <input_file_ref idref="fl-db"/>
      </object_component>
      <object_component id="oc-3da">
         <name>.debug_info</name>
         <load_address>0xcc75</load_address>
         <run_address>0xcc75</run_address>
         <size>0x13f</size>
         <input_file_ref idref="fl-db"/>
      </object_component>
      <object_component id="oc-312">
         <name>.debug_info</name>
         <load_address>0xcdb4</load_address>
         <run_address>0xcdb4</run_address>
         <size>0x168</size>
         <input_file_ref idref="fl-db"/>
      </object_component>
      <object_component id="oc-31b">
         <name>.debug_info</name>
         <load_address>0xcf1c</load_address>
         <run_address>0xcf1c</run_address>
         <size>0x18e</size>
         <input_file_ref idref="fl-db"/>
      </object_component>
      <object_component id="oc-31f">
         <name>.debug_info</name>
         <load_address>0xd0aa</load_address>
         <run_address>0xd0aa</run_address>
         <size>0x19f</size>
         <input_file_ref idref="fl-db"/>
      </object_component>
      <object_component id="oc-225">
         <name>.debug_info</name>
         <load_address>0xd249</load_address>
         <run_address>0xd249</run_address>
         <size>0x203</size>
         <input_file_ref idref="fl-db"/>
      </object_component>
      <object_component id="oc-419">
         <name>.debug_info</name>
         <load_address>0xd44c</load_address>
         <run_address>0xd44c</run_address>
         <size>0x1db</size>
         <input_file_ref idref="fl-db"/>
      </object_component>
      <object_component id="oc-21e">
         <name>.debug_info</name>
         <load_address>0xd627</load_address>
         <run_address>0xd627</run_address>
         <size>0x1a5</size>
         <input_file_ref idref="fl-db"/>
      </object_component>
      <object_component id="oc-3d3">
         <name>.debug_info</name>
         <load_address>0xd7cc</load_address>
         <run_address>0xd7cc</run_address>
         <size>0x299</size>
         <input_file_ref idref="fl-db"/>
      </object_component>
      <object_component id="oc-bb">
         <name>.debug_info</name>
         <load_address>0xda65</load_address>
         <run_address>0xda65</run_address>
         <size>0xb2</size>
         <input_file_ref idref="fl-db"/>
      </object_component>
      <object_component id="oc-b6">
         <name>.debug_info</name>
         <load_address>0xdb17</load_address>
         <run_address>0xdb17</run_address>
         <size>0x2c</size>
         <input_file_ref idref="fl-db"/>
      </object_component>
      <object_component id="oc-307">
         <name>.debug_info</name>
         <load_address>0xdb43</load_address>
         <run_address>0xdb43</run_address>
         <size>0x28a</size>
         <input_file_ref idref="fl-dc"/>
      </object_component>
      <object_component id="oc-20e">
         <name>.debug_info</name>
         <load_address>0xddcd</load_address>
         <run_address>0xddcd</run_address>
         <size>0x273</size>
         <input_file_ref idref="fl-dc"/>
      </object_component>
      <object_component id="oc-309">
         <name>.debug_info</name>
         <load_address>0xe040</load_address>
         <run_address>0xe040</run_address>
         <size>0x2a4</size>
         <input_file_ref idref="fl-dd"/>
      </object_component>
      <object_component id="oc-214">
         <name>.debug_info</name>
         <load_address>0xe2e4</load_address>
         <run_address>0xe2e4</run_address>
         <size>0x24d</size>
         <input_file_ref idref="fl-dd"/>
      </object_component>
      <object_component id="oc-2d4">
         <name>.debug_info</name>
         <load_address>0xe531</load_address>
         <run_address>0xe531</run_address>
         <size>0x3aa</size>
         <input_file_ref idref="fl-de"/>
      </object_component>
      <object_component id="oc-2d1">
         <name>.debug_info</name>
         <load_address>0xe8db</load_address>
         <run_address>0xe8db</run_address>
         <size>0x13a</size>
         <input_file_ref idref="fl-de"/>
      </object_component>
      <object_component id="oc-1e1">
         <name>.debug_info</name>
         <load_address>0xea15</load_address>
         <run_address>0xea15</run_address>
         <size>0x72f</size>
         <input_file_ref idref="fl-de"/>
      </object_component>
      <object_component id="oc-3bd">
         <name>.debug_info</name>
         <load_address>0xf144</load_address>
         <run_address>0xf144</run_address>
         <size>0x39</size>
         <input_file_ref idref="fl-de"/>
      </object_component>
      <object_component id="oc-2d6">
         <name>.debug_info</name>
         <load_address>0xf17d</load_address>
         <run_address>0xf17d</run_address>
         <size>0x2c</size>
         <input_file_ref idref="fl-de"/>
      </object_component>
      <object_component id="oc-28">
         <name>.debug_info</name>
         <load_address>0xf1a9</load_address>
         <run_address>0xf1a9</run_address>
         <size>0x10b</size>
         <input_file_ref idref="fl-df"/>
      </object_component>
      <object_component id="oc-60">
         <name>.debug_info</name>
         <load_address>0xf2b4</load_address>
         <run_address>0xf2b4</run_address>
         <size>0x1a9</size>
         <input_file_ref idref="fl-df"/>
      </object_component>
      <object_component id="oc-2e4">
         <name>.debug_info</name>
         <load_address>0xf45d</load_address>
         <run_address>0xf45d</run_address>
         <size>0x289</size>
         <input_file_ref idref="fl-e0"/>
      </object_component>
      <object_component id="oc-2e1">
         <name>.debug_info</name>
         <load_address>0xf6e6</load_address>
         <run_address>0xf6e6</run_address>
         <size>0x10e</size>
         <input_file_ref idref="fl-e0"/>
      </object_component>
      <object_component id="oc-1ee">
         <name>.debug_info</name>
         <load_address>0xf7f4</load_address>
         <run_address>0xf7f4</run_address>
         <size>0x14e</size>
         <input_file_ref idref="fl-e0"/>
      </object_component>
      <object_component id="oc-2df">
         <name>.debug_info</name>
         <load_address>0xf942</load_address>
         <run_address>0xf942</run_address>
         <size>0x29b</size>
         <input_file_ref idref="fl-e1"/>
      </object_component>
      <object_component id="oc-2dc">
         <name>.debug_info</name>
         <load_address>0xfbdd</load_address>
         <run_address>0xfbdd</run_address>
         <size>0xfa</size>
         <input_file_ref idref="fl-e1"/>
      </object_component>
      <object_component id="oc-1e9">
         <name>.debug_info</name>
         <load_address>0xfcd7</load_address>
         <run_address>0xfcd7</run_address>
         <size>0x5d3</size>
         <input_file_ref idref="fl-e1"/>
      </object_component>
      <object_component id="oc-3b8">
         <name>.debug_info</name>
         <load_address>0x102aa</load_address>
         <run_address>0x102aa</run_address>
         <size>0x28a</size>
         <input_file_ref idref="fl-e2"/>
      </object_component>
      <object_component id="oc-2cb">
         <name>.debug_info</name>
         <load_address>0x10534</load_address>
         <run_address>0x10534</run_address>
         <size>0x22a</size>
         <input_file_ref idref="fl-e2"/>
      </object_component>
      <object_component id="oc-3b6">
         <name>.debug_info</name>
         <load_address>0x1075e</load_address>
         <run_address>0x1075e</run_address>
         <size>0x2f8</size>
         <input_file_ref idref="fl-e3"/>
      </object_component>
      <object_component id="oc-2c5">
         <name>.debug_info</name>
         <load_address>0x10a56</load_address>
         <run_address>0x10a56</run_address>
         <size>0x225</size>
         <input_file_ref idref="fl-e3"/>
      </object_component>
      <object_component id="oc-296">
         <name>.debug_info</name>
         <load_address>0x10c7b</load_address>
         <run_address>0x10c7b</run_address>
         <size>0x590</size>
         <input_file_ref idref="fl-e4"/>
      </object_component>
      <object_component id="oc-26c">
         <name>.debug_info</name>
         <load_address>0x1120b</load_address>
         <run_address>0x1120b</run_address>
         <size>0x21e</size>
         <input_file_ref idref="fl-e4"/>
      </object_component>
      <object_component id="oc-360">
         <name>.debug_info</name>
         <load_address>0x11429</load_address>
         <run_address>0x11429</run_address>
         <size>0x1b3</size>
         <input_file_ref idref="fl-e4"/>
      </object_component>
      <object_component id="oc-366">
         <name>.debug_info</name>
         <load_address>0x115dc</load_address>
         <run_address>0x115dc</run_address>
         <size>0x21b</size>
         <input_file_ref idref="fl-e4"/>
      </object_component>
      <object_component id="oc-272">
         <name>.debug_info</name>
         <load_address>0x117f7</load_address>
         <run_address>0x117f7</run_address>
         <size>0x3c0</size>
         <input_file_ref idref="fl-e4"/>
      </object_component>
      <object_component id="oc-36d">
         <name>.debug_info</name>
         <load_address>0x11bb7</load_address>
         <run_address>0x11bb7</run_address>
         <size>0x30a</size>
         <input_file_ref idref="fl-e4"/>
      </object_component>
      <object_component id="oc-373">
         <name>.debug_info</name>
         <load_address>0x11ec1</load_address>
         <run_address>0x11ec1</run_address>
         <size>0x215</size>
         <input_file_ref idref="fl-e4"/>
      </object_component>
      <object_component id="oc-278">
         <name>.debug_info</name>
         <load_address>0x120d6</load_address>
         <run_address>0x120d6</run_address>
         <size>0x215</size>
         <input_file_ref idref="fl-e4"/>
      </object_component>
      <object_component id="oc-27e">
         <name>.debug_info</name>
         <load_address>0x122eb</load_address>
         <run_address>0x122eb</run_address>
         <size>0x304</size>
         <input_file_ref idref="fl-e4"/>
      </object_component>
      <object_component id="oc-284">
         <name>.debug_info</name>
         <load_address>0x125ef</load_address>
         <run_address>0x125ef</run_address>
         <size>0x4b5</size>
         <input_file_ref idref="fl-e4"/>
      </object_component>
      <object_component id="oc-187">
         <name>.debug_info</name>
         <load_address>0x12aa4</load_address>
         <run_address>0x12aa4</run_address>
         <size>0x5f4</size>
         <input_file_ref idref="fl-e4"/>
      </object_component>
      <object_component id="oc-297">
         <name>.debug_info</name>
         <load_address>0x13098</load_address>
         <run_address>0x13098</run_address>
         <size>0x86</size>
         <input_file_ref idref="fl-e4"/>
      </object_component>
      <object_component id="oc-392">
         <name>.debug_info</name>
         <load_address>0x1311e</load_address>
         <run_address>0x1311e</run_address>
         <size>0x39</size>
         <input_file_ref idref="fl-e4"/>
      </object_component>
      <object_component id="oc-40d">
         <name>.debug_info</name>
         <load_address>0x13157</load_address>
         <run_address>0x13157</run_address>
         <size>0xb6</size>
         <input_file_ref idref="fl-e4"/>
      </object_component>
      <object_component id="oc-397">
         <name>.debug_info</name>
         <load_address>0x1320d</load_address>
         <run_address>0x1320d</run_address>
         <size>0x46</size>
         <input_file_ref idref="fl-e4"/>
      </object_component>
      <object_component id="oc-29c">
         <name>.debug_info</name>
         <load_address>0x13253</load_address>
         <run_address>0x13253</run_address>
         <size>0x46</size>
         <input_file_ref idref="fl-e4"/>
      </object_component>
      <object_component id="oc-355">
         <name>.debug_info</name>
         <load_address>0x13299</load_address>
         <run_address>0x13299</run_address>
         <size>0x134</size>
         <input_file_ref idref="fl-e5"/>
      </object_component>
      <object_component id="oc-246">
         <name>.debug_info</name>
         <load_address>0x133cd</load_address>
         <run_address>0x133cd</run_address>
         <size>0x4b3</size>
         <input_file_ref idref="fl-e6"/>
      </object_component>
      <object_component id="oc-147">
         <name>.debug_info</name>
         <load_address>0x13880</load_address>
         <run_address>0x13880</run_address>
         <size>0x1a6</size>
         <input_file_ref idref="fl-e6"/>
      </object_component>
      <object_component id="oc-33b">
         <name>.debug_info</name>
         <load_address>0x13a26</load_address>
         <run_address>0x13a26</run_address>
         <size>0x39</size>
         <input_file_ref idref="fl-e6"/>
      </object_component>
      <object_component id="oc-3e1">
         <name>.debug_info</name>
         <load_address>0x13a5f</load_address>
         <run_address>0x13a5f</run_address>
         <size>0x39</size>
         <input_file_ref idref="fl-e6"/>
      </object_component>
      <object_component id="oc-340">
         <name>.debug_info</name>
         <load_address>0x13a98</load_address>
         <run_address>0x13a98</run_address>
         <size>0x39</size>
         <input_file_ref idref="fl-e6"/>
      </object_component>
      <object_component id="oc-345">
         <name>.debug_info</name>
         <load_address>0x13ad1</load_address>
         <run_address>0x13ad1</run_address>
         <size>0xcd</size>
         <input_file_ref idref="fl-e6"/>
      </object_component>
      <object_component id="oc-9d">
         <name>.debug_info</name>
         <load_address>0x13b9e</load_address>
         <run_address>0x13b9e</run_address>
         <size>0x153</size>
         <input_file_ref idref="fl-e7"/>
      </object_component>
      <object_component id="oc-13b">
         <name>.debug_info</name>
         <load_address>0x13cf1</load_address>
         <run_address>0x13cf1</run_address>
         <size>0x122</size>
         <input_file_ref idref="fl-e9"/>
      </object_component>
      <object_component id="oc-335">
         <name>.debug_info</name>
         <load_address>0x13e13</load_address>
         <run_address>0x13e13</run_address>
         <size>0x2c9</size>
         <input_file_ref idref="fl-ea"/>
      </object_component>
      <object_component id="oc-240">
         <name>.debug_info</name>
         <load_address>0x140dc</load_address>
         <run_address>0x140dc</run_address>
         <size>0x11e</size>
         <input_file_ref idref="fl-ea"/>
      </object_component>
      <object_component id="oc-32e">
         <name>.debug_info</name>
         <load_address>0x141fa</load_address>
         <run_address>0x141fa</run_address>
         <size>0x12e</size>
         <input_file_ref idref="fl-ea"/>
      </object_component>
      <object_component id="oc-3fb">
         <name>.debug_info</name>
         <load_address>0x14328</load_address>
         <run_address>0x14328</run_address>
         <size>0x29c</size>
         <input_file_ref idref="fl-eb"/>
      </object_component>
      <object_component id="oc-35c">
         <name>.debug_info</name>
         <load_address>0x145c4</load_address>
         <run_address>0x145c4</run_address>
         <size>0x1da</size>
         <input_file_ref idref="fl-eb"/>
      </object_component>
      <object_component id="oc-352">
         <name>.debug_info</name>
         <load_address>0x1479e</load_address>
         <run_address>0x1479e</run_address>
         <size>0x2b9</size>
         <input_file_ref idref="fl-ed"/>
      </object_component>
      <object_component id="oc-269">
         <name>.debug_info</name>
         <load_address>0x14a57</load_address>
         <run_address>0x14a57</run_address>
         <size>0x17c</size>
         <input_file_ref idref="fl-ed"/>
      </object_component>
      <object_component id="oc-3f1">
         <name>.debug_info</name>
         <load_address>0x14bd3</load_address>
         <run_address>0x14bd3</run_address>
         <size>0xf9</size>
         <input_file_ref idref="fl-ee"/>
      </object_component>
      <object_component id="oc-34f">
         <name>.debug_info</name>
         <load_address>0x14ccc</load_address>
         <run_address>0x14ccc</run_address>
         <size>0x105</size>
         <input_file_ref idref="fl-ee"/>
      </object_component>
      <object_component id="oc-388">
         <name>.debug_info</name>
         <load_address>0x14dd1</load_address>
         <run_address>0x14dd1</run_address>
         <size>0x2a7</size>
         <input_file_ref idref="fl-ef"/>
      </object_component>
      <object_component id="oc-28a">
         <name>.debug_info</name>
         <load_address>0x15078</load_address>
         <run_address>0x15078</run_address>
         <size>0x1b8</size>
         <input_file_ref idref="fl-ef"/>
      </object_component>
      <object_component id="oc-403">
         <name>.debug_info</name>
         <load_address>0x15230</load_address>
         <run_address>0x15230</run_address>
         <size>0x29a</size>
         <input_file_ref idref="fl-f0"/>
      </object_component>
      <object_component id="oc-382">
         <name>.debug_info</name>
         <load_address>0x154ca</load_address>
         <run_address>0x154ca</run_address>
         <size>0x262</size>
         <input_file_ref idref="fl-f0"/>
      </object_component>
      <object_component id="oc-34d">
         <name>.debug_info</name>
         <load_address>0x1572c</load_address>
         <run_address>0x1572c</run_address>
         <size>0x28f</size>
         <input_file_ref idref="fl-f1"/>
[...]
         <value>0x182b</value>
         <object_component_ref idref="oc-12a"/>
      </symbol>
      <symbol id="sm-27a">
         <name>oi_shutoff_init</name>
         <value>0x1aed</value>
         <object_component_ref idref="oc-12a"/>
      </symbol>
      <symbol id="sm-27b">
         <name>motor_cal_factor_L</name>
         <value>0x20000efc</value>
         <object_component_ref idref="oc-230"/>
      </symbol>
      <symbol id="sm-27c">
         <name>motor_cal_factor_R</name>
         <value>0x20000f00</value>
         <object_component_ref idref="oc-230"/>
      </symbol>
      <symbol id="sm-27d">
         <name>oi_parseInt</name>
         <value>0x6113</value>
         <object_component_ref idref="oc-229"/>
      </symbol>
      <symbol id="sm-27e">
         <name>oi_setMotorCalibration</name>
         <value>0x1d4d</value>
         <object_component_ref idref="oc-12a"/>
      </symbol>
      <symbol id="sm-27f">
         <name>oi_uartSendStr</name>
         <value>0x19f5</value>
         <object_component_ref idref="oc-12a"/>
      </symbol>
      <symbol id="sm-280">
         <name>oi_close</name>
         <value>0x1263</value>
         <object_component_ref idref="oc-12a"/>
      </symbol>
      <symbol id="sm-281">
         <name>oi_uartSendBuff</name>
         <value>0x1a13</value>
         <object_component_ref idref="oc-12a"/>
      </symbol>
      <symbol id="sm-282">
         <name>oi_checkFirmware</name>
         <value>0x1a45</value>
         <object_component_ref idref="oc-12a"/>
      </symbol>
      <symbol id="sm-283">
         <name>oi_init_noupdate</name>
         <value>0x1225</value>
         <object_component_ref idref="oc-12a"/>
      </symbol>
      <symbol id="sm-284">
         <name>oi_uartSendChar</name>
         <value>0x19b1</value>
         <object_component_ref idref="oc-12a"/>
      </symbol>
      <symbol id="sm-285">
         <name>oi_alloc</name>
         <value>0x1209</value>
         <object_component_ref idref="oc-12a"/>
      </symbol>
      <symbol id="sm-286">
         <name>oi_getMotorCalibrationLeft</name>
         <value>0x1d89</value>
         <object_component_ref idref="oc-12a"/>
      </symbol>
      <symbol id="sm-287">
         <name>oi_loadSong</name>
         <value>0x18b1</value>
         <object_component_ref idref="oc-12a"/>
      </symbol>
      <symbol id="sm-288">
         <name>oi_play_song</name>
         <value>0x1907</value>
         <object_component_ref idref="oc-12a"/>
      </symbol>
      <symbol id="sm-289">
         <name>oi_parsePacket</name>
         <value>0x12c7</value>
         <object_component_ref idref="oc-12a"/>
      </symbol>
      <symbol id="sm-28a">
         <name>oi_setLeds</name>
         <value>0x17e7</value>
         <object_component_ref idref="oc-12a"/>
      </symbol>
      <symbol id="sm-28b">
         <name>oi_init</name>
         <value>0x124d</value>
         <object_component_ref idref="oc-12a"/>
      </symbol>
      <symbol id="sm-28c">
         <name>oi_update</name>
         <value>0x1275</value>
         <object_component_ref idref="oc-12a"/>
      </symbol>
      <symbol id="sm-28d">
         <name>oi_uartInit</name>
         <value>0x1929</value>
         <object_component_ref idref="oc-12a"/>
      </symbol>
      <symbol id="sm-2a9">
         <name>ResetISR</name>
         <value>0x61cd</value>
         <object_component_ref idref="oc-2a"/>
      </symbol>
      <symbol id="sm-2aa">
         <name>g_pfnVectors</name>
         <value>0x0</value>
         <object_component_ref idref="oc-12"/>
      </symbol>
      <symbol id="sm-2db">
         <name>UART1_Handler</name>
         <value>0x45f7</value>
         <object_component_ref idref="oc-e9"/>
      </symbol>
      <symbol id="sm-2dc">
         <name>uart_sendChar</name>
         <value>0x455b</value>
         <object_component_ref idref="oc-e9"/>
      </symbol>
      <symbol id="sm-2dd">
         <name>uart_init</name>
         <value>0x44a1</value>
         <object_component_ref idref="oc-e9"/>
      </symbol>
      <symbol id="sm-2de">
         <name>uart_receive</name>
         <value>0x4577</value>
         <object_component_ref idref="oc-e9"/>
      </symbol>
      <symbol id="sm-2df">
         <name>init_char_interrupt</name>
         <value>0x45a7</value>
         <object_component_ref idref="oc-e9"/>
      </symbol>
      <symbol id="sm-2e0">
         <name>uart_sendStr</name>
         <value>0x459d</value>
         <object_component_ref idref="oc-e9"/>
      </symbol>
      <symbol id="sm-31c">
         <name>cyBOT_SERVO_cal</name>
         <value>0x40d1</value>
         <object_component_ref idref="oc-f9"/>
      </symbol>
      <symbol id="sm-31d">
         <name>cyBOT_Scan</name>
         <value>0x405f</value>
         <object_component_ref idref="oc-f9"/>
      </symbol>
      <symbol id="sm-31e">
         <name>cyBOT_scan_features</name>
         <value>0x20000f2c</value>
         <object_component_ref idref="oc-1d3"/>
      </symbol>
      <symbol id="sm-31f">
         <name>cyBOT_scan_version</name>
         <value>0x3ff9</value>
         <object_component_ref idref="oc-f9"/>
      </symbol>
      <symbol id="sm-320">
         <name>cyBOT_init_Scan</name>
         <value>0x4007</value>
         <object_component_ref idref="oc-f9"/>
      </symbol>
      <symbol id="sm-347">
         <name>isr_int_value</name>
         <value>0x20000ee4</value>
      </symbol>
      <symbol id="sm-348">
         <name>ir_enableInterrupt</name>
         <value>0x51ab</value>
         <object_component_ref idref="oc-1cd"/>
      </symbol>
      <symbol id="sm-349">
         <name>ir_getDistance</name>
         <value>0x518d</value>
         <object_component_ref idref="oc-1cd"/>
      </symbol>
      <symbol id="sm-34a">
         <name>ir_init</name>
         <value>0x50fd</value>
         <object_component_ref idref="oc-1cd"/>
      </symbol>
      <symbol id="sm-34b">
         <name>ADC0SS0_Handler</name>
         <value>0x5195</value>
         <object_component_ref idref="oc-1cd"/>
      </symbol>
      <symbol id="sm-34c">
         <name>ir_getValue</name>
         <value>0x5165</value>
         <object_component_ref idref="oc-1cd"/>
      </symbol>
      <symbol id="sm-37b">
         <name>risingEdge</name>
         <value>0x20000ef4</value>
      </symbol>
      <symbol id="sm-37c">
         <name>fallingEdge</name>
         <value>0x20000ee0</value>
      </symbol>
      <symbol id="sm-37d">
         <name>pulseLength</name>
         <value>0x20000eec</value>
      </symbol>
      <symbol id="sm-37e">
         <name>isRisingEdge</name>
         <value>0x20000ef9</value>
      </symbol>
      <symbol id="sm-37f">
         <name>TIMER3B_Handler</name>
         <value>0x4789</value>
         <object_component_ref idref="oc-1c7"/>
      </symbol>
      <symbol id="sm-380">
         <name>ping_init</name>
         <value>0x4699</value>
         <object_component_ref idref="oc-1c7"/>
      </symbol>
      <symbol id="sm-381">
         <name>ping_getDistance</name>
         <value>0x47db</value>
         <object_component_ref idref="oc-1c7"/>
      </symbol>
      <symbol id="sm-382">
         <name>ping_trigger</name>
         <value>0x471f</value>
         <object_component_ref idref="oc-1c7"/>
      </symbol>
      <symbol id="sm-3a4">
         <name>servo_move</name>
         <value>0x4c9d</value>
         <object_component_ref idref="oc-1c1"/>
      </symbol>
      <symbol id="sm-3a5">
         <name>servo_init</name>
         <value>0x4c0d</value>
         <object_component_ref idref="oc-1c1"/>
      </symbol>
      <symbol id="sm-3a6">
         <name>servo_stop</name>
         <value>0x4c91</value>
         <object_component_ref idref="oc-1c1"/>
      </symbol>
      <symbol id="sm-3a7">
         <name>servo_setPWM</name>
         <value>0x4cfd</value>
         <object_component_ref idref="oc-1c1"/>
      </symbol>
      <symbol id="sm-402">
         <name>tanl</name>
         <value>0x2fb1</value>
         <object_component_ref idref="oc-10e"/>
      </symbol>
      <symbol id="sm-403">
         <name>tan</name>
         <value>0x2fb1</value>
         <object_component_ref idref="oc-10e"/>
      </symbol>
      <symbol id="sm-42a">
         <name>sprintf</name>
         <value>0x5e55</value>
         <object_component_ref idref="oc-dd"/>
      </symbol>
      <symbol id="sm-454">
         <name>vsnprintf</name>
         <value>0x5e95</value>
         <object_component_ref idref="oc-206"/>
      </symbol>
      <symbol id="sm-46b">
         <name>__aeabi_dsub</name>
         <value>0x4a55</value>
         <object_component_ref idref="oc-119"/>
      </symbol>
      <symbol id="sm-46c">
         <name>__aeabi_dadd</name>
         <value>0x4a5f</value>
         <object_component_ref idref="oc-119"/>
      </symbol>
      <symbol id="sm-48e">
         <name>__aeabi_cdcmpeq</name>
         <value>0x58e1</value>
         <object_component_ref idref="oc-f4"/>
      </symbol>
      <symbol id="sm-48f">
         <name>__aeabi_cdcmple</name>
         <value>0x58e1</value>
         <object_component_ref idref="oc-f4"/>
      </symbol>
      <symbol id="sm-490">
         <name>__aeabi_cdrcmple</name>
         <value>0x5967</value>
         <object_component_ref idref="oc-17f"/>
      </symbol>
      <symbol id="sm-4a4">
         <name>__aeabi_ddiv</name>
         <value>0x4ea1</value>
         <object_component_ref idref="oc-109"/>
      </symbol>
      <symbol id="sm-4af">
         <name>__aeabi_dmul</name>
         <value>0x5425</value>
         <object_component_ref idref="oc-104"/>
      </symbol>
      <symbol id="sm-4b9">
         <name>__aeabi_d2iz</name>
         <value>0x5dc9</value>
         <object_component_ref idref="oc-17a"/>
      </symbol>
      <symbol id="sm-4c5">
         <name>__aeabi_d2f</name>
         <value>0x5b47</value>
         <object_component_ref idref="oc-114"/>
      </symbol>
      <symbol id="sm-4d0">
         <name>__aeabi_f2d</name>
         <value>0x5f4d</value>
         <object_component_ref idref="oc-ef"/>
      </symbol>
      <symbol id="sm-4da">
         <name>__aeabi_i2d</name>
         <value>0x601d</value>
         <object_component_ref idref="oc-ff"/>
      </symbol>
      <symbol id="sm-4f5">
         <name>memcpy</name>
         <value>0x57af</value>
         <object_component_ref idref="oc-3e"/>
      </symbol>
      <symbol id="sm-4f6">
         <name>__aeabi_memcpy</name>
         <value>0x57af</value>
         <object_component_ref idref="oc-3e"/>
      </symbol>
      <symbol id="sm-4f7">
         <name>__aeabi_memcpy8</name>
         <value>0x57af</value>
         <object_component_ref idref="oc-3e"/>
      </symbol>
      <symbol id="sm-4f8">
         <name>__aeabi_memcpy4</name>
         <value>0x57af</value>
         <object_component_ref idref="oc-3e"/>
      </symbol>
      <symbol id="sm-507">
         <name>__aeabi_memset</name>
         <value>0x59ef</value>
         <object_component_ref idref="oc-96"/>
      </symbol>
      <symbol id="sm-508">
         <name>memset</name>
         <value>0x59f5</value>
         <object_component_ref idref="oc-96"/>
      </symbol>
      <symbol id="sm-509">
         <name>__aeabi_memset8</name>
         <value>0x59ef</value>
         <object_component_ref idref="oc-96"/>
      </symbol>
      <symbol id="sm-50a">
         <name>__aeabi_memset4</name>
         <value>0x59ef</value>
         <object_component_ref idref="oc-96"/>
      </symbol>
      <symbol id="sm-50b">
         <name>__aeabi_memclr8</name>
         <value>0x59ed</value>
         <object_component_ref idref="oc-96"/>
      </symbol>
      <symbol id="sm-50c">
         <name>__aeabi_memclr4</name>
         <value>0x59ed</value>
         <object_component_ref idref="oc-96"/>
      </symbol>
      <symbol id="sm-50d">
         <name>__aeabi_memclr</name>
         <value>0x59ed</value>
         <object_component_ref idref="oc-96"/>
      </symbol>
      <symbol id="sm-526">
         <name>__TI_zero_init_nomemset</name>
         <value>0x6075</value>
         <object_component_ref idref="oc-4a"/>
      </symbol>
      <symbol id="sm-53d">
         <name>__TI_decompress_none</name>
         <value>0x61b3</value>
         <object_component_ref idref="oc-1b"/>
      </symbol>
      <symbol id="sm-560">
         <name>__TI_decompress_lzss</name>
         <value>0x5bb5</value>
         <object_component_ref idref="oc-15"/>
      </symbol>
      <symbol id="sm-5f5">
         <name>_sys_memory</name>
         <value>0x20000a70</value>
         <object_component_ref idref="oc-24"/>
      </symbol>
      <symbol id="sm-5f6">
         <name>free</name>
         <value>0x5619</value>
         <object_component_ref idref="oc-223"/>
      </symbol>
      <symbol id="sm-5f7">
         <name>memalign</name>
         <value>0x5325</value>
         <object_component_ref idref="oc-3d2"/>
      </symbol>
      <symbol id="sm-5f8">
         <name>calloc</name>
         <value>0x5f15</value>
         <object_component_ref idref="oc-21d"/>
      </symbol>
      <symbol id="sm-5f9">
         <name>malloc</name>
         <value>0x61ed</value>
         <object_component_ref idref="oc-311"/>
      </symbol>
      <symbol id="sm-5fa">
         <name>aligned_alloc</name>
         <value>0x5325</value>
         <object_component_ref idref="oc-3d2"/>
      </symbol>
      <symbol id="sm-609">
         <name>strcmp</name>
         <value>0x612b</value>
         <object_component_ref idref="oc-20c"/>
      </symbol>
      <symbol id="sm-617">
         <name>strcpy</name>
         <value>0x6159</value>
         <object_component_ref idref="oc-212"/>
      </symbol>
      <symbol id="sm-687">
         <name>__kernel_rem_pio2</name>
         <value>0x2879</value>
         <object_component_ref idref="oc-1df"/>
      </symbol>
      <symbol id="sm-69a">
         <name>__stack</name>
         <value>0x20000270</value>
         <object_component_ref idref="oc-27"/>
      </symbol>
      <symbol id="sm-69b">
         <name>_c_int00_noargs</name>
         <value>0x5fb9</value>
         <object_component_ref idref="oc-5c"/>
      </symbol>
      <symbol id="sm-6b1">
         <name>__aeabi_errno_addr</name>
         <value>0x61e5</value>
         <object_component_ref idref="oc-1eb"/>
      </symbol>
      <symbol id="sm-6b2">
         <name>errno</name>
         <value>0x20000f30</value>
         <object_component_ref idref="oc-2e0"/>
      </symbol>
      <symbol id="sm-6d1">
         <name>__kernel_tan</name>
         <value>0x37e1</value>
         <object_component_ref idref="oc-1e5"/>
      </symbol>
      <symbol id="sm-6ee">
         <name>floorl</name>
         <value>0x5521</value>
         <object_component_ref idref="oc-2ca"/>
      </symbol>
      <symbol id="sm-6ef">
         <name>floor</name>
         <value>0x5521</value>
         <object_component_ref idref="oc-2ca"/>
      </symbol>
      <symbol id="sm-70c">
         <name>scalbn</name>
         <value>0x5215</value>
         <object_component_ref idref="oc-2c4"/>
      </symbol>
      <symbol id="sm-70d">
         <name>scalbnl</name>
         <value>0x5215</value>
         <object_component_ref idref="oc-2c4"/>
      </symbol>
      <symbol id="sm-70e">
         <name>ldexpl</name>
         <value>0x5215</value>
         <object_component_ref idref="oc-2c4"/>
      </symbol>
      <symbol id="sm-70f">
         <name>ldexp</name>
         <value>0x5215</value>
         <object_component_ref idref="oc-2c4"/>
      </symbol>
      <symbol id="sm-874">
         <name>__TI_printfi</name>
         <value>0x1e29</value>
         <object_component_ref idref="oc-186"/>
      </symbol>
      <symbol id="sm-881">
         <name>__aeabi_uldivmod</name>
         <value>0x584b</value>
         <object_component_ref idref="oc-353"/>
      </symbol>
      <symbol id="sm-8a9">
         <name>__TI_auto_init_nobinit_nopinit</name>
         <value>0x5e11</value>
         <object_component_ref idref="oc-146"/>
      </symbol>
      <symbol id="sm-8b3">
         <name>_system_pre_init</name>
         <value>0x61f5</value>
         <object_component_ref idref="oc-9c"/>
      </symbol>
      <symbol id="sm-8bf">
         <name>C$$EXIT</name>
         <value>0x61f9</value>
         <object_component_ref idref="oc-13a"/>
      </symbol>
      <symbol id="sm-8c0">
         <name>abort</name>
         <value>0x61f9</value>
         <object_component_ref idref="oc-13a"/>
      </symbol>
      <symbol id="sm-8d5">
         <name>_nop</name>
         <value>0x2877</value>
         <object_component_ref idref="oc-32d"/>
      </symbol>
      <symbol id="sm-8d6">
         <name>_lock</name>
         <value>0x20000f1c</value>
         <object_component_ref idref="oc-23f"/>
      </symbol>
      <symbol id="sm-8d7">
         <name>_unlock</name>
         <value>0x20000f20</value>
         <object_component_ref idref="oc-23f"/>
      </symbol>
      <symbol id="sm-8e6">
         <name>__TI_ltoa</name>
         <value>0x5cd7</value>
         <object_component_ref idref="oc-359"/>
      </symbol>
      <symbol id="sm-8fd">
         <name>atoi</name>
         <value>0x5d7d</value>
         <object_component_ref idref="oc-265"/>
      </symbol>
      <symbol id="sm-908">
         <name>_ctypes_</name>
         <value>0x6358</value>
         <object_component_ref idref="oc-34e"/>
      </symbol>
      <symbol id="sm-918">
         <name>memccpy</name>
         <value>0x60ad</value>
         <object_component_ref idref="oc-289"/>
      </symbol>
      <symbol id="sm-928">
         <name>strchr</name>
         <value>0x6143</value>
         <object_component_ref idref="oc-380"/>
      </symbol>
      <symbol id="sm-936">
         <name>strlen</name>
         <value>0x616d</value>
         <object_component_ref idref="oc-25f"/>
      </symbol>
      <symbol id="sm-94f">
         <name>wcslen</name>
         <value>0x6181</value>
         <object_component_ref idref="oc-28f"/>
      </symbol>
      <symbol id="sm-959">
         <name>copysign</name>
         <value>0x60c9</value>
         <object_component_ref idref="oc-3af"/>
      </symbol>
      <symbol id="sm-95a">
         <name>copysignl</name>
         <value>0x60c9</value>
         <object_component_ref idref="oc-3af"/>
      </symbol>
      <symbol id="sm-970">
         <name>frexpl</name>
         <value>0x5c1d</value>
         <object_component_ref idref="oc-37a"/>
      </symbol>
      <symbol id="sm-971">
         <name>frexp</name>
         <value>0x5c1d</value>
         <object_component_ref idref="oc-37a"/>
      </symbol>
      <symbol id="sm-97b">
         <name>__aeabi_idiv0</name>
         <value>0x4c0b</value>
         <object_component_ref idref="oc-3f4"/>
      </symbol>
      <symbol id="sm-97c">
         <name>__aeabi_ldiv0</name>
         <value>0x4c0b</value>
         <object_component_ref idref="oc-3f4"/>
      </symbol>
      <symbol id="sm-9ab">
         <name>IntRegister</name>
         <value>0x5f85</value>
         <object_component_ref idref="oc-1b2"/>
      </symbol>
      <symbol id="sm-9ac">
         <name>g_pfnRAMVectors</name>
         <value>0x20000000</value>
         <object_component_ref idref="oc-2a5"/>
      </symbol>
      <symbol id="sm-9ad">
         <name>IntMasterEnable</name>
         <value>0x6193</value>
         <object_component_ref idref="oc-1b8"/>
      </symbol>
      <symbol id="sm-9b7">
         <name>CPUcpsie</name>
         <value>0x61c1</value>
         <object_component_ref idref="oc-2af"/>
      </symbol>
      <symbol id="sm-9b8">
         <name>__TI_static_base__</name>
         <value>0x0</value>
      </symbol>
      <symbol id="sm-9bb">
         <name>__mpu_init</name>
         <value>0x0</value>
      </symbol>
      <symbol id="sm-9bc">
         <name>_system_post_cinit</name>
         <value>0x0</value>
      </symbol>
   </symbol_table>
   <title>Link successful</title>
</link_info>
