******************************************************************************
                  TI ARM Linker PC v20.2.7                     
******************************************************************************
>> Linked Thu Nov 14 11:33:57 2024

OUTPUT FILE NAME:   <lab_10.out>
ENTRY POINT SYMBOL: "_c_int00_noargs"  address: 00005b4d


MEMORY CONFIGURATION

         name            origin    length      used     unused   attr    fill
----------------------  --------  ---------  --------  --------  ----  --------
  FLASH                 00000000   00040000  000060fb  00039f05  R  X
  SRAM                  20000000   00008000  00000f28  000070d8  RW X


SEGMENT ALLOCATION MAP

run origin  load origin   length   init length attrs members
----------  ----------- ---------- ----------- ----- -------
00000000    00000000    00006100   00006100    r-x
  00000000    00000000    0000026c   0000026c    r-- .intvecs
  0000026c    0000026c    00005b44   00005b44    r-x .text
  00005db0    00005db0    000002f3   000002f3    r-- .const
  000060a8    000060a8    00000058   00000058    r-- .cinit
20000000    20000000    00000f2d   00000000    rw-
  20000000    20000000    0000026c   00000000    rw- .vtable
  20000270    20000270    00000800   00000000    rw- .stack
  20000a70    20000a70    00000400   00000000    rw- .sysmem
  20000e70    20000e70    0000007f   00000000    rw- .bss
  20000ef0    20000ef0    0000003d   00000000    rw- .data


SECTION ALLOCATION MAP

 output                                  attributes/
section   page    origin      length       input sections
--------  ----  ----------  ----------   ----------------
.intvecs   0    00000000    0000026c     
                  00000000    0000026c     tm4c123gh6pm_startup_ccs.obj (.intvecs)

.text      0    0000026c    00005b44     
                  0000026c    00000c20     open_interface.obj (.text)
                  00000e8c    00000a4e     rtsv7M4_T_le_v4SPD16_eabi.lib : _printfi.c.obj (.text:__TI_printfi)
                  000018da    00000002                                   : _lock.c.obj (.text:_nop)
                  000018dc    00000738                                   : k_rem_pio2.c.obj (.text:__kernel_rem_pio2)
                  00002014    00000508                                   : s_tan.c.obj (.text:tan)
                  0000251c    000004c4     dataClean.obj (.text)
                  000029e0    00000328     lcd.obj (.text)
                  00002d08    0000031c     rtsv7M4_T_le_v4SPD16_eabi.lib : k_tan.c.obj (.text:__kernel_tan)
                  00003024    000002fc     lab10part4.obj (.text)
                  00003320    0000028c     movement.obj (.text)
                  000035ac    00000270     rtsv7M4_T_le_v4SPD16_eabi.lib : _printfi.c.obj (.text:_pconv_a)
                  0000381c    00000248     Timer.obj (.text)
                  00003a64    00000234     ping.obj (.text)
                  00003c98    00000200     comms.obj (.text)
                  00003e98    000001f8     uart.obj (.text)
                  00004090    000001f0     servo.obj (.text)
                  00004280    000001d0     rtsv7M4_T_le_v4SPD16_eabi.lib : _printfi.c.obj (.text:_pconv_g)
                  00004450    000001b6                                   : fd_add_t2.asm.obj (.text)
                  00004606    00000002                                   : div0.asm.obj (.text)
                  00004608    00000190     navigation.obj (.text)
                  00004798    0000016c     scan.obj (.text)
                  00004904    0000013c     rtsv7M4_T_le_v4SPD16_eabi.lib : _printfi.c.obj (.text:_pconv_e)
                  00004a40    00000136                                   : fd_div_t2.asm.obj (.text)
                  00004b76    00000002     --HOLE-- [fill = 0]
                  00004b78    00000124                                   : _printfi.c.obj (.text:fcvt)
                  00004c9c    00000110                                   : s_scalbn.c.obj (.text:scalbn)
                  00004dac    0000010c     adc.obj (.text)
                  00004eb8    00000100     rtsv7M4_T_le_v4SPD16_eabi.lib : memory.c.obj (.text:aligned_alloc)
                  00004fb8    000000fc                                   : fd_mul_t2.asm.obj (.text)
                  000050b4    000000f8                                   : s_floor.c.obj (.text:floor)
                  000051ac    000000e4                                   : memory.c.obj (.text:free)
                  00005290    000000b1                                   : _printfi.c.obj (.text:_ltostr)
                  00005341    00000001     --HOLE-- [fill = 0]
                  00005342    0000009c                                   : memcpy_t2.asm.obj (.text)
                  000053de    00000096                                   : ull_div_t2.asm.obj (.text)
                  00005474    00000086                                   : fd_cmp_t2.asm.obj (.text:__aeabi_cdcmple)
                  000054fa    00000086                                   : fd_cmp_t2.asm.obj (.text:__aeabi_cdrcmple)
                  00005580    0000007a                                   : memset_t2.asm.obj (.text)
                  000055fa    00000002     --HOLE-- [fill = 0]
                  000055fc    00000070                                   : memory.c.obj (.text:split)
                  0000566c    0000006e                                   : _printfi.c.obj (.text:_mcpy)
                  000056da    0000006e                                   : fd_tos_t2.asm.obj (.text)
                  00005748    00000068                                   : copy_decompress_lzss.c.obj (.text:decompress:lzss:__TI_decompress_lzss)
                  000057b0    00000064                                   : s_frexp.c.obj (.text:frexp)
                  00005814    00000056                                   : _printfi.c.obj (.text:_pconv_f)
                  0000586a    00000054                                   : _ltoa.c.obj (.text:__TI_ltoa)
                  000058be    00000052                                   : _printfi.c.obj (.text:_ecpy)
                  00005910    0000004c                                   : atoi.c.obj (.text:atoi)
                  0000595c    00000048                                   : fd_toi_t2.asm.obj (.text)
                  000059a4    00000044                                   : autoinit.c.obj (.text:__TI_auto_init_nobinit_nopinit:__TI_auto_init_nobinit_nopinit)
                  000059e8    00000040                                   : sprintf.c.obj (.text:sprintf)
                  00005a28    00000040                                   : vsnprintf.c.obj (.text:vsnprintf)
                  00005a68    0000003e                                   : _printfi.c.obj (.text:_fcpy)
                  00005aa6    00000002     --HOLE-- [fill = 0]
                  00005aa8    00000038                                   : memory.c.obj (.text:calloc)
                  00005ae0    00000038                                   : fs_tod_t2.asm.obj (.text)
                  00005b18    00000034     driverlib.lib : interrupt.obj (.text:IntRegister)
                  00005b4c    00000034     rtsv7M4_T_le_v4SPD16_eabi.lib : boot_cortex_m.c.obj (.text:_c_int00_noargs:_c_int00_noargs)
                  00005b80    00000030                                   : vsnprintf.c.obj (.text:_outs)
                  00005bb0    0000002e                                   : i_tofd_t2.asm.obj (.text)
                  00005bde    00000002     --HOLE-- [fill = 0]
                  00005be0    00000028                                   : memory.c.obj (.text:free_list_insert)
                  00005c08    00000020                                   : u_tofd_t2.asm.obj (.text)
                  00005c28    0000001c                                   : copy_zero_init.c.obj (.text:decompress:ZI:__TI_zero_init_nomemset:__TI_zero_init_nomemset)
                  00005c44    0000001c                                   : memory.c.obj (.text:free_list_remove)
                  00005c60    0000001c                                   : memccpy.c.obj (.text:memccpy)
                  00005c7c    0000001a                                   : s_copysign.c.obj (.text:copysign)
                  00005c96    00000018                                   : vsnprintf.c.obj (.text:_outc)
                  00005cae    00000018                                   : sprintf.c.obj (.text:_outs)
                  00005cc6    00000018     open_interface.obj (.text:oi_parseInt)
                  00005cde    00000018     rtsv7M4_T_le_v4SPD16_eabi.lib : strcmp.c.obj (.text:strcmp)
                  00005cf6    00000016                                   : strchr.c.obj (.text:strchr)
                  00005d0c    00000014                                   : strcpy.c.obj (.text:strcpy)
                  00005d20    00000014                                   : strlen.c.obj (.text:strlen)
                  00005d34    00000012                                   : wcslen.c.obj (.text:wcslen)
                  00005d46    00000010     driverlib.lib : interrupt.obj (.text:IntMasterEnable)
                  00005d56    00000010     lcd.obj (.text:lcd_clear)
                  00005d66    0000000e     rtsv7M4_T_le_v4SPD16_eabi.lib : copy_decompress_none.c.obj (.text:decompress:none:__TI_decompress_none)
                  00005d74    0000000c     driverlib.lib : cpu.obj (.text:CPUcpsie)
                  00005d80    0000000c     tm4c123gh6pm_startup_ccs.obj (.text)
                  00005d8c    0000000a     rtsv7M4_T_le_v4SPD16_eabi.lib : sprintf.c.obj (.text:_outc)
                  00005d96    00000002     --HOLE-- [fill = 0]
                  00005d98    00000008                                   : errno.c.obj (.text:__aeabi_errno_addr)
                  00005da0    00000008                                   : memory.c.obj (.text:malloc)
                  00005da8    00000004                                   : pre_init.c.obj (.text:_system_pre_init)
                  00005dac    00000004                                   : exit.c.obj (.text:abort:abort)

.const     0    00005db0    000002f3     
                  00005db0    00000158     rtsv7M4_T_le_v4SPD16_eabi.lib : k_rem_pio2.c.obj (.const:$O1$$)
                  00005f08    00000101                                   : ctype.c.obj (.const:.string:_ctypes_)
                  00006009    00000004     lcd.obj (.const:.string:lineAddress$1)
                  0000600d    00000003     --HOLE-- [fill = 0]
                  00006010    00000080     rtsv7M4_T_le_v4SPD16_eabi.lib : k_tan.c.obj (.const:xxx)
                  00006090    0000000f     open_interface.obj (.const:.string:$P$T0$3)
                  0000609f    00000004     lcd.obj (.const:.string:lineAddresses$2)

.cinit     0    000060a8    00000058     
                  000060a8    00000021     (.cinit..data.load) [load image, compression = lzss]
                  000060c9    00000003     --HOLE-- [fill = 0]
                  000060cc    0000000c     (__TI_handler_table)
                  000060d8    00000008     (.cinit..bss.load) [load image, compression = zero_init]
                  000060e0    00000008     (.cinit..vtable.load) [load image, compression = zero_init]
                  000060e8    00000018     (__TI_cinit_table)

.init_array 
*          0    00000000    00000000     UNINITIALIZED

.vtable    0    20000000    0000026c     UNINITIALIZED
                  20000000    0000026c     driverlib.lib : interrupt.obj (.vtable)

.stack     0    20000270    00000800     UNINITIALIZED
                  20000270    00000004     rtsv7M4_T_le_v4SPD16_eabi.lib : boot_cortex_m.c.obj (.stack)
                  20000274    000007fc     --HOLE--

.sysmem    0    20000a70    00000400     UNINITIALIZED
                  20000a70    00000010     rtsv7M4_T_le_v4SPD16_eabi.lib : memory.c.obj (.sysmem)
                  20000a80    000003f0     --HOLE--

.bss       0    20000e70    0000007f     UNINITIALIZED
                  20000e70    00000054     lcd.obj (.bss:lastbuffer$3)
                  20000ec4    00000018     open_interface.obj (.bss:firmware$2)
                  20000edc    00000004     (.common:_timeout_ticks)
                  20000ee0    00000004     (.common:falling_time)
                  20000ee4    00000004     (.common:overflow_count)
                  20000ee8    00000004     (.common:rising_time)
                  20000eec    00000001     (.common:state)
                  20000eed    00000001     (.common:uart_data)
                  20000eee    00000001     (.common:uart_flag)

.data      0    20000ef0    0000003d     UNINITIALIZED
                  20000ef0    00000020     open_interface.obj (.data)
                  20000f10    00000008     rtsv7M4_T_le_v4SPD16_eabi.lib : _lock.c.obj (.data:$O1$$)
                  20000f18    00000008                                   : memory.c.obj (.data:$O1$$)
                  20000f20    00000008     servo.obj (.data)
                  20000f28    00000004     rtsv7M4_T_le_v4SPD16_eabi.lib : errno.c.obj (.data)
                  20000f2c    00000001     Timer.obj (.data)

__llvm_prf_cnts 
*          0    20000000    00000000     UNINITIALIZED

MODULE SUMMARY

       Module                         code    ro data   rw data
       ------                         ----    -------   -------
    .\
       open_interface.obj             3128    15        56     
       dataClean.obj                  1220    0         0      
       lcd.obj                        824     8         84     
       lab10part4.obj                 764     0         2      
       movement.obj                   652     0         0      
       tm4c123gh6pm_startup_ccs.obj   12      620       0      
       Timer.obj                      584     0         5      
       ping.obj                       564     0         13     
       comms.obj                      512     0         0      
       servo.obj                      496     0         8      
       uart.obj                       504     0         0      
       navigation.obj                 400     0         0      
       scan.obj                       364     0         0      
       adc.obj                        268     0         0      
    +--+------------------------------+-------+---------+---------+
       Total:                         10292   643       168    
                                                               
    C:/ti/TivaWare_C_Series-2.2.0.295/driverlib/ccs/Debug/driverlib.lib
       interrupt.obj                  68      0         620    
       cpu.obj                        12      0         0      
    +--+------------------------------+-------+---------+---------+
       Total:                         80      0         620    
                                                               
    C:\ti\ccs1271\ccs\tools\compiler\ti-cgt-arm_20.2.7.LTS\lib\rtsv7M4_T_le_v4SPD16_eabi.lib
       _printfi.c.obj                 4851    0         0      
       k_rem_pio2.c.obj               1848    344       0      
       s_tan.c.obj                    1288    0         0      
       k_tan.c.obj                    796     128       0      
       memory.c.obj                   728     0         8      
       fd_add_t2.asm.obj              438     0         0      
       fd_div_t2.asm.obj              310     0         0      
       s_scalbn.c.obj                 272     0         0      
       fd_cmp_t2.asm.obj              268     0         0      
       ctype.c.obj                    0       257       0      
       fd_mul_t2.asm.obj              252     0         0      
       s_floor.c.obj                  248     0         0      
       memcpy_t2.asm.obj              156     0         0      
       ull_div_t2.asm.obj             150     0         0      
       vsnprintf.c.obj                136     0         0      
       memset_t2.asm.obj              122     0         0      
       fd_tos_t2.asm.obj              110     0         0      
       copy_decompress_lzss.c.obj     104     0         0      
       s_frexp.c.obj                  100     0         0      
       sprintf.c.obj                  98      0         0      
       _ltoa.c.obj                    84      0         0      
       atoi.c.obj                     76      0         0      
       fd_toi_t2.asm.obj              72      0         0      
       autoinit.c.obj                 68      0         0      
       fs_tod_t2.asm.obj              56      0         0      
       boot_cortex_m.c.obj            52      0         0      
       i_tofd_t2.asm.obj              46      0         0      
       u_tofd_t2.asm.obj              32      0         0      
       copy_zero_init.c.obj           28      0         0      
       memccpy.c.obj                  28      0         0      
       s_copysign.c.obj               26      0         0      
       strcmp.c.obj                   24      0         0      
       strchr.c.obj                   22      0         0      
       strcpy.c.obj                   20      0         0      
       strlen.c.obj                   20      0         0      
       wcslen.c.obj                   18      0         0      
       copy_decompress_none.c.obj     14      0         0      
       errno.c.obj                    8       0         4      
       _lock.c.obj                    2       0         8      
       exit.c.obj                     4       0         0      
       pre_init.c.obj                 4       0         0      
       div0.asm.obj                   2       0         0      
    +--+------------------------------+-------+---------+---------+
       Total:                         12981   729       20     
                                                               
       Heap:                          0       0         1024   
       Stack:                         0       0         2048   
       Linker Generated:              0       85        0      
    +--+------------------------------+-------+---------+---------+
       Grand Total:                   23353   1457      3880   


LINKER GENERATED COPY TABLES

__TI_cinit_table @ 000060e8 records: 3, size/record: 8, table size: 24
	.data: load addr=000060a8, load size=00000021 bytes, run addr=20000ef0, run size=0000003d bytes, compression=lzss
	.bss: load addr=000060d8, load size=00000008 bytes, run addr=20000e70, run size=0000007f bytes, compression=zero_init
	.vtable: load addr=000060e0, load size=00000008 bytes, run addr=20000000, run size=0000026c bytes, compression=zero_init


LINKER GENERATED HANDLER TABLE

__TI_handler_table @ 000060cc records: 3, size/record: 4, table size: 12
	index: 0, handler: __TI_zero_init
	index: 1, handler: __TI_decompress_lzss
	index: 2, handler: __TI_decompress_none


GLOBAL SYMBOLS: SORTED ALPHABETICALLY BY Name 

address   name                          
-------   ----                          
00005dad  C$$EXIT                       
00005d75  CPUcpsie                      
00000bc3  GPIOF_Handler                 
00005d47  IntMasterEnable               
00005b19  IntRegister                   
20000f20  LEFT_CAL_VAL                  
20000f24  RIGHT_CAL_VAL                 
00005d81  ResetISR                      
00003b1f  TIMER3B_Handler               
00003fef  UART1_Handler                 
20000a70  __STACK_END                   
00000800  __STACK_SIZE                  
20000470  __STACK_TOP                   
00000400  __SYSMEM_SIZE                 
000060e8  __TI_CINIT_Base               
00006100  __TI_CINIT_Limit              
000060cc  __TI_Handler_Table_Base       
000060d8  __TI_Handler_Table_Limit      
000059a5  __TI_auto_init_nobinit_nopinit
00005749  __TI_decompress_lzss          
00005d67  __TI_decompress_none          
0000586b  __TI_ltoa                     
ffffffff  __TI_pprof_out_hndl           
00000e8d  __TI_printfi                  
ffffffff  __TI_prof_data_size           
ffffffff  __TI_prof_data_start          
00000000  __TI_static_base__            
00005c29  __TI_zero_init_nomemset       
00005475  __aeabi_cdcmpeq               
00005475  __aeabi_cdcmple               
000054fb  __aeabi_cdrcmple              
000056db  __aeabi_d2f                   
0000595d  __aeabi_d2iz                  
0000445b  __aeabi_dadd                  
00004a41  __aeabi_ddiv                  
00004fb9  __aeabi_dmul                  
00004451  __aeabi_dsub                  
00005d99  __aeabi_errno_addr            
00005ae1  __aeabi_f2d                   
00005bb1  __aeabi_i2d                   
00004607  __aeabi_idiv0                 
00004607  __aeabi_ldiv0                 
00005581  __aeabi_memclr                
00005581  __aeabi_memclr4               
00005581  __aeabi_memclr8               
00005343  __aeabi_memcpy                
00005343  __aeabi_memcpy4               
00005343  __aeabi_memcpy8               
00005583  __aeabi_memset                
00005583  __aeabi_memset4               
00005583  __aeabi_memset8               
00005c09  __aeabi_ui2d                  
000053df  __aeabi_uldivmod              
ffffffff  __binit__                     
ffffffff  __c_args__                    
000018dd  __kernel_rem_pio2             
00002d09  __kernel_tan                  
UNDEFED   __mpu_init                    
20000270  __stack                       
20000000  __start___llvm_prf_cnts       
20000000  __stop___llvm_prf_cnts        
00005b4d  _c_int00_noargs               
00005f08  _ctypes_                      
20000f10  _lock                         
000018db  _nop                          
20000f2c  _running                      
20000a70  _sys_memory                   
UNDEFED   _system_post_cinit            
00005da9  _system_pre_init              
20000edc  _timeout_ticks                
20000f14  _unlock                       
00005dad  abort                         
00004dad  adc_init                      
00004e4d  adc_read                      
00004eb9  aligned_alloc                 
00005911  atoi                          
ffffffff  binit                         
000048af  calibrate                     
00005aa9  calloc                        
0000251d  cleanData                     
00005c7d  copysign                      
00005c7d  copysignl                     
20000f28  errno                         
20000ee0  falling_time                  
000050b5  floor                         
000050b5  floorl                        
000051ad  free                          
000057b1  frexp                         
000057b1  frexpl                        
20000000  g_pfnRAMVectors               
00000000  g_pfnVectors                  
0000097f  go_charge                     
00003f9f  init_char_interrupt           
00005d57  lcd_clear                     
00002bb5  lcd_gotoLine                  
00002a1d  lcd_init                      
00002c1b  lcd_printf                    
00002add  lcd_putc                      
00002b15  lcd_puts                      
000029e1  lcd_reverseNibble             
00002b33  lcd_sendCommand               
00002b71  lcd_sendNibble                
00002bdd  lcd_setCursorPos              
00004c9d  ldexp                         
00004c9d  ldexpl                        
00003025  main                          
00005da1  malloc                        
00004eb9  memalign                      
00005c61  memccpy                       
00005343  memcpy                        
00005589  memset                        
20000ef0  motor_cal_factor_L            
20000ef4  motor_cal_factor_R            
00004609  moveToTarget                  
00003321  moveWithBump                  
00003409  move_backwards                
000033a3  move_forward                  
0000272d  objectDetection               
0000026d  oi_alloc                      
00000aa9  oi_checkFirmware              
000002c7  oi_close                      
00000279  oi_free                       
00000ded  oi_getMotorCalibrationLeft    
00000e01  oi_getMotorCalibrationRight   
000002b1  oi_init                       
00000289  oi_init_noupdate              
00000915  oi_loadSong                   
00005cc7  oi_parseInt                   
0000032b  oi_parsePacket                
0000096b  oi_play_song                  
0000084b  oi_setLeds                    
00000db1  oi_setMotorCalibration        
0000088f  oi_setWheels                  
00000b51  oi_shutoff_init               
0000098d  oi_uartInit                   
00000a31  oi_uartReceive                
00000a77  oi_uartSendBuff               
00000a15  oi_uartSendChar               
00000a59  oi_uartSendStr                
000002d9  oi_update                     
20000ee4  overflow_count                
00003a65  ping_init                     
00003b7f  ping_read                     
00003cbd  printGraphicalView            
20000ee8  rising_time                   
00004c9d  scalbn                        
00004c9d  scalbnl                       
000047b3  scan                          
000047ff  scan_area                     
00004799  scan_init                     
00003c99  send_message                  
00003bc1  send_pulse                    
00004091  servo_init                    
00004143  servo_move                    
000059e9  sprintf                       
20000eec  state                         
00005cf7  strchr                        
00005cdf  strcmp                        
00005d0d  strcpy                        
00005d21  strlen                        
00002015  tan                           
00002015  tanl                          
0000393b  timer_getMicros               
000038e3  timer_getMillis               
0000381d  timer_init                    
000038bf  timer_pause                   
000038d1  timer_resume                  
00003895  timer_stop                    
00003995  timer_waitMicros              
000039c7  timer_waitMillis              
0000350b  turn_clockwise                
00003479  turn_counterclock             
20000eed  uart_data                     
20000eee  uart_flag                     
00003e99  uart_init                     
00003f6f  uart_receive                  
00003f53  uart_sendChar                 
00003f95  uart_sendStr                  
00005a29  vsnprintf                     
00005d35  wcslen                        


GLOBAL SYMBOLS: SORTED BY Symbol Address 

address   name                          
-------   ----                          
00000000  __TI_static_base__            
00000000  g_pfnVectors                  
0000026d  oi_alloc                      
00000279  oi_free                       
00000289  oi_init_noupdate              
000002b1  oi_init                       
000002c7  oi_close                      
000002d9  oi_update                     
0000032b  oi_parsePacket                
00000400  __SYSMEM_SIZE                 
00000800  __STACK_SIZE                  
0000084b  oi_setLeds                    
0000088f  oi_setWheels                  
00000915  oi_loadSong                   
0000096b  oi_play_song                  
0000097f  go_charge                     
0000098d  oi_uartInit                   
00000a15  oi_uartSendChar               
00000a31  oi_uartReceive                
00000a59  oi_uartSendStr                
00000a77  oi_uartSendBuff               
00000aa9  oi_checkFirmware              
00000b51  oi_shutoff_init               
00000bc3  GPIOF_Handler                 
00000db1  oi_setMotorCalibration        
00000ded  oi_getMotorCalibrationLeft    
00000e01  oi_getMotorCalibrationRight   
00000e8d  __TI_printfi                  
000018db  _nop                          
000018dd  __kernel_rem_pio2             
00002015  tan                           
00002015  tanl                          
0000251d  cleanData                     
0000272d  objectDetection               
000029e1  lcd_reverseNibble             
00002a1d  lcd_init                      
00002add  lcd_putc                      
00002b15  lcd_puts                      
00002b33  lcd_sendCommand               
00002b71  lcd_sendNibble                
00002bb5  lcd_gotoLine                  
00002bdd  lcd_setCursorPos              
00002c1b  lcd_printf                    
00002d09  __kernel_tan                  
00003025  main                          
00003321  moveWithBump                  
000033a3  move_forward                  
00003409  move_backwards                
00003479  turn_counterclock             
0000350b  turn_clockwise                
0000381d  timer_init                    
00003895  timer_stop                    
000038bf  timer_pause                   
000038d1  timer_resume                  
000038e3  timer_getMillis               
0000393b  timer_getMicros               
00003995  timer_waitMicros              
000039c7  timer_waitMillis              
00003a65  ping_init                     
00003b1f  TIMER3B_Handler               
00003b7f  ping_read                     
00003bc1  send_pulse                    
00003c99  send_message                  
00003cbd  printGraphicalView            
00003e99  uart_init                     
00003f53  uart_sendChar                 
00003f6f  uart_receive                  
00003f95  uart_sendStr                  
00003f9f  init_char_interrupt           
00003fef  UART1_Handler                 
00004091  servo_init                    
00004143  servo_move                    
00004451  __aeabi_dsub                  
0000445b  __aeabi_dadd                  
00004607  __aeabi_idiv0                 
00004607  __aeabi_ldiv0                 
00004609  moveToTarget                  
00004799  scan_init                     
000047b3  scan                          
000047ff  scan_area                     
000048af  calibrate                     
00004a41  __aeabi_ddiv                  
00004c9d  ldexp                         
00004c9d  ldexpl                        
00004c9d  scalbn                        
00004c9d  scalbnl                       
00004dad  adc_init                      
00004e4d  adc_read                      
00004eb9  aligned_alloc                 
00004eb9  memalign                      
00004fb9  __aeabi_dmul                  
000050b5  floor                         
000050b5  floorl                        
000051ad  free                          
00005343  __aeabi_memcpy                
00005343  __aeabi_memcpy4               
00005343  __aeabi_memcpy8               
00005343  memcpy                        
000053df  __aeabi_uldivmod              
00005475  __aeabi_cdcmpeq               
00005475  __aeabi_cdcmple               
000054fb  __aeabi_cdrcmple              
00005581  __aeabi_memclr                
00005581  __aeabi_memclr4               
00005581  __aeabi_memclr8               
00005583  __aeabi_memset                
00005583  __aeabi_memset4               
00005583  __aeabi_memset8               
00005589  memset                        
000056db  __aeabi_d2f                   
00005749  __TI_decompress_lzss          
000057b1  frexp                         
000057b1  frexpl                        
0000586b  __TI_ltoa                     
00005911  atoi                          
0000595d  __aeabi_d2iz                  
000059a5  __TI_auto_init_nobinit_nopinit
000059e9  sprintf                       
00005a29  vsnprintf                     
00005aa9  calloc                        
00005ae1  __aeabi_f2d                   
00005b19  IntRegister                   
00005b4d  _c_int00_noargs               
00005bb1  __aeabi_i2d                   
00005c09  __aeabi_ui2d                  
00005c29  __TI_zero_init_nomemset       
00005c61  memccpy                       
00005c7d  copysign                      
00005c7d  copysignl                     
00005cc7  oi_parseInt                   
00005cdf  strcmp                        
00005cf7  strchr                        
00005d0d  strcpy                        
00005d21  strlen                        
00005d35  wcslen                        
00005d47  IntMasterEnable               
00005d57  lcd_clear                     
00005d67  __TI_decompress_none          
00005d75  CPUcpsie                      
00005d81  ResetISR                      
00005d99  __aeabi_errno_addr            
00005da1  malloc                        
00005da9  _system_pre_init              
00005dad  C$$EXIT                       
00005dad  abort                         
00005f08  _ctypes_                      
000060cc  __TI_Handler_Table_Base       
000060d8  __TI_Handler_Table_Limit      
000060e8  __TI_CINIT_Base               
00006100  __TI_CINIT_Limit              
20000000  __start___llvm_prf_cnts       
20000000  __stop___llvm_prf_cnts        
20000000  g_pfnRAMVectors               
20000270  __stack                       
20000470  __STACK_TOP                   
20000a70  __STACK_END                   
20000a70  _sys_memory                   
20000edc  _timeout_ticks                
20000ee0  falling_time                  
20000ee4  overflow_count                
20000ee8  rising_time                   
20000eec  state                         
20000eed  uart_data                     
20000eee  uart_flag                     
20000ef0  motor_cal_factor_L            
20000ef4  motor_cal_factor_R            
20000f10  _lock                         
20000f14  _unlock                       
20000f20  LEFT_CAL_VAL                  
20000f24  RIGHT_CAL_VAL                 
20000f28  errno                         
20000f2c  _running                      
ffffffff  __TI_pprof_out_hndl           
ffffffff  __TI_prof_data_size           
ffffffff  __TI_prof_data_start          
ffffffff  __binit__                     
ffffffff  __c_args__                    
ffffffff  binit                         
UNDEFED   __mpu_init                    
UNDEFED   _system_post_cinit            

[180 symbols]
