******************************************************************************
                  TI ARM Linker PC v20.2.7                     
******************************************************************************
>> Linked Wed Oct 16 16:47:42 2024

OUTPUT FILE NAME:   <lab_6.out>
ENTRY POINT SYMBOL: "_c_int00_noargs"  address: 000046d1


MEMORY CONFIGURATION

         name            origin    length      used     unused   attr    fill
----------------------  --------  ---------  --------  --------  ----  --------
  FLASH                 00000000   00040000  00004a7c  0003b584  R  X
  SRAM                  20000000   00008000  00000f30  000070d0  RW X


SEGMENT ALLOCATION MAP

run origin  load origin   length   init length attrs members
----------  ----------- ---------- ----------- ----- -------
00000000    00000000    00004a80   00004a80    r-x
  00000000    00000000    0000026c   0000026c    r-- .intvecs
  0000026c    0000026c    000046a8   000046a8    r-x .text
  00004914    00004914    00000118   00000118    r-- .const
  00004a30    00004a30    00000050   00000050    r-- .cinit
20000000    20000000    00000f35   00000000    rw-
  20000000    20000000    0000026c   00000000    rw- .vtable
  20000270    20000270    00000800   00000000    rw- .stack
  20000a70    20000a70    00000400   00000000    rw- .sysmem
  20000e70    20000e70    0000008b   00000000    rw- .bss
  20000efc    20000efc    00000039   00000000    rw- .data


SECTION ALLOCATION MAP

 output                                  attributes/
section   page    origin      length       input sections
--------  ----  ----------  ----------   ----------------
.intvecs   0    00000000    0000026c     
                  00000000    0000026c     tm4c123gh6pm_startup_ccs.obj (.intvecs)

.text      0    0000026c    000046a8     
                  0000026c    00000c20     open_interface.obj (.text)
                  00000e8c    00000a4e     rtsv7M4_T_le_v4SPD16_eabi.lib : _printfi.c.obj (.text:__TI_printfi)
                  000018da    00000002                                   : _lock.c.obj (.text:_nop)
                  000018dc    0000078c     lab6p4.obj (.text)
                  00002068    00000328     lcd.obj (.text)
                  00002390    00000270     rtsv7M4_T_le_v4SPD16_eabi.lib : _printfi.c.obj (.text:_pconv_a)
                  00002600    00000260     libcybotScan.lib : cyBot_Scan.obj (.text)
                  00002860    00000248     Timer.obj (.text)
                  00002aa8    00000208     movement.obj (.text)
                  00002cb0    000001f8     uart.obj (.text)
                  00002ea8    000001ec     libcybotScan.lib : ping.obj (.text)
                  00003094    000001d0     rtsv7M4_T_le_v4SPD16_eabi.lib : _printfi.c.obj (.text:_pconv_g)
                  00003264    000001b6                                   : fd_add_t2.asm.obj (.text)
                  0000341a    00000002                                   : div0.asm.obj (.text)
                  0000341c    00000158     libcybotScan.lib : servo.obj (.text)
                  00003574    0000013c     rtsv7M4_T_le_v4SPD16_eabi.lib : _printfi.c.obj (.text:_pconv_e)
                  000036b0    00000136                                   : fd_div_t2.asm.obj (.text)
                  000037e6    00000002     --HOLE-- [fill = 0]
                  000037e8    00000124                                   : _printfi.c.obj (.text:fcvt)
                  0000390c    00000118     libcybotScan.lib : ir.obj (.text)
                  00003a24    00000110     rtsv7M4_T_le_v4SPD16_eabi.lib : s_scalbn.c.obj (.text:scalbn)
                  00003b34    00000100                                   : memory.c.obj (.text:aligned_alloc)
                  00003c34    000000fc                                   : fd_mul_t2.asm.obj (.text)
                  00003d30    000000e4                                   : memory.c.obj (.text:free)
                  00003e14    000000b1                                   : _printfi.c.obj (.text:_ltostr)
                  00003ec5    00000001     --HOLE-- [fill = 0]
                  00003ec6    0000009c                                   : memcpy_t2.asm.obj (.text)
                  00003f62    00000096                                   : ull_div_t2.asm.obj (.text)
                  00003ff8    00000086                                   : fd_cmp_t2.asm.obj (.text:__aeabi_cdcmple)
                  0000407e    00000086                                   : fd_cmp_t2.asm.obj (.text:__aeabi_cdrcmple)
                  00004104    0000007a                                   : memset_t2.asm.obj (.text)
                  0000417e    00000002     --HOLE-- [fill = 0]
                  00004180    00000070                                   : memory.c.obj (.text:split)
                  000041f0    0000006e                                   : _printfi.c.obj (.text:_mcpy)
                  0000425e    0000006e                                   : fd_tos_t2.asm.obj (.text)
                  000042cc    00000068                                   : copy_decompress_lzss.c.obj (.text:decompress:lzss:__TI_decompress_lzss)
                  00004334    00000064                                   : s_frexp.c.obj (.text:frexp)
                  00004398    00000056                                   : _printfi.c.obj (.text:_pconv_f)
                  000043ee    00000054                                   : _ltoa.c.obj (.text:__TI_ltoa)
                  00004442    00000052                                   : _printfi.c.obj (.text:_ecpy)
                  00004494    0000004c                                   : atoi.c.obj (.text:atoi)
                  000044e0    00000048                                   : fd_toi_t2.asm.obj (.text)
                  00004528    00000044                                   : autoinit.c.obj (.text:__TI_auto_init_nobinit_nopinit:__TI_auto_init_nobinit_nopinit)
                  0000456c    00000040                                   : sprintf.c.obj (.text:sprintf)
                  000045ac    00000040                                   : vsnprintf.c.obj (.text:vsnprintf)
                  000045ec    0000003e                                   : _printfi.c.obj (.text:_fcpy)
                  0000462a    00000002     --HOLE-- [fill = 0]
                  0000462c    00000038                                   : memory.c.obj (.text:calloc)
                  00004664    00000038                                   : fs_tod_t2.asm.obj (.text)
                  0000469c    00000034     driverlib.lib : interrupt.obj (.text:IntRegister)
                  000046d0    00000034     rtsv7M4_T_le_v4SPD16_eabi.lib : boot_cortex_m.c.obj (.text:_c_int00_noargs:_c_int00_noargs)
                  00004704    00000030                                   : vsnprintf.c.obj (.text:_outs)
                  00004734    0000002e                                   : i_tofd_t2.asm.obj (.text)
                  00004762    00000002     --HOLE-- [fill = 0]
                  00004764    00000028                                   : memory.c.obj (.text:free_list_insert)
                  0000478c    0000001c                                   : copy_zero_init.c.obj (.text:decompress:ZI:__TI_zero_init_nomemset:__TI_zero_init_nomemset)
                  000047a8    0000001c                                   : memory.c.obj (.text:free_list_remove)
                  000047c4    0000001c                                   : memccpy.c.obj (.text:memccpy)
                  000047e0    0000001a                                   : s_copysign.c.obj (.text:copysign)
                  000047fa    00000018                                   : vsnprintf.c.obj (.text:_outc)
                  00004812    00000018                                   : sprintf.c.obj (.text:_outs)
                  0000482a    00000018     open_interface.obj (.text:oi_parseInt)
                  00004842    00000018     rtsv7M4_T_le_v4SPD16_eabi.lib : strcmp.c.obj (.text:strcmp)
                  0000485a    00000016                                   : strchr.c.obj (.text:strchr)
                  00004870    00000014                                   : strcpy.c.obj (.text:strcpy)
                  00004884    00000014                                   : strlen.c.obj (.text:strlen)
                  00004898    00000012                                   : wcslen.c.obj (.text:wcslen)
                  000048aa    00000010     driverlib.lib : interrupt.obj (.text:IntMasterEnable)
                  000048ba    00000010     lcd.obj (.text:lcd_clear)
                  000048ca    0000000e     rtsv7M4_T_le_v4SPD16_eabi.lib : copy_decompress_none.c.obj (.text:decompress:none:__TI_decompress_none)
                  000048d8    0000000c     driverlib.lib : cpu.obj (.text:CPUcpsie)
                  000048e4    0000000c     tm4c123gh6pm_startup_ccs.obj (.text)
                  000048f0    0000000a     rtsv7M4_T_le_v4SPD16_eabi.lib : sprintf.c.obj (.text:_outc)
                  000048fa    00000002     --HOLE-- [fill = 0]
                  000048fc    00000008                                   : errno.c.obj (.text:__aeabi_errno_addr)
                  00004904    00000008                                   : memory.c.obj (.text:malloc)
                  0000490c    00000004                                   : pre_init.c.obj (.text:_system_pre_init)
                  00004910    00000004                                   : exit.c.obj (.text:abort:abort)

.const     0    00004914    00000118     
                  00004914    00000101     rtsv7M4_T_le_v4SPD16_eabi.lib : ctype.c.obj (.const:.string:_ctypes_)
                  00004a15    0000000f     open_interface.obj (.const:.string:$P$T0$3)
                  00004a24    00000004     lcd.obj (.const:.string:lineAddress$1)
                  00004a28    00000004     lcd.obj (.const:.string:lineAddresses$2)

.cinit     0    00004a30    00000050     
                  00004a30    00000018     (.cinit..data.load) [load image, compression = lzss]
                  00004a48    0000000c     (__TI_handler_table)
                  00004a54    00000004     --HOLE-- [fill = 0]
                  00004a58    00000008     (.cinit..bss.load) [load image, compression = zero_init]
                  00004a60    00000008     (.cinit..vtable.load) [load image, compression = zero_init]
                  00004a68    00000018     (__TI_cinit_table)

.init_array 
*          0    00000000    00000000     UNINITIALIZED

.vtable    0    20000000    0000026c     UNINITIALIZED
                  20000000    0000026c     driverlib.lib : interrupt.obj (.vtable)

.stack     0    20000270    00000800     UNINITIALIZED
                  20000270    00000004     rtsv7M4_T_le_v4SPD16_eabi.lib : boot_cortex_m.c.obj (.stack)
                  20000274    000007fc     --HOLE--

.sysmem    0    20000a70    00000400     UNINITIALIZED
                  20000a70    00000010     rtsv7M4_T_le_v4SPD16_eabi.lib : memory.c.obj (.sysmem)
                  20000a80    000003f0     --HOLE--

.bss       0    20000e70    0000008b     UNINITIALIZED
                  20000e70    00000054     lcd.obj (.bss:lastbuffer$3)
                  20000ec4    00000018     open_interface.obj (.bss:firmware$2)
                  20000edc    00000004     (.common:_timeout_ticks)
                  20000ee0    00000004     (.common:fallingEdge)
                  20000ee4    00000004     (.common:isr_int_value)
                  20000ee8    00000004     (.common:left_calibration_value)
                  20000eec    00000004     (.common:pulseLength)
                  20000ef0    00000004     (.common:right_calibration_value)
                  20000ef4    00000004     (.common:risingEdge)
                  20000ef8    00000001     (.common:flag)
                  20000ef9    00000001     (.common:isRisingEdge)
                  20000efa    00000001     (.common:uart_data)

.data      0    20000efc    00000039     UNINITIALIZED
                  20000efc    00000020     open_interface.obj (.data)
                  20000f1c    00000008     rtsv7M4_T_le_v4SPD16_eabi.lib : _lock.c.obj (.data:$O1$$)
                  20000f24    00000008                                   : memory.c.obj (.data:$O1$$)
                  20000f2c    00000004     libcybotScan.lib : cyBot_Scan.obj (.data)
                  20000f30    00000004     rtsv7M4_T_le_v4SPD16_eabi.lib : errno.c.obj (.data)
                  20000f34    00000001     Timer.obj (.data)

__llvm_prf_cnts 
*          0    20000000    00000000     UNINITIALIZED

MODULE SUMMARY

       Module                         code    ro data   rw data
       ------                         ----    -------   -------
    .\
       open_interface.obj             3128    15        56     
       lab6p4.obj                     1932    0         8      
       lcd.obj                        824     8         84     
       tm4c123gh6pm_startup_ccs.obj   12      620       0      
       Timer.obj                      584     0         5      
       movement.obj                   520     0         0      
       uart.obj                       504     0         0      
       Lab6_template_extra_help.obj   0       0         2      
    +--+------------------------------+-------+---------+---------+
       Total:                         7504    643       155    
                                                               
    ../libcybotScan.lib
       cyBot_Scan.obj                 608     0         4      
       ping.obj                       492     0         13     
       servo.obj                      344     0         0      
       ir.obj                         280     0         4      
    +--+------------------------------+-------+---------+---------+
       Total:                         1724    0         21     
                                                               
    C:/ti/TivaWare_C_Series-2.2.0.295/driverlib/ccs/Debug/driverlib.lib
       interrupt.obj                  68      0         620    
       cpu.obj                        12      0         0      
    +--+------------------------------+-------+---------+---------+
       Total:                         80      0         620    
                                                               
    C:\ti\ccs1271\ccs\tools\compiler\ti-cgt-arm_20.2.7.LTS\lib\rtsv7M4_T_le_v4SPD16_eabi.lib
       _printfi.c.obj                 4851    0         0      
       memory.c.obj                   728     0         8      
       fd_add_t2.asm.obj              438     0         0      
       fd_div_t2.asm.obj              310     0         0      
       s_scalbn.c.obj                 272     0         0      
       fd_cmp_t2.asm.obj              268     0         0      
       ctype.c.obj                    0       257       0      
       fd_mul_t2.asm.obj              252     0         0      
       memcpy_t2.asm.obj              156     0         0      
       ull_div_t2.asm.obj             150     0         0      
       vsnprintf.c.obj                136     0         0      
       memset_t2.asm.obj              122     0         0      
       fd_tos_t2.asm.obj              110     0         0      
       copy_decompress_lzss.c.obj     104     0         0      
       s_frexp.c.obj                  100     0         0      
       sprintf.c.obj                  98      0         0      
       _ltoa.c.obj                    84      0         0      
       atoi.c.obj                     76      0         0      
       fd_toi_t2.asm.obj              72      0         0      
       autoinit.c.obj                 68      0         0      
       fs_tod_t2.asm.obj              56      0         0      
       boot_cortex_m.c.obj            52      0         0      
       i_tofd_t2.asm.obj              46      0         0      
       copy_zero_init.c.obj           28      0         0      
       memccpy.c.obj                  28      0         0      
       s_copysign.c.obj               26      0         0      
       strcmp.c.obj                   24      0         0      
       strchr.c.obj                   22      0         0      
       strcpy.c.obj                   20      0         0      
       strlen.c.obj                   20      0         0      
       wcslen.c.obj                   18      0         0      
       copy_decompress_none.c.obj     14      0         0      
       errno.c.obj                    8       0         4      
       _lock.c.obj                    2       0         8      
       exit.c.obj                     4       0         0      
       pre_init.c.obj                 4       0         0      
       div0.asm.obj                   2       0         0      
    +--+------------------------------+-------+---------+---------+
       Total:                         8769    257       20     
                                                               
       Heap:                          0       0         1024   
       Stack:                         0       0         2048   
       Linker Generated:              0       76        0      
    +--+------------------------------+-------+---------+---------+
       Grand Total:                   18077   976       3888   


LINKER GENERATED COPY TABLES

__TI_cinit_table @ 00004a68 records: 3, size/record: 8, table size: 24
	.data: load addr=00004a30, load size=00000018 bytes, run addr=20000efc, run size=00000039 bytes, compression=lzss
	.bss: load addr=00004a58, load size=00000008 bytes, run addr=20000e70, run size=0000008b bytes, compression=zero_init
	.vtable: load addr=00004a60, load size=00000008 bytes, run addr=20000000, run size=0000026c bytes, compression=zero_init


LINKER GENERATED HANDLER TABLE

__TI_handler_table @ 00004a48 records: 3, size/record: 4, table size: 12
	index: 0, handler: __TI_zero_init
	index: 1, handler: __TI_decompress_lzss
	index: 2, handler: __TI_decompress_none


GLOBAL SYMBOLS: SORTED ALPHABETICALLY BY Name 

address   name                          
-------   ----                          
000039a5  ADC0SS0_Handler               
00004911  C$$EXIT                       
000048d9  CPUcpsie                      
00000bc3  GPIOF_Handler                 
000048ab  IntMasterEnable               
0000469d  IntRegister                   
000048e5  ResetISR                      
00002f99  TIMER3B_Handler               
00002e07  UART1_Handler                 
20000a70  __STACK_END                   
00000800  __STACK_SIZE                  
20000470  __STACK_TOP                   
00000400  __SYSMEM_SIZE                 
00004a68  __TI_CINIT_Base               
00004a80  __TI_CINIT_Limit              
00004a48  __TI_Handler_Table_Base       
00004a54  __TI_Handler_Table_Limit      
00004529  __TI_auto_init_nobinit_nopinit
000042cd  __TI_decompress_lzss          
000048cb  __TI_decompress_none          
000043ef  __TI_ltoa                     
ffffffff  __TI_pprof_out_hndl           
00000e8d  __TI_printfi                  
ffffffff  __TI_prof_data_size           
ffffffff  __TI_prof_data_start          
00000000  __TI_static_base__            
0000478d  __TI_zero_init_nomemset       
00003ff9  __aeabi_cdcmpeq               
00003ff9  __aeabi_cdcmple               
0000407f  __aeabi_cdrcmple              
0000425f  __aeabi_d2f                   
000044e1  __aeabi_d2iz                  
0000326f  __aeabi_dadd                  
000036b1  __aeabi_ddiv                  
00003c35  __aeabi_dmul                  
00003265  __aeabi_dsub                  
000048fd  __aeabi_errno_addr            
00004665  __aeabi_f2d                   
00004735  __aeabi_i2d                   
0000341b  __aeabi_idiv0                 
0000341b  __aeabi_ldiv0                 
00004105  __aeabi_memclr                
00004105  __aeabi_memclr4               
00004105  __aeabi_memclr8               
00003ec7  __aeabi_memcpy                
00003ec7  __aeabi_memcpy4               
00003ec7  __aeabi_memcpy8               
00004107  __aeabi_memset                
00004107  __aeabi_memset4               
00004107  __aeabi_memset8               
00003f63  __aeabi_uldivmod              
ffffffff  __binit__                     
ffffffff  __c_args__                    
UNDEFED   __mpu_init                    
20000270  __stack                       
20000000  __start___llvm_prf_cnts       
20000000  __stop___llvm_prf_cnts        
000046d1  _c_int00_noargs               
00004914  _ctypes_                      
20000f1c  _lock                         
000018db  _nop                          
20000f34  _running                      
20000a70  _sys_memory                   
UNDEFED   _system_post_cinit            
0000490d  _system_pre_init              
20000edc  _timeout_ticks                
20000f20  _unlock                       
00004911  abort                         
00003b35  aligned_alloc                 
00004495  atoi                          
ffffffff  binit                         
00001f2b  calibrate                     
0000462d  calloc                        
00001bf9  cleanData                     
000047e1  copysign                      
000047e1  copysignl                     
000026d9  cyBOT_SERVO_cal               
00002667  cyBOT_Scan                    
0000260f  cyBOT_init_Scan               
20000f2c  cyBOT_scan_features           
00002601  cyBOT_scan_version            
20000f30  errno                         
20000ee0  fallingEdge                   
20000ef8  flag                          
00003d31  free                          
00004335  frexp                         
00004335  frexpl                        
20000000  g_pfnRAMVectors               
00000000  g_pfnVectors                  
0000097f  go_charge                     
00002db7  init_char_interrupt           
00001da5  irScan                        
000039bb  ir_enableInterrupt            
0000399d  ir_getDistance                
00003975  ir_getValue                   
0000390d  ir_init                       
20000ef9  isRisingEdge                  
20000ee4  isr_int_value                 
000048bb  lcd_clear                     
0000223d  lcd_gotoLine                  
000020a5  lcd_init                      
000022a3  lcd_printf                    
00002165  lcd_putc                      
0000219d  lcd_puts                      
00002069  lcd_reverseNibble             
000021bb  lcd_sendCommand               
000021f9  lcd_sendNibble                
00002265  lcd_setCursorPos              
00003a25  ldexp                         
00003a25  ldexpl                        
20000ee8  left_calibration_value        
00001f41  main                          
00004905  malloc                        
00003b35  memalign                      
000047c5  memccpy                       
00003ec7  memcpy                        
0000410d  memset                        
20000efc  motor_cal_factor_L            
20000f00  motor_cal_factor_R            
00002b0f  move_backwards                
00002aa9  move_forward                  
000018dd  objectDetection               
0000026d  oi_alloc                      
00000aa9  oi_checkFirmware              
000002c7  oi_close                      
00000279  oi_free                       
00000ded  oi_getMotorCalibrationLeft    
00000e01  oi_getMotorCalibrationRight   
000002b1  oi_init                       
00000289  oi_init_noupdate              
00000915  oi_loadSong                   
0000482b  oi_parseInt                   
0000032b  oi_parsePacket                
0000096b  oi_play_song                  
0000084b  oi_setLeds                    
00000db1  oi_setMotorCalibration        
0000088f  oi_setWheels                  
00000b51  oi_shutoff_init               
0000098d  oi_uartInit                   
00000a31  oi_uartReceive                
00000a77  oi_uartSendBuff               
00000a15  oi_uartSendChar               
00000a59  oi_uartSendStr                
000002d9  oi_update                     
00002feb  ping_getDistance              
00002ea9  ping_init                     
00002f2f  ping_trigger                  
20000eec  pulseLength                   
20000ef0  right_calibration_value       
20000ef4  risingEdge                    
00003a25  scalbn                        
00003a25  scalbnl                       
00001ea5  scan_area                     
00001d2d  send_message                  
0000341d  servo_init                    
000034ad  servo_move                    
0000350d  servo_setPWM                  
000034a1  servo_stop                    
0000456d  sprintf                       
0000485b  strchr                        
00004843  strcmp                        
00004871  strcpy                        
00004885  strlen                        
0000297f  timer_getMicros               
00002927  timer_getMillis               
00002861  timer_init                    
00002903  timer_pause                   
00002915  timer_resume                  
000028d9  timer_stop                    
000029d9  timer_waitMicros              
00002a0b  timer_waitMillis              
00002c11  turn_clockwise                
00002b7f  turn_counterclock             
20000efa  uart_data                     
00002cb1  uart_init                     
00002d87  uart_receive                  
00002d6b  uart_sendChar                 
00002dad  uart_sendStr                  
000045ad  vsnprintf                     
00004899  wcslen                        


GLOBAL SYMBOLS: SORTED BY Symbol Address 

address   name                          
-------   ----                          
00000000  __TI_static_base__            
00000000  g_pfnVectors                  
0000026d  oi_alloc                      
00000279  oi_free                       
00000289  oi_init_noupdate              
000002b1  oi_init                       
000002c7  oi_close                      
000002d9  oi_update                     
0000032b  oi_parsePacket                
00000400  __SYSMEM_SIZE                 
00000800  __STACK_SIZE                  
0000084b  oi_setLeds                    
0000088f  oi_setWheels                  
00000915  oi_loadSong                   
0000096b  oi_play_song                  
0000097f  go_charge                     
0000098d  oi_uartInit                   
00000a15  oi_uartSendChar               
00000a31  oi_uartReceive                
00000a59  oi_uartSendStr                
00000a77  oi_uartSendBuff               
00000aa9  oi_checkFirmware              
00000b51  oi_shutoff_init               
00000bc3  GPIOF_Handler                 
00000db1  oi_setMotorCalibration        
00000ded  oi_getMotorCalibrationLeft    
00000e01  oi_getMotorCalibrationRight   
00000e8d  __TI_printfi                  
000018db  _nop                          
000018dd  objectDetection               
00001bf9  cleanData                     
00001d2d  send_message                  
00001da5  irScan                        
00001ea5  scan_area                     
00001f2b  calibrate                     
00001f41  main                          
00002069  lcd_reverseNibble             
000020a5  lcd_init                      
00002165  lcd_putc                      
0000219d  lcd_puts                      
000021bb  lcd_sendCommand               
000021f9  lcd_sendNibble                
0000223d  lcd_gotoLine                  
00002265  lcd_setCursorPos              
000022a3  lcd_printf                    
00002601  cyBOT_scan_version            
0000260f  cyBOT_init_Scan               
00002667  cyBOT_Scan                    
000026d9  cyBOT_SERVO_cal               
00002861  timer_init                    
000028d9  timer_stop                    
00002903  timer_pause                   
00002915  timer_resume                  
00002927  timer_getMillis               
0000297f  timer_getMicros               
000029d9  timer_waitMicros              
00002a0b  timer_waitMillis              
00002aa9  move_forward                  
00002b0f  move_backwards                
00002b7f  turn_counterclock             
00002c11  turn_clockwise                
00002cb1  uart_init                     
00002d6b  uart_sendChar                 
00002d87  uart_receive                  
00002dad  uart_sendStr                  
00002db7  init_char_interrupt           
00002e07  UART1_Handler                 
00002ea9  ping_init                     
00002f2f  ping_trigger                  
00002f99  TIMER3B_Handler               
00002feb  ping_getDistance              
00003265  __aeabi_dsub                  
0000326f  __aeabi_dadd                  
0000341b  __aeabi_idiv0                 
0000341b  __aeabi_ldiv0                 
0000341d  servo_init                    
000034a1  servo_stop                    
000034ad  servo_move                    
0000350d  servo_setPWM                  
000036b1  __aeabi_ddiv                  
0000390d  ir_init                       
00003975  ir_getValue                   
0000399d  ir_getDistance                
000039a5  ADC0SS0_Handler               
000039bb  ir_enableInterrupt            
00003a25  ldexp                         
00003a25  ldexpl                        
00003a25  scalbn                        
00003a25  scalbnl                       
00003b35  aligned_alloc                 
00003b35  memalign                      
00003c35  __aeabi_dmul                  
00003d31  free                          
00003ec7  __aeabi_memcpy                
00003ec7  __aeabi_memcpy4               
00003ec7  __aeabi_memcpy8               
00003ec7  memcpy                        
00003f63  __aeabi_uldivmod              
00003ff9  __aeabi_cdcmpeq               
00003ff9  __aeabi_cdcmple               
0000407f  __aeabi_cdrcmple              
00004105  __aeabi_memclr                
00004105  __aeabi_memclr4               
00004105  __aeabi_memclr8               
00004107  __aeabi_memset                
00004107  __aeabi_memset4               
00004107  __aeabi_memset8               
0000410d  memset                        
0000425f  __aeabi_d2f                   
000042cd  __TI_decompress_lzss          
00004335  frexp                         
00004335  frexpl                        
000043ef  __TI_ltoa                     
00004495  atoi                          
000044e1  __aeabi_d2iz                  
00004529  __TI_auto_init_nobinit_nopinit
0000456d  sprintf                       
000045ad  vsnprintf                     
0000462d  calloc                        
00004665  __aeabi_f2d                   
0000469d  IntRegister                   
000046d1  _c_int00_noargs               
00004735  __aeabi_i2d                   
0000478d  __TI_zero_init_nomemset       
000047c5  memccpy                       
000047e1  copysign                      
000047e1  copysignl                     
0000482b  oi_parseInt                   
00004843  strcmp                        
0000485b  strchr                        
00004871  strcpy                        
00004885  strlen                        
00004899  wcslen                        
000048ab  IntMasterEnable               
000048bb  lcd_clear                     
000048cb  __TI_decompress_none          
000048d9  CPUcpsie                      
000048e5  ResetISR                      
000048fd  __aeabi_errno_addr            
00004905  malloc                        
0000490d  _system_pre_init              
00004911  C$$EXIT                       
00004911  abort                         
00004914  _ctypes_                      
00004a48  __TI_Handler_Table_Base       
00004a54  __TI_Handler_Table_Limit      
00004a68  __TI_CINIT_Base               
00004a80  __TI_CINIT_Limit              
20000000  __start___llvm_prf_cnts       
20000000  __stop___llvm_prf_cnts        
20000000  g_pfnRAMVectors               
20000270  __stack                       
20000470  __STACK_TOP                   
20000a70  __STACK_END                   
20000a70  _sys_memory                   
20000edc  _timeout_ticks                
20000ee0  fallingEdge                   
20000ee4  isr_int_value                 
20000ee8  left_calibration_value        
20000eec  pulseLength                   
20000ef0  right_calibration_value       
20000ef4  risingEdge                    
20000ef8  flag                          
20000ef9  isRisingEdge                  
20000efa  uart_data                     
20000efc  motor_cal_factor_L            
20000f00  motor_cal_factor_R            
20000f1c  _lock                         
20000f20  _unlock                       
20000f2c  cyBOT_scan_features           
20000f30  errno                         
20000f34  _running                      
ffffffff  __TI_pprof_out_hndl           
ffffffff  __TI_prof_data_size           
ffffffff  __TI_prof_data_start          
ffffffff  __binit__                     
ffffffff  __c_args__                    
ffffffff  binit                         
UNDEFED   __mpu_init                    
UNDEFED   _system_post_cinit            

[180 symbols]
