<?xml version="1.0" encoding="ISO-8859-1" ?>
<link_info>
   <banner>TI ARM Linker PC v20.2.7.LTS</banner>
   <copyright>Copyright (c) 1996-2018 Texas Instruments Incorporated</copyright>
   <link_time>0x6710347e</link_time>
   <link_errors>0x0</link_errors>
   <output_file>lab_6.out</output_file>
   <entry_point>
      <name>_c_int00_noargs</name>
      <address>0x46d1</address>
   </entry_point>
   <input_file_list>
      <input_file id="fl-2">
         <path>.\</path>
         <kind>object</kind>
         <file>Lab6_template_extra_help.obj</file>
         <name>Lab6_template_extra_help.obj</name>
      </input_file>
      <input_file id="fl-3">
         <path>.\</path>
         <kind>object</kind>
         <file>Timer.obj</file>
         <name>Timer.obj</name>
      </input_file>
      <input_file id="fl-4">
         <path>.\</path>
         <kind>object</kind>
         <file>lab6p4.obj</file>
         <name>lab6p4.obj</name>
      </input_file>
      <input_file id="fl-5">
         <path>.\</path>
         <kind>object</kind>
         <file>lcd.obj</file>
         <name>lcd.obj</name>
      </input_file>
      <input_file id="fl-6">
         <path>.\</path>
         <kind>object</kind>
         <file>movement.obj</file>
         <name>movement.obj</name>
      </input_file>
      <input_file id="fl-7">
         <path>.\</path>
         <kind>object</kind>
         <file>open_interface.obj</file>
         <name>open_interface.obj</name>
      </input_file>
      <input_file id="fl-8">
         <path>.\</path>
         <kind>object</kind>
         <file>tm4c123gh6pm_startup_ccs.obj</file>
         <name>tm4c123gh6pm_startup_ccs.obj</name>
      </input_file>
      <input_file id="fl-9">
         <path>.\</path>
         <kind>object</kind>
         <file>uart.obj</file>
         <name>uart.obj</name>
      </input_file>
      <input_file id="fl-f">
         <kind>object</kind>
         <file>&lt;internal&gt;</file>
         <name>&lt;internal&gt;</name>
      </input_file>
      <input_file id="fl-10">
         <path>..\</path>
         <kind>archive</kind>
         <file>libcybotScan.lib</file>
         <name>cyBot_Scan.obj</name>
      </input_file>
      <input_file id="fl-11">
         <path>..\</path>
         <kind>archive</kind>
         <file>libcybotScan.lib</file>
         <name>ir.obj</name>
      </input_file>
      <input_file id="fl-12">
         <path>..\</path>
         <kind>archive</kind>
         <file>libcybotScan.lib</file>
         <name>ping.obj</name>
      </input_file>
      <input_file id="fl-13">
         <path>..\</path>
         <kind>archive</kind>
         <file>libcybotScan.lib</file>
         <name>servo.obj</name>
      </input_file>
      <input_file id="fl-c9">
         <path>C:\ti\ccs1271\ccs\tools\compiler\ti-cgt-arm_20.2.7.LTS\lib\</path>
         <kind>archive</kind>
         <file>rtsv7M4_T_le_v4SPD16_eabi.lib</file>
         <name>sprintf.c.obj</name>
      </input_file>
      <input_file id="fl-ca">
         <path>C:\ti\ccs1271\ccs\tools\compiler\ti-cgt-arm_20.2.7.LTS\lib\</path>
         <kind>archive</kind>
         <file>rtsv7M4_T_le_v4SPD16_eabi.lib</file>
         <name>vsnprintf.c.obj</name>
      </input_file>
      <input_file id="fl-cb">
         <path>C:\ti\ccs1271\ccs\tools\compiler\ti-cgt-arm_20.2.7.LTS\lib\</path>
         <kind>archive</kind>
         <file>rtsv7M4_T_le_v4SPD16_eabi.lib</file>
         <name>fd_add_t2.asm.obj</name>
      </input_file>
      <input_file id="fl-cc">
         <path>C:\ti\ccs1271\ccs\tools\compiler\ti-cgt-arm_20.2.7.LTS\lib\</path>
         <kind>archive</kind>
         <file>rtsv7M4_T_le_v4SPD16_eabi.lib</file>
         <name>fd_cmp_t2.asm.obj</name>
      </input_file>
      <input_file id="fl-cd">
         <path>C:\ti\ccs1271\ccs\tools\compiler\ti-cgt-arm_20.2.7.LTS\lib\</path>
         <kind>archive</kind>
         <file>rtsv7M4_T_le_v4SPD16_eabi.lib</file>
         <name>fd_div_t2.asm.obj</name>
      </input_file>
      <input_file id="fl-ce">
         <path>C:\ti\ccs1271\ccs\tools\compiler\ti-cgt-arm_20.2.7.LTS\lib\</path>
         <kind>archive</kind>
         <file>rtsv7M4_T_le_v4SPD16_eabi.lib</file>
         <name>fd_mul_t2.asm.obj</name>
      </input_file>
      <input_file id="fl-cf">
         <path>C:\ti\ccs1271\ccs\tools\compiler\ti-cgt-arm_20.2.7.LTS\lib\</path>
         <kind>archive</kind>
         <file>rtsv7M4_T_le_v4SPD16_eabi.lib</file>
         <name>fd_toi_t2.asm.obj</name>
      </input_file>
      <input_file id="fl-d0">
         <path>C:\ti\ccs1271\ccs\tools\compiler\ti-cgt-arm_20.2.7.LTS\lib\</path>
         <kind>archive</kind>
         <file>rtsv7M4_T_le_v4SPD16_eabi.lib</file>
         <name>fd_tos_t2.asm.obj</name>
      </input_file>
      <input_file id="fl-d1">
         <path>C:\ti\ccs1271\ccs\tools\compiler\ti-cgt-arm_20.2.7.LTS\lib\</path>
         <kind>archive</kind>
         <file>rtsv7M4_T_le_v4SPD16_eabi.lib</file>
         <name>fs_tod_t2.asm.obj</name>
      </input_file>
      <input_file id="fl-d2">
         <path>C:\ti\ccs1271\ccs\tools\compiler\ti-cgt-arm_20.2.7.LTS\lib\</path>
         <kind>archive</kind>
         <file>rtsv7M4_T_le_v4SPD16_eabi.lib</file>
         <name>i_tofd_t2.asm.obj</name>
      </input_file>
      <input_file id="fl-d3">
         <path>C:\ti\ccs1271\ccs\tools\compiler\ti-cgt-arm_20.2.7.LTS\lib\</path>
         <kind>archive</kind>
         <file>rtsv7M4_T_le_v4SPD16_eabi.lib</file>
         <name>memcpy_t2.asm.obj</name>
      </input_file>
      <input_file id="fl-d4">
         <path>C:\ti\ccs1271\ccs\tools\compiler\ti-cgt-arm_20.2.7.LTS\lib\</path>
         <kind>archive</kind>
         <file>rtsv7M4_T_le_v4SPD16_eabi.lib</file>
         <name>copy_zero_init.c.obj</name>
      </input_file>
      <input_file id="fl-d5">
         <path>C:\ti\ccs1271\ccs\tools\compiler\ti-cgt-arm_20.2.7.LTS\lib\</path>
         <kind>archive</kind>
         <file>rtsv7M4_T_le_v4SPD16_eabi.lib</file>
         <name>copy_decompress_none.c.obj</name>
      </input_file>
      <input_file id="fl-d6">
         <path>C:\ti\ccs1271\ccs\tools\compiler\ti-cgt-arm_20.2.7.LTS\lib\</path>
         <kind>archive</kind>
         <file>rtsv7M4_T_le_v4SPD16_eabi.lib</file>
         <name>copy_decompress_lzss.c.obj</name>
      </input_file>
      <input_file id="fl-d7">
         <path>C:\ti\ccs1271\ccs\tools\compiler\ti-cgt-arm_20.2.7.LTS\lib\</path>
         <kind>archive</kind>
         <file>rtsv7M4_T_le_v4SPD16_eabi.lib</file>
         <name>memory.c.obj</name>
      </input_file>
      <input_file id="fl-d8">
         <path>C:\ti\ccs1271\ccs\tools\compiler\ti-cgt-arm_20.2.7.LTS\lib\</path>
         <kind>archive</kind>
         <file>rtsv7M4_T_le_v4SPD16_eabi.lib</file>
         <name>strcmp.c.obj</name>
      </input_file>
      <input_file id="fl-d9">
         <path>C:\ti\ccs1271\ccs\tools\compiler\ti-cgt-arm_20.2.7.LTS\lib\</path>
         <kind>archive</kind>
         <file>rtsv7M4_T_le_v4SPD16_eabi.lib</file>
         <name>strcpy.c.obj</name>
      </input_file>
      <input_file id="fl-da">
         <path>C:\ti\ccs1271\ccs\tools\compiler\ti-cgt-arm_20.2.7.LTS\lib\</path>
         <kind>archive</kind>
         <file>rtsv7M4_T_le_v4SPD16_eabi.lib</file>
         <name>boot_cortex_m.c.obj</name>
      </input_file>
      <input_file id="fl-db">
         <path>C:\ti\ccs1271\ccs\tools\compiler\ti-cgt-arm_20.2.7.LTS\lib\</path>
         <kind>archive</kind>
         <file>rtsv7M4_T_le_v4SPD16_eabi.lib</file>
         <name>_printfi.c.obj</name>
      </input_file>
      <input_file id="fl-dc">
         <path>C:\ti\ccs1271\ccs\tools\compiler\ti-cgt-arm_20.2.7.LTS\lib\</path>
         <kind>archive</kind>
         <file>rtsv7M4_T_le_v4SPD16_eabi.lib</file>
         <name>memset_t2.asm.obj</name>
      </input_file>
      <input_file id="fl-dd">
         <path>C:\ti\ccs1271\ccs\tools\compiler\ti-cgt-arm_20.2.7.LTS\lib\</path>
         <kind>archive</kind>
         <file>rtsv7M4_T_le_v4SPD16_eabi.lib</file>
         <name>ull_div_t2.asm.obj</name>
      </input_file>
      <input_file id="fl-de">
         <path>C:\ti\ccs1271\ccs\tools\compiler\ti-cgt-arm_20.2.7.LTS\lib\</path>
         <kind>archive</kind>
         <file>rtsv7M4_T_le_v4SPD16_eabi.lib</file>
         <name>autoinit.c.obj</name>
      </input_file>
      <input_file id="fl-df">
         <path>C:\ti\ccs1271\ccs\tools\compiler\ti-cgt-arm_20.2.7.LTS\lib\</path>
         <kind>archive</kind>
         <file>rtsv7M4_T_le_v4SPD16_eabi.lib</file>
         <name>pre_init.c.obj</name>
      </input_file>
      <input_file id="fl-e0">
         <path>C:\ti\ccs1271\ccs\tools\compiler\ti-cgt-arm_20.2.7.LTS\lib\</path>
         <kind>archive</kind>
         <file>rtsv7M4_T_le_v4SPD16_eabi.lib</file>
         <name>cpy_tbl.c.obj</name>
      </input_file>
      <input_file id="fl-e1">
         <path>C:\ti\ccs1271\ccs\tools\compiler\ti-cgt-arm_20.2.7.LTS\lib\</path>
         <kind>archive</kind>
         <file>rtsv7M4_T_le_v4SPD16_eabi.lib</file>
         <name>exit.c.obj</name>
      </input_file>
      <input_file id="fl-e2">
         <path>C:\ti\ccs1271\ccs\tools\compiler\ti-cgt-arm_20.2.7.LTS\lib\</path>
         <kind>archive</kind>
         <file>rtsv7M4_T_le_v4SPD16_eabi.lib</file>
         <name>_lock.c.obj</name>
      </input_file>
      <input_file id="fl-e3">
         <path>C:\ti\ccs1271\ccs\tools\compiler\ti-cgt-arm_20.2.7.LTS\lib\</path>
         <kind>archive</kind>
         <file>rtsv7M4_T_le_v4SPD16_eabi.lib</file>
         <name>_ltoa.c.obj</name>
      </input_file>
      <input_file id="fl-e4">
         <path>C:\ti\ccs1271\ccs\tools\compiler\ti-cgt-arm_20.2.7.LTS\lib\</path>
         <kind>archive</kind>
         <file>rtsv7M4_T_le_v4SPD16_eabi.lib</file>
         <name>args_main.c.obj</name>
      </input_file>
      <input_file id="fl-e5">
         <path>C:\ti\ccs1271\ccs\tools\compiler\ti-cgt-arm_20.2.7.LTS\lib\</path>
         <kind>archive</kind>
         <file>rtsv7M4_T_le_v4SPD16_eabi.lib</file>
         <name>atoi.c.obj</name>
      </input_file>
      <input_file id="fl-e6">
         <path>C:\ti\ccs1271\ccs\tools\compiler\ti-cgt-arm_20.2.7.LTS\lib\</path>
         <kind>archive</kind>
         <file>rtsv7M4_T_le_v4SPD16_eabi.lib</file>
         <name>ctype.c.obj</name>
      </input_file>
      <input_file id="fl-e7">
         <path>C:\ti\ccs1271\ccs\tools\compiler\ti-cgt-arm_20.2.7.LTS\lib\</path>
         <kind>archive</kind>
         <file>rtsv7M4_T_le_v4SPD16_eabi.lib</file>
         <name>memccpy.c.obj</name>
      </input_file>
      <input_file id="fl-e8">
         <path>C:\ti\ccs1271\ccs\tools\compiler\ti-cgt-arm_20.2.7.LTS\lib\</path>
         <kind>archive</kind>
         <file>rtsv7M4_T_le_v4SPD16_eabi.lib</file>
         <name>strchr.c.obj</name>
      </input_file>
      <input_file id="fl-e9">
         <path>C:\ti\ccs1271\ccs\tools\compiler\ti-cgt-arm_20.2.7.LTS\lib\</path>
         <kind>archive</kind>
         <file>rtsv7M4_T_le_v4SPD16_eabi.lib</file>
         <name>strlen.c.obj</name>
      </input_file>
      <input_file id="fl-ea">
         <path>C:\ti\ccs1271\ccs\tools\compiler\ti-cgt-arm_20.2.7.LTS\lib\</path>
         <kind>archive</kind>
         <file>rtsv7M4_T_le_v4SPD16_eabi.lib</file>
         <name>errno.c.obj</name>
      </input_file>
      <input_file id="fl-eb">
         <path>C:\ti\ccs1271\ccs\tools\compiler\ti-cgt-arm_20.2.7.LTS\lib\</path>
         <kind>archive</kind>
         <file>rtsv7M4_T_le_v4SPD16_eabi.lib</file>
         <name>wcslen.c.obj</name>
      </input_file>
      <input_file id="fl-ec">
         <path>C:\ti\ccs1271\ccs\tools\compiler\ti-cgt-arm_20.2.7.LTS\lib\</path>
         <kind>archive</kind>
         <file>rtsv7M4_T_le_v4SPD16_eabi.lib</file>
         <name>s_frexp.c.obj</name>
      </input_file>
      <input_file id="fl-ed">
         <path>C:\ti\ccs1271\ccs\tools\compiler\ti-cgt-arm_20.2.7.LTS\lib\</path>
         <kind>archive</kind>
         <file>rtsv7M4_T_le_v4SPD16_eabi.lib</file>
         <name>s_scalbn.c.obj</name>
      </input_file>
      <input_file id="fl-ee">
         <path>C:\ti\ccs1271\ccs\tools\compiler\ti-cgt-arm_20.2.7.LTS\lib\</path>
         <kind>archive</kind>
         <file>rtsv7M4_T_le_v4SPD16_eabi.lib</file>
         <name>div0.asm.obj</name>
      </input_file>
      <input_file id="fl-ef">
         <path>C:\ti\ccs1271\ccs\tools\compiler\ti-cgt-arm_20.2.7.LTS\lib\</path>
         <kind>archive</kind>
         <file>rtsv7M4_T_le_v4SPD16_eabi.lib</file>
         <name>s_copysign.c.obj</name>
      </input_file>
      <input_file id="fl-f0">
         <path>C:\ti\TivaWare_C_Series-2.2.0.295\driverlib\ccs\Debug\</path>
         <kind>archive</kind>
         <file>driverlib.lib</file>
         <name>interrupt.obj</name>
      </input_file>
      <input_file id="fl-f1">
         <path>C:\ti\TivaWare_C_Series-2.2.0.295\driverlib\ccs\Debug\</path>
         <kind>archive</kind>
         <file>driverlib.lib</file>
         <name>cpu.obj</name>
      </input_file>
   </input_file_list>
   <object_component_list>
      <object_component id="oc-12">
         <name>.intvecs</name>
         <load_address>0x0</load_address>
         <run_address>0x0</run_address>
         <size>0x26c</size>
         <input_file_ref idref="fl-8"/>
      </object_component>
      <object_component id="oc-11d">
         <name>.text</name>
         <load_address>0x26c</load_address>
         <run_address>0x26c</run_address>
         <size>0xc20</size>
         <input_file_ref idref="fl-7"/>
      </object_component>
      <object_component id="oc-184">
         <name>.text:__TI_printfi</name>
         <load_address>0xe8c</load_address>
         <run_address>0xe8c</run_address>
         <size>0xa4e</size>
         <input_file_ref idref="fl-db"/>
      </object_component>
      <object_component id="oc-2f0">
         <name>.text:_nop</name>
         <load_address>0x18da</load_address>
         <run_address>0x18da</run_address>
         <size>0x2</size>
         <input_file_ref idref="fl-e2"/>
      </object_component>
      <object_component id="oc-a2">
         <name>.text</name>
         <load_address>0x18dc</load_address>
         <run_address>0x18dc</run_address>
         <size>0x78c</size>
         <input_file_ref idref="fl-4"/>
      </object_component>
      <object_component id="oc-117">
         <name>.text</name>
         <load_address>0x2068</load_address>
         <run_address>0x2068</run_address>
         <size>0x328</size>
         <input_file_ref idref="fl-5"/>
      </object_component>
      <object_component id="oc-263">
         <name>.text:_pconv_a</name>
         <load_address>0x2390</load_address>
         <run_address>0x2390</run_address>
         <size>0x270</size>
         <input_file_ref idref="fl-db"/>
      </object_component>
      <object_component id="oc-100">
         <name>.text</name>
         <load_address>0x2600</load_address>
         <run_address>0x2600</run_address>
         <size>0x260</size>
         <input_file_ref idref="fl-10"/>
      </object_component>
      <object_component id="oc-111">
         <name>.text</name>
         <load_address>0x2860</load_address>
         <run_address>0x2860</run_address>
         <size>0x248</size>
         <input_file_ref idref="fl-3"/>
      </object_component>
      <object_component id="oc-123">
         <name>.text</name>
         <load_address>0x2aa8</load_address>
         <run_address>0x2aa8</run_address>
         <size>0x208</size>
         <input_file_ref idref="fl-6"/>
      </object_component>
      <object_component id="oc-106">
         <name>.text</name>
         <load_address>0x2cb0</load_address>
         <run_address>0x2cb0</run_address>
         <size>0x1f8</size>
         <input_file_ref idref="fl-9"/>
      </object_component>
      <object_component id="oc-1a4">
         <name>.text</name>
         <load_address>0x2ea8</load_address>
         <run_address>0x2ea8</run_address>
         <size>0x1ec</size>
         <input_file_ref idref="fl-12"/>
      </object_component>
      <object_component id="oc-251">
         <name>.text:_pconv_g</name>
         <load_address>0x3094</load_address>
         <run_address>0x3094</run_address>
         <size>0x1d0</size>
         <input_file_ref idref="fl-db"/>
      </object_component>
      <object_component id="oc-10c">
         <name>.text</name>
         <load_address>0x3264</load_address>
         <run_address>0x3264</run_address>
         <size>0x1b6</size>
         <input_file_ref idref="fl-cb"/>
      </object_component>
      <object_component id="oc-3a7">
         <name>.text</name>
         <load_address>0x341a</load_address>
         <run_address>0x341a</run_address>
         <size>0x2</size>
         <input_file_ref idref="fl-ee"/>
      </object_component>
      <object_component id="oc-19e">
         <name>.text</name>
         <load_address>0x341c</load_address>
         <run_address>0x341c</run_address>
         <size>0x158</size>
         <input_file_ref idref="fl-13"/>
      </object_component>
      <object_component id="oc-25d">
         <name>.text:_pconv_e</name>
         <load_address>0x3574</load_address>
         <run_address>0x3574</run_address>
         <size>0x13c</size>
         <input_file_ref idref="fl-db"/>
      </object_component>
      <object_component id="oc-e6">
         <name>.text</name>
         <load_address>0x36b0</load_address>
         <run_address>0x36b0</run_address>
         <size>0x136</size>
         <input_file_ref idref="fl-cd"/>
      </object_component>
      <object_component id="oc-32f">
         <name>.text:fcvt</name>
         <load_address>0x37e8</load_address>
         <run_address>0x37e8</run_address>
         <size>0x124</size>
         <input_file_ref idref="fl-db"/>
      </object_component>
      <object_component id="oc-1aa">
         <name>.text</name>
         <load_address>0x390c</load_address>
         <run_address>0x390c</run_address>
         <size>0x118</size>
         <input_file_ref idref="fl-11"/>
      </object_component>
      <object_component id="oc-343">
         <name>.text:scalbn</name>
         <load_address>0x3a24</load_address>
         <run_address>0x3a24</run_address>
         <size>0x110</size>
         <input_file_ref idref="fl-ed"/>
      </object_component>
      <object_component id="oc-385">
         <name>.text:aligned_alloc</name>
         <load_address>0x3b34</load_address>
         <run_address>0x3b34</run_address>
         <size>0x100</size>
         <input_file_ref idref="fl-d7"/>
      </object_component>
      <object_component id="oc-eb">
         <name>.text</name>
         <load_address>0x3c34</load_address>
         <run_address>0x3c34</run_address>
         <size>0xfc</size>
         <input_file_ref idref="fl-ce"/>
      </object_component>
      <object_component id="oc-1fc">
         <name>.text:free</name>
         <load_address>0x3d30</load_address>
         <run_address>0x3d30</run_address>
         <size>0xe4</size>
         <input_file_ref idref="fl-d7"/>
      </object_component>
      <object_component id="oc-24b">
         <name>.text:_ltostr</name>
         <load_address>0x3e14</load_address>
         <run_address>0x3e14</run_address>
         <size>0xb1</size>
         <input_file_ref idref="fl-db"/>
      </object_component>
      <object_component id="oc-3e">
         <name>.text</name>
         <load_address>0x3ec6</load_address>
         <run_address>0x3ec6</run_address>
         <size>0x9c</size>
         <input_file_ref idref="fl-d3"/>
      </object_component>
      <object_component id="oc-316">
         <name>.text</name>
         <load_address>0x3f62</load_address>
         <run_address>0x3f62</run_address>
         <size>0x96</size>
         <input_file_ref idref="fl-dd"/>
      </object_component>
      <object_component id="oc-dc">
         <name>.text:__aeabi_cdcmple</name>
         <load_address>0x3ff8</load_address>
         <run_address>0x3ff8</run_address>
         <size>0x86</size>
         <input_file_ref idref="fl-cc"/>
      </object_component>
      <object_component id="oc-fb">
         <name>.text:__aeabi_cdrcmple</name>
         <load_address>0x407e</load_address>
         <run_address>0x407e</run_address>
         <size>0x86</size>
         <input_file_ref idref="fl-cc"/>
      </object_component>
      <object_component id="oc-96">
         <name>.text</name>
         <load_address>0x4104</load_address>
         <run_address>0x4104</run_address>
         <size>0x7a</size>
         <input_file_ref idref="fl-dc"/>
      </object_component>
      <object_component id="oc-3d6">
         <name>.text:split</name>
         <load_address>0x4180</load_address>
         <run_address>0x4180</run_address>
         <size>0x70</size>
         <input_file_ref idref="fl-d7"/>
      </object_component>
      <object_component id="oc-328">
         <name>.text:_mcpy</name>
         <load_address>0x41f0</load_address>
         <run_address>0x41f0</run_address>
         <size>0x6e</size>
         <input_file_ref idref="fl-db"/>
      </object_component>
      <object_component id="oc-f0">
         <name>.text</name>
         <load_address>0x425e</load_address>
         <run_address>0x425e</run_address>
         <size>0x6e</size>
         <input_file_ref idref="fl-d0"/>
      </object_component>
      <object_component id="oc-15">
         <name>.text:decompress:lzss:__TI_decompress_lzss</name>
         <load_address>0x42cc</load_address>
         <run_address>0x42cc</run_address>
         <size>0x68</size>
         <input_file_ref idref="fl-d6"/>
      </object_component>
      <object_component id="oc-33d">
         <name>.text:frexp</name>
         <load_address>0x4334</load_address>
         <run_address>0x4334</run_address>
         <size>0x64</size>
         <input_file_ref idref="fl-ec"/>
      </object_component>
      <object_component id="oc-257">
         <name>.text:_pconv_f</name>
         <load_address>0x4398</load_address>
         <run_address>0x4398</run_address>
         <size>0x56</size>
         <input_file_ref idref="fl-db"/>
      </object_component>
      <object_component id="oc-31c">
         <name>.text:__TI_ltoa</name>
         <load_address>0x43ee</load_address>
         <run_address>0x43ee</run_address>
         <size>0x54</size>
         <input_file_ref idref="fl-e3"/>
      </object_component>
      <object_component id="oc-322">
         <name>.text:_ecpy</name>
         <load_address>0x4442</load_address>
         <run_address>0x4442</run_address>
         <size>0x52</size>
         <input_file_ref idref="fl-db"/>
      </object_component>
      <object_component id="oc-245">
         <name>.text:atoi</name>
         <load_address>0x4494</load_address>
         <run_address>0x4494</run_address>
         <size>0x4c</size>
         <input_file_ref idref="fl-e5"/>
      </object_component>
      <object_component id="oc-1b9">
         <name>.text</name>
         <load_address>0x44e0</load_address>
         <run_address>0x44e0</run_address>
         <size>0x48</size>
         <input_file_ref idref="fl-cf"/>
      </object_component>
      <object_component id="oc-145">
         <name>.text:__TI_auto_init_nobinit_nopinit:__TI_auto_init_nobinit_nopinit</name>
         <load_address>0x4528</load_address>
         <run_address>0x4528</run_address>
         <size>0x44</size>
         <input_file_ref idref="fl-de"/>
      </object_component>
      <object_component id="oc-f5">
         <name>.text:sprintf</name>
         <load_address>0x456c</load_address>
         <run_address>0x456c</run_address>
         <size>0x40</size>
         <input_file_ref idref="fl-c9"/>
      </object_component>
      <object_component id="oc-1df">
         <name>.text:vsnprintf</name>
         <load_address>0x45ac</load_address>
         <run_address>0x45ac</run_address>
         <size>0x40</size>
         <input_file_ref idref="fl-ca"/>
      </object_component>
      <object_component id="oc-335">
         <name>.text:_fcpy</name>
         <load_address>0x45ec</load_address>
         <run_address>0x45ec</run_address>
         <size>0x3e</size>
         <input_file_ref idref="fl-db"/>
      </object_component>
      <object_component id="oc-1f6">
         <name>.text:calloc</name>
         <load_address>0x462c</load_address>
         <run_address>0x462c</run_address>
         <size>0x38</size>
         <input_file_ref idref="fl-d7"/>
      </object_component>
      <object_component id="oc-d7">
         <name>.text</name>
         <load_address>0x4664</load_address>
         <run_address>0x4664</run_address>
         <size>0x38</size>
         <input_file_ref idref="fl-d1"/>
      </object_component>
      <object_component id="oc-1be">
         <name>.text:IntRegister</name>
         <load_address>0x469c</load_address>
         <run_address>0x469c</run_address>
         <size>0x34</size>
         <input_file_ref idref="fl-f0"/>
      </object_component>
      <object_component id="oc-5c">
         <name>.text:_c_int00_noargs:_c_int00_noargs</name>
         <load_address>0x46d0</load_address>
         <run_address>0x46d0</run_address>
         <size>0x34</size>
         <input_file_ref idref="fl-da"/>
      </object_component>
      <object_component id="oc-2af">
         <name>.text:_outs</name>
         <load_address>0x4704</load_address>
         <run_address>0x4704</run_address>
         <size>0x30</size>
         <input_file_ref idref="fl-ca"/>
      </object_component>
      <object_component id="oc-e1">
         <name>.text</name>
         <load_address>0x4734</load_address>
         <run_address>0x4734</run_address>
         <size>0x2e</size>
         <input_file_ref idref="fl-d2"/>
      </object_component>
      <object_component id="oc-2df">
         <name>.text:free_list_insert</name>
         <load_address>0x4764</load_address>
         <run_address>0x4764</run_address>
         <size>0x28</size>
         <input_file_ref idref="fl-d7"/>
      </object_component>
      <object_component id="oc-4a">
         <name>.text:decompress:ZI:__TI_zero_init_nomemset:__TI_zero_init_nomemset</name>
         <load_address>0x478c</load_address>
         <run_address>0x478c</run_address>
         <size>0x1c</size>
         <input_file_ref idref="fl-d4"/>
      </object_component>
      <object_component id="oc-2d9">
         <name>.text:free_list_remove</name>
         <load_address>0x47a8</load_address>
         <run_address>0x47a8</run_address>
         <size>0x1c</size>
         <input_file_ref idref="fl-d7"/>
      </object_component>
      <object_component id="oc-269">
         <name>.text:memccpy</name>
         <load_address>0x47c4</load_address>
         <run_address>0x47c4</run_address>
         <size>0x1c</size>
         <input_file_ref idref="fl-e7"/>
      </object_component>
      <object_component id="oc-3ba">
         <name>.text:copysign</name>
         <load_address>0x47e0</load_address>
         <run_address>0x47e0</run_address>
         <size>0x1a</size>
         <input_file_ref idref="fl-ef"/>
      </object_component>
      <object_component id="oc-2b5">
         <name>.text:_outc</name>
         <load_address>0x47fa</load_address>
         <run_address>0x47fa</run_address>
         <size>0x18</size>
         <input_file_ref idref="fl-ca"/>
      </object_component>
      <object_component id="oc-18a">
         <name>.text:_outs</name>
         <load_address>0x4812</load_address>
         <run_address>0x4812</run_address>
         <size>0x18</size>
         <input_file_ref idref="fl-c9"/>
      </object_component>
      <object_component id="oc-202">
         <name>.text:oi_parseInt</name>
         <load_address>0x482a</load_address>
         <run_address>0x482a</run_address>
         <size>0x18</size>
         <input_file_ref idref="fl-7"/>
      </object_component>
      <object_component id="oc-1e5">
         <name>.text:strcmp</name>
         <load_address>0x4842</load_address>
         <run_address>0x4842</run_address>
         <size>0x18</size>
         <input_file_ref idref="fl-d8"/>
      </object_component>
      <object_component id="oc-349">
         <name>.text:strchr</name>
         <load_address>0x485a</load_address>
         <run_address>0x485a</run_address>
         <size>0x16</size>
         <input_file_ref idref="fl-e8"/>
      </object_component>
      <object_component id="oc-1eb">
         <name>.text:strcpy</name>
         <load_address>0x4870</load_address>
         <run_address>0x4870</run_address>
         <size>0x14</size>
         <input_file_ref idref="fl-d9"/>
      </object_component>
      <object_component id="oc-23f">
         <name>.text:strlen</name>
         <load_address>0x4884</load_address>
         <run_address>0x4884</run_address>
         <size>0x14</size>
         <input_file_ref idref="fl-e9"/>
      </object_component>
      <object_component id="oc-26f">
         <name>.text:wcslen</name>
         <load_address>0x4898</load_address>
         <run_address>0x4898</run_address>
         <size>0x12</size>
         <input_file_ref idref="fl-eb"/>
      </object_component>
      <object_component id="oc-1c4">
         <name>.text:IntMasterEnable</name>
         <load_address>0x48aa</load_address>
         <run_address>0x48aa</run_address>
         <size>0x10</size>
         <input_file_ref idref="fl-f0"/>
      </object_component>
      <object_component id="oc-1d8">
         <name>.text:lcd_clear</name>
         <load_address>0x48ba</load_address>
         <run_address>0x48ba</run_address>
         <size>0x10</size>
         <input_file_ref idref="fl-5"/>
      </object_component>
      <object_component id="oc-1b">
         <name>.text:decompress:none:__TI_decompress_none</name>
         <load_address>0x48ca</load_address>
         <run_address>0x48ca</run_address>
         <size>0xe</size>
         <input_file_ref idref="fl-d5"/>
      </object_component>
      <object_component id="oc-2a4">
         <name>.text:CPUcpsie</name>
         <load_address>0x48d8</load_address>
         <run_address>0x48d8</run_address>
         <size>0xc</size>
         <input_file_ref idref="fl-f1"/>
      </object_component>
      <object_component id="oc-2a">
         <name>.text</name>
         <load_address>0x48e4</load_address>
         <run_address>0x48e4</run_address>
         <size>0xc</size>
         <input_file_ref idref="fl-8"/>
      </object_component>
      <object_component id="oc-190">
         <name>.text:_outc</name>
         <load_address>0x48f0</load_address>
         <run_address>0x48f0</run_address>
         <size>0xa</size>
         <input_file_ref idref="fl-c9"/>
      </object_component>
      <object_component id="oc-275">
         <name>.text:__aeabi_errno_addr</name>
         <load_address>0x48fc</load_address>
         <run_address>0x48fc</run_address>
         <size>0x8</size>
         <input_file_ref idref="fl-ea"/>
      </object_component>
      <object_component id="oc-2d2">
         <name>.text:malloc</name>
         <load_address>0x4904</load_address>
         <run_address>0x4904</run_address>
         <size>0x8</size>
         <input_file_ref idref="fl-d7"/>
      </object_component>
      <object_component id="oc-9c">
         <name>.text:_system_pre_init</name>
         <load_address>0x490c</load_address>
         <run_address>0x490c</run_address>
         <size>0x4</size>
         <input_file_ref idref="fl-df"/>
      </object_component>
      <object_component id="oc-139">
         <name>.text:abort:abort</name>
         <load_address>0x4910</load_address>
         <run_address>0x4910</run_address>
         <size>0x4</size>
         <input_file_ref idref="fl-e1"/>
      </object_component>
      <object_component id="oc-311">
         <name>.const:.string:_ctypes_</name>
         <load_address>0x4914</load_address>
         <run_address>0x4914</run_address>
         <size>0x101</size>
         <input_file_ref idref="fl-e6"/>
      </object_component>
      <object_component id="oc-20c">
         <name>.const:.string:$P$T0$3</name>
         <load_address>0x4a15</load_address>
         <run_address>0x4a15</run_address>
         <size>0xf</size>
         <input_file_ref idref="fl-7"/>
      </object_component>
      <object_component id="oc-1f1">
         <name>.const:.string:lineAddress$1</name>
         <load_address>0x4a24</load_address>
         <run_address>0x4a24</run_address>
         <size>0x4</size>
         <input_file_ref idref="fl-5"/>
      </object_component>
      <object_component id="oc-1f2">
         <name>.const:.string:lineAddresses$2</name>
         <load_address>0x4a28</load_address>
         <run_address>0x4a28</run_address>
         <size>0x4</size>
         <input_file_ref idref="fl-5"/>
      </object_component>
      <object_component id="oc-41d">
         <name>.cinit..data.load</name>
         <load_address>0x4a30</load_address>
         <run_address>0x4a30</run_address>
         <size>0x18</size>
      </object_component>
      <object_component id="oc-41a">
         <name>__TI_handler_table</name>
         <load_address>0x4a48</load_address>
         <run_address>0x4a48</run_address>
         <size>0xc</size>
      </object_component>
      <object_component id="oc-41e">
         <name>.cinit..bss.load</name>
         <load_address>0x4a58</load_address>
         <run_address>0x4a58</run_address>
         <size>0x8</size>
      </object_component>
      <object_component id="oc-41c">
         <name>.cinit..vtable.load</name>
         <load_address>0x4a60</load_address>
         <run_address>0x4a60</run_address>
         <size>0x8</size>
      </object_component>
      <object_component id="oc-41b">
         <name>__TI_cinit_table</name>
         <load_address>0x4a68</load_address>
         <run_address>0x4a68</run_address>
         <size>0x18</size>
      </object_component>
      <object_component id="oc-29a">
         <name>.vtable</name>
         <uninitialized>true</uninitialized>
         <run_address>0x20000000</run_address>
         <size>0x26c</size>
         <input_file_ref idref="fl-f0"/>
      </object_component>
      <object_component id="oc-1d1">
         <name>.data</name>
         <load_address>0x20000f34</load_address>
         <run_address>0x20000f34</run_address>
         <size>0x1</size>
         <input_file_ref idref="fl-3"/>
      </object_component>
      <object_component id="oc-209">
         <name>.data</name>
         <load_address>0x20000efc</load_address>
         <run_address>0x20000efc</run_address>
         <size>0x20</size>
         <input_file_ref idref="fl-7"/>
      </object_component>
      <object_component id="oc-1b0">
         <name>.data</name>
         <load_address>0x20000f2c</load_address>
         <run_address>0x20000f2c</run_address>
         <size>0x4</size>
         <input_file_ref idref="fl-10"/>
      </object_component>
      <object_component id="oc-38c">
         <name>.data:$O1$$</name>
         <load_address>0x20000f24</load_address>
         <run_address>0x20000f24</run_address>
         <size>0x8</size>
         <input_file_ref idref="fl-d7"/>
      </object_component>
      <object_component id="oc-223">
         <name>.data:$O1$$</name>
         <load_address>0x20000f1c</load_address>
         <run_address>0x20000f1c</run_address>
         <size>0x8</size>
         <input_file_ref idref="fl-e2"/>
      </object_component>
      <object_component id="oc-359">
         <name>.data</name>
         <load_address>0x20000f30</load_address>
         <run_address>0x20000f30</run_address>
         <size>0x4</size>
         <input_file_ref idref="fl-ea"/>
      </object_component>
      <object_component id="oc-1f3">
         <name>.bss:lastbuffer$3</name>
         <uninitialized>true</uninitialized>
         <run_address>0x20000e70</run_address>
         <size>0x54</size>
         <input_file_ref idref="fl-5"/>
      </object_component>
      <object_component id="oc-20f">
         <name>.bss:firmware$2</name>
         <uninitialized>true</uninitialized>
         <run_address>0x20000ec4</run_address>
         <size>0x18</size>
         <input_file_ref idref="fl-7"/>
      </object_component>
      <object_component id="oc-132">
         <name>.common:uart_data</name>
         <uninitialized>true</uninitialized>
         <run_address>0x20000efa</run_address>
         <size>0x1</size>
      </object_component>
      <object_component id="oc-12f">
         <name>.common:flag</name>
         <uninitialized>true</uninitialized>
         <run_address>0x20000ef8</run_address>
         <size>0x1</size>
      </object_component>
      <object_component id="oc-1d4">
         <name>.common:_timeout_ticks</name>
         <uninitialized>true</uninitialized>
         <run_address>0x20000edc</run_address>
         <size>0x4</size>
      </object_component>
      <object_component id="oc-129">
         <name>.common:right_calibration_value</name>
         <uninitialized>true</uninitialized>
         <run_address>0x20000ef0</run_address>
         <size>0x4</size>
      </object_component>
      <object_component id="oc-12e">
         <name>.common:left_calibration_value</name>
         <uninitialized>true</uninitialized>
         <run_address>0x20000ee8</run_address>
         <size>0x4</size>
      </object_component>
      <object_component id="oc-293">
         <name>.common:isr_int_value</name>
         <uninitialized>true</uninitialized>
         <run_address>0x20000ee4</run_address>
         <size>0x4</size>
      </object_component>
      <object_component id="oc-28f">
         <name>.common:risingEdge</name>
         <uninitialized>true</uninitialized>
         <run_address>0x20000ef4</run_address>
         <size>0x4</size>
      </object_component>
      <object_component id="oc-290">
         <name>.common:fallingEdge</name>
         <uninitialized>true</uninitialized>
         <run_address>0x20000ee0</run_address>
         <size>0x4</size>
      </object_component>
      <object_component id="oc-291">
         <name>.common:pulseLength</name>
         <uninitialized>true</uninitialized>
         <run_address>0x20000eec</run_address>
         <size>0x4</size>
      </object_component>
      <object_component id="oc-28c">
         <name>.common:isRisingEdge</name>
         <uninitialized>true</uninitialized>
         <run_address>0x20000ef9</run_address>
         <size>0x1</size>
      </object_component>
      <object_component id="oc-24">
         <name>.sysmem</name>
         <uninitialized>true</uninitialized>
         <run_address>0x20000a70</run_address>
         <size>0x10</size>
         <input_file_ref idref="fl-d7"/>
      </object_component>
      <object_component id="oc-421">
         <name>.sysmem</name>
         <uninitialized>true</uninitialized>
         <run_address>0x20000a70</run_address>
         <size>0x0</size>
      </object_component>
      <object_component id="oc-27">
         <name>.stack</name>
         <uninitialized>true</uninitialized>
         <run_address>0x20000270</run_address>
         <size>0x4</size>
         <input_file_ref idref="fl-da"/>
      </object_component>
      <object_component id="oc-420">
         <name>.stack</name>
         <uninitialized>true</uninitialized>
         <run_address>0x20000270</run_address>
         <size>0x0</size>
      </object_component>
      <object_component id="oc-c5">
         <name>.debug_info</name>
         <load_address>0x0</load_address>
         <run_address>0x0</run_address>
         <size>0x10e</size>
         <input_file_ref idref="fl-2"/>
      </object_component>
      <object_component id="oc-77">
         <name>.debug_info</name>
         <load_address>0x10e</load_address>
         <run_address>0x10e</run_address>
         <size>0x26b</size>
         <input_file_ref idref="fl-2"/>
      </object_component>
      <object_component id="oc-39">
         <name>.debug_info</name>
         <load_address>0x379</load_address>
         <run_address>0x379</run_address>
         <size>0x84</size>
         <input_file_ref idref="fl-2"/>
      </object_component>
      <object_component id="oc-c0">
         <name>.debug_info</name>
         <load_address>0x3fd</load_address>
         <run_address>0x3fd</run_address>
         <size>0x2a4</size>
         <input_file_ref idref="fl-2"/>
      </object_component>
      <object_component id="oc-7c">
         <name>.debug_info</name>
         <load_address>0x6a1</load_address>
         <run_address>0x6a1</run_address>
         <size>0xbb</size>
         <input_file_ref idref="fl-2"/>
      </object_component>
      <object_component id="oc-2cd">
         <name>.debug_info</name>
         <load_address>0x75c</load_address>
         <run_address>0x75c</run_address>
         <size>0xcc</size>
         <input_file_ref idref="fl-2"/>
      </object_component>
      <object_component id="oc-198">
         <name>.debug_info</name>
         <load_address>0x828</load_address>
         <run_address>0x828</run_address>
         <size>0x2c</size>
         <input_file_ref idref="fl-2"/>
      </object_component>
      <object_component id="oc-179">
         <name>.debug_info</name>
         <load_address>0x854</load_address>
         <run_address>0x854</run_address>
         <size>0x35</size>
         <input_file_ref idref="fl-2"/>
      </object_component>
      <object_component id="oc-1d5">
         <name>.debug_info</name>
         <load_address>0x889</load_address>
         <run_address>0x889</run_address>
         <size>0x2af</size>
         <input_file_ref idref="fl-3"/>
      </object_component>
      <object_component id="oc-1d2">
         <name>.debug_info</name>
         <load_address>0xb38</load_address>
         <run_address>0xb38</run_address>
         <size>0xbd</size>
         <input_file_ref idref="fl-3"/>
      </object_component>
      <object_component id="oc-113">
         <name>.debug_info</name>
         <load_address>0xbf5</load_address>
         <run_address>0xbf5</run_address>
         <size>0x505</size>
         <input_file_ref idref="fl-3"/>
      </object_component>
      <object_component id="oc-12a">
         <name>.debug_info</name>
         <load_address>0x10fa</load_address>
         <run_address>0x10fa</run_address>
         <size>0x611</size>
         <input_file_ref idref="fl-4"/>
      </object_component>
      <object_component id="oc-a3">
         <name>.debug_info</name>
         <load_address>0x170b</load_address>
         <run_address>0x170b</run_address>
         <size>0xda1</size>
         <input_file_ref idref="fl-4"/>
      </object_component>
      <object_component id="oc-216">
         <name>.debug_info</name>
         <load_address>0x24ac</load_address>
         <run_address>0x24ac</run_address>
         <size>0x5aa</size>
         <input_file_ref idref="fl-4"/>
      </object_component>
      <object_component id="oc-134">
         <name>.debug_info</name>
         <load_address>0x2a56</load_address>
         <run_address>0x2a56</run_address>
         <size>0x9d</size>
         <input_file_ref idref="fl-4"/>
      </object_component>
      <object_component id="oc-1f5">
         <name>.debug_info</name>
         <load_address>0x2af3</load_address>
         <run_address>0x2af3</run_address>
         <size>0x37d</size>
         <input_file_ref idref="fl-5"/>
      </object_component>
      <object_component id="oc-1d9">
         <name>.debug_info</name>
         <load_address>0x2e70</load_address>
         <run_address>0x2e70</run_address>
         <size>0x112</size>
         <input_file_ref idref="fl-5"/>
      </object_component>
      <object_component id="oc-119">
         <name>.debug_info</name>
         <load_address>0x2f82</load_address>
         <run_address>0x2f82</run_address>
         <size>0x89e</size>
         <input_file_ref idref="fl-5"/>
      </object_component>
      <object_component id="oc-213">
         <name>.debug_info</name>
         <load_address>0x3820</load_address>
         <run_address>0x3820</run_address>
         <size>0x2de</size>
         <input_file_ref idref="fl-6"/>
      </object_component>
      <object_component id="oc-126">
         <name>.debug_info</name>
         <load_address>0x3afe</load_address>
         <run_address>0x3afe</run_address>
         <size>0x689</size>
         <input_file_ref idref="fl-6"/>
      </object_component>
      <object_component id="oc-211">
         <name>.debug_info</name>
         <load_address>0x4187</load_address>
         <run_address>0x4187</run_address>
         <size>0x3fa</size>
         <input_file_ref idref="fl-7"/>
      </object_component>
      <object_component id="oc-20a">
         <name>.debug_info</name>
         <load_address>0x4581</load_address>
         <run_address>0x4581</run_address>
         <size>0x10f</size>
         <input_file_ref idref="fl-7"/>
      </object_component>
      <object_component id="oc-20d">
         <name>.debug_info</name>
         <load_address>0x4690</load_address>
         <run_address>0x4690</run_address>
         <size>0xc4</size>
         <input_file_ref idref="fl-7"/>
      </object_component>
      <object_component id="oc-203">
         <name>.debug_info</name>
         <load_address>0x4754</load_address>
         <run_address>0x4754</run_address>
         <size>0x13c</size>
         <input_file_ref idref="fl-7"/>
      </object_component>
      <object_component id="oc-11e">
         <name>.debug_info</name>
         <load_address>0x4890</load_address>
         <run_address>0x4890</run_address>
         <size>0x1986</size>
         <input_file_ref idref="fl-7"/>
      </object_component>
      <object_component id="oc-1cb">
         <name>.debug_info</name>
         <load_address>0x6216</load_address>
         <run_address>0x6216</run_address>
         <size>0x8b</size>
         <input_file_ref idref="fl-7"/>
      </object_component>
      <object_component id="oc-32">
         <name>.debug_info</name>
         <load_address>0x62a1</load_address>
         <run_address>0x62a1</run_address>
         <size>0x299</size>
         <input_file_ref idref="fl-8"/>
      </object_component>
      <object_component id="oc-13">
         <name>.debug_info</name>
         <load_address>0x653a</load_address>
         <run_address>0x653a</run_address>
         <size>0xd8</size>
         <input_file_ref idref="fl-8"/>
      </object_component>
      <object_component id="oc-2d">
         <name>.debug_info</name>
         <load_address>0x6612</load_address>
         <run_address>0x6612</run_address>
         <size>0x254</size>
         <input_file_ref idref="fl-8"/>
      </object_component>
      <object_component id="oc-130">
         <name>.debug_info</name>
         <load_address>0x6866</load_address>
         <run_address>0x6866</run_address>
         <size>0x2f2</size>
         <input_file_ref idref="fl-9"/>
      </object_component>
      <object_component id="oc-107">
         <name>.debug_info</name>
         <load_address>0x6b58</load_address>
         <run_address>0x6b58</run_address>
         <size>0x39d</size>
         <input_file_ref idref="fl-9"/>
      </object_component>
      <object_component id="oc-12c">
         <name>.debug_info</name>
         <load_address>0x6ef5</load_address>
         <run_address>0x6ef5</run_address>
         <size>0x485</size>
         <input_file_ref idref="fl-10"/>
      </object_component>
      <object_component id="oc-1b1">
         <name>.debug_info</name>
         <load_address>0x737a</load_address>
         <run_address>0x737a</run_address>
         <size>0x114</size>
         <input_file_ref idref="fl-10"/>
      </object_component>
      <object_component id="oc-102">
         <name>.debug_info</name>
         <load_address>0x748e</load_address>
         <run_address>0x748e</run_address>
         <size>0x4ce</size>
         <input_file_ref idref="fl-10"/>
      </object_component>
      <object_component id="oc-1b4">
         <name>.debug_info</name>
         <load_address>0x795c</load_address>
         <run_address>0x795c</run_address>
         <size>0x9d</size>
         <input_file_ref idref="fl-10"/>
      </object_component>
      <object_component id="oc-294">
         <name>.debug_info</name>
         <load_address>0x79f9</load_address>
         <run_address>0x79f9</run_address>
         <size>0x2b7</size>
         <input_file_ref idref="fl-11"/>
      </object_component>
      <object_component id="oc-1ad">
         <name>.debug_info</name>
         <load_address>0x7cb0</load_address>
         <run_address>0x7cb0</run_address>
         <size>0x266</size>
         <input_file_ref idref="fl-11"/>
      </object_component>
      <object_component id="oc-28d">
         <name>.debug_info</name>
         <load_address>0x7f16</load_address>
         <run_address>0x7f16</run_address>
         <size>0x3ba</size>
         <input_file_ref idref="fl-12"/>
      </object_component>
      <object_component id="oc-1a6">
         <name>.debug_info</name>
         <load_address>0x82d0</load_address>
         <run_address>0x82d0</run_address>
         <size>0x270</size>
         <input_file_ref idref="fl-12"/>
      </object_component>
      <object_component id="oc-1a2">
         <name>.debug_info</name>
         <load_address>0x8540</load_address>
         <run_address>0x8540</run_address>
         <size>0x296</size>
         <input_file_ref idref="fl-13"/>
      </object_component>
      <object_component id="oc-197">
         <name>.debug_info</name>
         <load_address>0x87d6</load_address>
         <run_address>0x87d6</run_address>
         <size>0x333</size>
         <input_file_ref idref="fl-c9"/>
      </object_component>
      <object_component id="oc-f9">
         <name>.debug_info</name>
         <load_address>0x8b09</load_address>
         <run_address>0x8b09</run_address>
         <size>0x1d1</size>
         <input_file_ref idref="fl-c9"/>
      </object_component>
      <object_component id="oc-18b">
         <name>.debug_info</name>
         <load_address>0x8cda</load_address>
         <run_address>0x8cda</run_address>
         <size>0x18d</size>
         <input_file_ref idref="fl-c9"/>
      </object_component>
      <object_component id="oc-193">
         <name>.debug_info</name>
         <load_address>0x8e67</load_address>
         <run_address>0x8e67</run_address>
         <size>0x16d</size>
         <input_file_ref idref="fl-c9"/>
      </object_component>
      <object_component id="oc-2bd">
         <name>.debug_info</name>
         <load_address>0x8fd4</load_address>
         <run_address>0x8fd4</run_address>
         <size>0x2c</size>
         <input_file_ref idref="fl-c9"/>
      </object_component>
      <object_component id="oc-2bc">
         <name>.debug_info</name>
         <load_address>0x9000</load_address>
         <run_address>0x9000</run_address>
         <size>0x340</size>
         <input_file_ref idref="fl-ca"/>
      </object_component>
      <object_component id="oc-1e2">
         <name>.debug_info</name>
         <load_address>0x9340</load_address>
         <run_address>0x9340</run_address>
         <size>0x208</size>
         <input_file_ref idref="fl-ca"/>
      </object_component>
      <object_component id="oc-2b1">
         <name>.debug_info</name>
         <load_address>0x9548</load_address>
         <run_address>0x9548</run_address>
         <size>0x1c6</size>
         <input_file_ref idref="fl-ca"/>
      </object_component>
      <object_component id="oc-2b8">
         <name>.debug_info</name>
         <load_address>0x970e</load_address>
         <run_address>0x970e</run_address>
         <size>0x179</size>
         <input_file_ref idref="fl-ca"/>
      </object_component>
      <object_component id="oc-2c2">
         <name>.debug_info</name>
         <load_address>0x9887</load_address>
         <run_address>0x9887</run_address>
         <size>0x69</size>
         <input_file_ref idref="fl-ca"/>
      </object_component>
      <object_component id="oc-10e">
         <name>.debug_info</name>
         <load_address>0x98f0</load_address>
         <run_address>0x98f0</run_address>
         <size>0x14c</size>
         <input_file_ref idref="fl-cb"/>
      </object_component>
      <object_component id="oc-df">
         <name>.debug_info</name>
         <load_address>0x9a3c</load_address>
         <run_address>0x9a3c</run_address>
         <size>0x128</size>
         <input_file_ref idref="fl-cc"/>
      </object_component>
      <object_component id="oc-fc">
         <name>.debug_info</name>
         <load_address>0x9b64</load_address>
         <run_address>0x9b64</run_address>
         <size>0x12a</size>
         <input_file_ref idref="fl-cc"/>
      </object_component>
      <object_component id="oc-e7">
         <name>.debug_info</name>
         <load_address>0x9c8e</load_address>
         <run_address>0x9c8e</run_address>
         <size>0x13a</size>
         <input_file_ref idref="fl-cd"/>
      </object_component>
      <object_component id="oc-ed">
         <name>.debug_info</name>
         <load_address>0x9dc8</load_address>
         <run_address>0x9dc8</run_address>
         <size>0x13a</size>
         <input_file_ref idref="fl-ce"/>
      </object_component>
      <object_component id="oc-1bb">
         <name>.debug_info</name>
         <load_address>0x9f02</load_address>
         <run_address>0x9f02</run_address>
         <size>0x12e</size>
         <input_file_ref idref="fl-cf"/>
      </object_component>
      <object_component id="oc-f3">
         <name>.debug_info</name>
         <load_address>0xa030</load_address>
         <run_address>0xa030</run_address>
         <size>0x13e</size>
         <input_file_ref idref="fl-d0"/>
      </object_component>
      <object_component id="oc-da">
         <name>.debug_info</name>
         <load_address>0xa16e</load_address>
         <run_address>0xa16e</run_address>
         <size>0x12c</size>
         <input_file_ref idref="fl-d1"/>
      </object_component>
      <object_component id="oc-e2">
         <name>.debug_info</name>
         <load_address>0xa29a</load_address>
         <run_address>0xa29a</run_address>
         <size>0x12c</size>
         <input_file_ref idref="fl-d2"/>
      </object_component>
      <object_component id="oc-3f">
         <name>.debug_info</name>
         <load_address>0xa3c6</load_address>
         <run_address>0xa3c6</run_address>
         <size>0x119</size>
         <input_file_ref idref="fl-d3"/>
      </object_component>
      <object_component id="oc-95">
         <name>.debug_info</name>
         <load_address>0xa4df</load_address>
         <run_address>0xa4df</run_address>
         <size>0x2d4</size>
         <input_file_ref idref="fl-d4"/>
      </object_component>
      <object_component id="oc-4e">
         <name>.debug_info</name>
         <load_address>0xa7b3</load_address>
         <run_address>0xa7b3</run_address>
         <size>0x1d2</size>
         <input_file_ref idref="fl-d4"/>
      </object_component>
      <object_component id="oc-90">
         <name>.debug_info</name>
         <load_address>0xa985</load_address>
         <run_address>0xa985</run_address>
         <size>0x46</size>
         <input_file_ref idref="fl-d4"/>
      </object_component>
      <object_component id="oc-ce">
         <name>.debug_info</name>
         <load_address>0xa9cb</load_address>
         <run_address>0xa9cb</run_address>
         <size>0x2c</size>
         <input_file_ref idref="fl-d4"/>
      </object_component>
      <object_component id="oc-49">
         <name>.debug_info</name>
         <load_address>0xa9f7</load_address>
         <run_address>0xa9f7</run_address>
         <size>0x2a8</size>
         <input_file_ref idref="fl-d5"/>
      </object_component>
      <object_component id="oc-1f">
         <name>.debug_info</name>
         <load_address>0xac9f</load_address>
         <run_address>0xac9f</run_address>
         <size>0x1ea</size>
         <input_file_ref idref="fl-d5"/>
      </object_component>
      <object_component id="oc-44">
         <name>.debug_info</name>
         <load_address>0xae89</load_address>
         <run_address>0xae89</run_address>
         <size>0x46</size>
         <input_file_ref idref="fl-d5"/>
      </object_component>
      <object_component id="oc-88">
         <name>.debug_info</name>
         <load_address>0xaecf</load_address>
         <run_address>0xaecf</run_address>
         <size>0x2c</size>
         <input_file_ref idref="fl-d5"/>
      </object_component>
      <object_component id="oc-86">
         <name>.debug_info</name>
         <load_address>0xaefb</load_address>
         <run_address>0xaefb</run_address>
         <size>0x29e</size>
         <input_file_ref idref="fl-d6"/>
      </object_component>
      <object_component id="oc-16">
         <name>.debug_info</name>
         <load_address>0xb199</load_address>
         <run_address>0xb199</run_address>
         <size>0x250</size>
         <input_file_ref idref="fl-d6"/>
      </object_component>
      <object_component id="oc-34">
         <name>.debug_info</name>
         <load_address>0xb3e9</load_address>
         <run_address>0xb3e9</run_address>
         <size>0x60</size>
         <input_file_ref idref="fl-d6"/>
      </object_component>
      <object_component id="oc-c7">
         <name>.debug_info</name>
         <load_address>0xb449</load_address>
         <run_address>0xb449</run_address>
         <size>0x46</size>
         <input_file_ref idref="fl-d6"/>
      </object_component>
      <object_component id="oc-81">
         <name>.debug_info</name>
         <load_address>0xb48f</load_address>
         <run_address>0xb48f</run_address>
         <size>0x39</size>
         <input_file_ref idref="fl-d6"/>
      </object_component>
      <object_component id="oc-70">
         <name>.debug_info</name>
         <load_address>0xb4c8</load_address>
         <run_address>0xb4c8</run_address>
         <size>0x3b2</size>
         <input_file_ref idref="fl-d7"/>
      </object_component>
      <object_component id="oc-25">
         <name>.debug_info</name>
         <load_address>0xb87a</load_address>
         <run_address>0xb87a</run_address>
         <size>0x10c</size>
         <input_file_ref idref="fl-d7"/>
      </object_component>
      <object_component id="oc-38d">
         <name>.debug_info</name>
         <load_address>0xb986</load_address>
         <run_address>0xb986</run_address>
         <size>0x13f</size>
         <input_file_ref idref="fl-d7"/>
      </object_component>
      <object_component id="oc-2d4">
         <name>.debug_info</name>
         <load_address>0xbac5</load_address>
         <run_address>0xbac5</run_address>
         <size>0x168</size>
         <input_file_ref idref="fl-d7"/>
      </object_component>
      <object_component id="oc-2dd">
         <name>.debug_info</name>
         <load_address>0xbc2d</load_address>
         <run_address>0xbc2d</run_address>
         <size>0x18e</size>
         <input_file_ref idref="fl-d7"/>
      </object_component>
      <object_component id="oc-2e2">
         <name>.debug_info</name>
         <load_address>0xbdbb</load_address>
         <run_address>0xbdbb</run_address>
         <size>0x19f</size>
         <input_file_ref idref="fl-d7"/>
      </object_component>
      <object_component id="oc-200">
         <name>.debug_info</name>
         <load_address>0xbf5a</load_address>
         <run_address>0xbf5a</run_address>
         <size>0x203</size>
         <input_file_ref idref="fl-d7"/>
      </object_component>
      <object_component id="oc-3d8">
         <name>.debug_info</name>
         <load_address>0xc15d</load_address>
         <run_address>0xc15d</run_address>
         <size>0x1db</size>
         <input_file_ref idref="fl-d7"/>
      </object_component>
      <object_component id="oc-1fa">
         <name>.debug_info</name>
         <load_address>0xc338</load_address>
         <run_address>0xc338</run_address>
         <size>0x1a5</size>
         <input_file_ref idref="fl-d7"/>
      </object_component>
      <object_component id="oc-389">
         <name>.debug_info</name>
         <load_address>0xc4dd</load_address>
         <run_address>0xc4dd</run_address>
         <size>0x299</size>
         <input_file_ref idref="fl-d7"/>
      </object_component>
      <object_component id="oc-bb">
         <name>.debug_info</name>
         <load_address>0xc776</load_address>
         <run_address>0xc776</run_address>
         <size>0xb2</size>
         <input_file_ref idref="fl-d7"/>
      </object_component>
      <object_component id="oc-b6">
         <name>.debug_info</name>
         <load_address>0xc828</load_address>
         <run_address>0xc828</run_address>
         <size>0x2c</size>
         <input_file_ref idref="fl-d7"/>
      </object_component>
      <object_component id="oc-2c8">
         <name>.debug_info</name>
         <load_address>0xc854</load_address>
         <run_address>0xc854</run_address>
         <size>0x28a</size>
         <input_file_ref idref="fl-d8"/>
      </object_component>
      <object_component id="oc-1e6">
         <name>.debug_info</name>
         <load_address>0xcade</load_address>
         <run_address>0xcade</run_address>
         <size>0x273</size>
         <input_file_ref idref="fl-d8"/>
      </object_component>
      <object_component id="oc-2ca">
         <name>.debug_info</name>
         <load_address>0xcd51</load_address>
         <run_address>0xcd51</run_address>
         <size>0x2a4</size>
         <input_file_ref idref="fl-d9"/>
      </object_component>
      <object_component id="oc-1ee">
         <name>.debug_info</name>
         <load_address>0xcff5</load_address>
         <run_address>0xcff5</run_address>
         <size>0x24d</size>
         <input_file_ref idref="fl-d9"/>
      </object_component>
      <object_component id="oc-28">
         <name>.debug_info</name>
         <load_address>0xd242</load_address>
         <run_address>0xd242</run_address>
         <size>0x10b</size>
         <input_file_ref idref="fl-da"/>
      </object_component>
      <object_component id="oc-5d">
         <name>.debug_info</name>
         <load_address>0xd34d</load_address>
         <run_address>0xd34d</run_address>
         <size>0x1a9</size>
         <input_file_ref idref="fl-da"/>
      </object_component>
      <object_component id="oc-27c">
         <name>.debug_info</name>
         <load_address>0xd4f6</load_address>
         <run_address>0xd4f6</run_address>
         <size>0x590</size>
         <input_file_ref idref="fl-db"/>
      </object_component>
      <object_component id="oc-24c">
         <name>.debug_info</name>
         <load_address>0xda86</load_address>
         <run_address>0xda86</run_address>
         <size>0x21e</size>
         <input_file_ref idref="fl-db"/>
      </object_component>
      <object_component id="oc-323">
         <name>.debug_info</name>
         <load_address>0xdca4</load_address>
         <run_address>0xdca4</run_address>
         <size>0x1b3</size>
         <input_file_ref idref="fl-db"/>
      </object_component>
      <object_component id="oc-329">
         <name>.debug_info</name>
         <load_address>0xde57</load_address>
         <run_address>0xde57</run_address>
         <size>0x21b</size>
         <input_file_ref idref="fl-db"/>
      </object_component>
      <object_component id="oc-252">
         <name>.debug_info</name>
         <load_address>0xe072</load_address>
         <run_address>0xe072</run_address>
         <size>0x3c0</size>
         <input_file_ref idref="fl-db"/>
      </object_component>
      <object_component id="oc-330">
         <name>.debug_info</name>
         <load_address>0xe432</load_address>
         <run_address>0xe432</run_address>
         <size>0x30a</size>
         <input_file_ref idref="fl-db"/>
      </object_component>
      <object_component id="oc-336">
         <name>.debug_info</name>
         <load_address>0xe73c</load_address>
         <run_address>0xe73c</run_address>
         <size>0x215</size>
         <input_file_ref idref="fl-db"/>
      </object_component>
      <object_component id="oc-258">
         <name>.debug_info</name>
         <load_address>0xe951</load_address>
         <run_address>0xe951</run_address>
         <size>0x215</size>
         <input_file_ref idref="fl-db"/>
      </object_component>
      <object_component id="oc-25e">
         <name>.debug_info</name>
         <load_address>0xeb66</load_address>
         <run_address>0xeb66</run_address>
         <size>0x304</size>
         <input_file_ref idref="fl-db"/>
      </object_component>
      <object_component id="oc-264">
         <name>.debug_info</name>
         <load_address>0xee6a</load_address>
         <run_address>0xee6a</run_address>
         <size>0x4b5</size>
         <input_file_ref idref="fl-db"/>
      </object_component>
      <object_component id="oc-185">
         <name>.debug_info</name>
         <load_address>0xf31f</load_address>
         <run_address>0xf31f</run_address>
         <size>0x5f4</size>
         <input_file_ref idref="fl-db"/>
      </object_component>
      <object_component id="oc-27d">
         <name>.debug_info</name>
         <load_address>0xf913</load_address>
         <run_address>0xf913</run_address>
         <size>0x86</size>
         <input_file_ref idref="fl-db"/>
      </object_component>
      <object_component id="oc-360">
         <name>.debug_info</name>
         <load_address>0xf999</load_address>
         <run_address>0xf999</run_address>
         <size>0x39</size>
         <input_file_ref idref="fl-db"/>
      </object_component>
      <object_component id="oc-3d1">
         <name>.debug_info</name>
         <load_address>0xf9d2</load_address>
         <run_address>0xf9d2</run_address>
         <size>0xb6</size>
         <input_file_ref idref="fl-db"/>
      </object_component>
      <object_component id="oc-365">
         <name>.debug_info</name>
         <load_address>0xfa88</load_address>
         <run_address>0xfa88</run_address>
         <size>0x46</size>
         <input_file_ref idref="fl-db"/>
      </object_component>
      <object_component id="oc-282">
         <name>.debug_info</name>
         <load_address>0xface</load_address>
         <run_address>0xface</run_address>
         <size>0x46</size>
         <input_file_ref idref="fl-db"/>
      </object_component>
      <object_component id="oc-98">
         <name>.debug_info</name>
         <load_address>0xfb14</load_address>
         <run_address>0xfb14</run_address>
         <size>0x147</size>
         <input_file_ref idref="fl-dc"/>
      </object_component>
      <object_component id="oc-317">
         <name>.debug_info</name>
         <load_address>0xfc5b</load_address>
         <run_address>0xfc5b</run_address>
         <size>0x134</size>
         <input_file_ref idref="fl-dd"/>
      </object_component>
      <object_component id="oc-22a">
         <name>.debug_info</name>
         <load_address>0xfd8f</load_address>
         <run_address>0xfd8f</run_address>
         <size>0x4b3</size>
         <input_file_ref idref="fl-de"/>
      </object_component>
      <object_component id="oc-149">
         <name>.debug_info</name>
         <load_address>0x10242</load_address>
         <run_address>0x10242</run_address>
         <size>0x1a6</size>
         <input_file_ref idref="fl-de"/>
      </object_component>
      <object_component id="oc-2fe">
         <name>.debug_info</name>
         <load_address>0x103e8</load_address>
         <run_address>0x103e8</run_address>
         <size>0x39</size>
         <input_file_ref idref="fl-de"/>
      </object_component>
      <object_component id="oc-394">
         <name>.debug_info</name>
         <load_address>0x10421</load_address>
         <run_address>0x10421</run_address>
         <size>0x39</size>
         <input_file_ref idref="fl-de"/>
      </object_component>
      <object_component id="oc-303">
         <name>.debug_info</name>
         <load_address>0x1045a</load_address>
         <run_address>0x1045a</run_address>
         <size>0x39</size>
         <input_file_ref idref="fl-de"/>
      </object_component>
      <object_component id="oc-308">
         <name>.debug_info</name>
         <load_address>0x10493</load_address>
         <run_address>0x10493</run_address>
         <size>0xcd</size>
         <input_file_ref idref="fl-de"/>
      </object_component>
      <object_component id="oc-9f">
         <name>.debug_info</name>
         <load_address>0x10560</load_address>
         <run_address>0x10560</run_address>
         <size>0x153</size>
         <input_file_ref idref="fl-df"/>
      </object_component>
      <object_component id="oc-13b">
         <name>.debug_info</name>
         <load_address>0x106b3</load_address>
         <run_address>0x106b3</run_address>
         <size>0x122</size>
         <input_file_ref idref="fl-e1"/>
      </object_component>
      <object_component id="oc-2f8">
         <name>.debug_info</name>
         <load_address>0x107d5</load_address>
         <run_address>0x107d5</run_address>
         <size>0x2c9</size>
         <input_file_ref idref="fl-e2"/>
      </object_component>
      <object_component id="oc-224">
         <name>.debug_info</name>
         <load_address>0x10a9e</load_address>
         <run_address>0x10a9e</run_address>
         <size>0x11e</size>
         <input_file_ref idref="fl-e2"/>
      </object_component>
      <object_component id="oc-2f3">
         <name>.debug_info</name>
         <load_address>0x10bbc</load_address>
         <run_address>0x10bbc</run_address>
         <size>0x12e</size>
         <input_file_ref idref="fl-e2"/>
      </object_component>
      <object_component id="oc-3ae">
         <name>.debug_info</name>
         <load_address>0x10cea</load_address>
         <run_address>0x10cea</run_address>
         <size>0x29c</size>
         <input_file_ref idref="fl-e3"/>
      </object_component>
      <object_component id="oc-31e">
         <name>.debug_info</name>
         <load_address>0x10f86</load_address>
         <run_address>0x10f86</run_address>
         <size>0x1da</size>
         <input_file_ref idref="fl-e3"/>
      </object_component>
      <object_component id="oc-315">
         <name>.debug_info</name>
         <load_address>0x11160</load_address>
         <run_address>0x11160</run_address>
         <size>0x2b9</size>
         <input_file_ref idref="fl-e5"/>
      </object_component>
      <object_component id="oc-248">
         <name>.debug_info</name>
         <load_address>0x11419</load_address>
         <run_address>0x11419</run_address>
         <size>0x17c</size>
         <input_file_ref idref="fl-e5"/>
      </object_component>
      <object_component id="oc-3a4">
         <name>.debug_info</name>
         <load_address>0x11595</load_address>
         <run_address>0x11595</run_address>
         <size>0xf9</size>
         <input_file_ref idref="fl-e6"/>
      </object_component>
      <object_component id="oc-312">
         <name>.debug_info</name>
         <load_address>0x1168e</load_address>
         <run_address>0x1168e</run_address>
         <size>0x105</size>
         <input_file_ref idref="fl-e6"/>
      </object_component>
      <object_component id="oc-351">
         <name>.debug_info</name>
         <load_address>0x11793</load_address>
         <run_address>0x11793</run_address>
         <size>0x2a7</size>
         <input_file_ref idref="fl-e7"/>
      </object_component>
      <object_component id="oc-26b">
         <name>.debug_info</name>
         <load_address>0x11a3a</load_address>
         <run_address>0x11a3a</run_address>
         <size>0x1b8</size>
         <input_file_ref idref="fl-e7"/>
      </object_component>
      <object_component id="oc-3c3">
         <name>.debug_info</name>
         <load_address>0x11bf2</load_address>
         <run_address>0x11bf2</run_address>
         <size>0x29a</size>
         <input_file_ref idref="fl-e8"/>
      </object_component>
      <object_component id="oc-34d">
         <name>.debug_info</name>
         <load_address>0x11e8c</load_address>
         <run_address>0x11e8c</run_address>
         <size>0x262</size>
         <input_file_ref idref="fl-e8"/>
      </object_component>
      <object_component id="oc-310">
         <name>.debug_info</name>
         <load_address>0x120ee</load_address>
         <run_address>0x120ee</run_address>
         <size>0x28f</size>
         <input_file_ref idref="fl-e9"/>
      </object_component>
      <object_component id="oc-240">
         <name>.debug_info</name>
         <load_address>0x1237d</load_address>
         <run_address>0x1237d</run_address>
         <size>0x245</size>
         <input_file_ref idref="fl-e9"/>
      </object_component>
      <object_component id="oc-35d">
         <name>.debug_info</name>
         <load_address>0x125c2</load_address>
         <run_address>0x125c2</run_address>
         <size>0x289</size>
         <input_file_ref idref="fl-ea"/>
      </object_component>
      <object_component id="oc-35a">
         <name>.debug_info</name>
         <load_address>0x1284b</load_address>
         <run_address>0x1284b</run_address>
         <size>0x10e</size>
         <input_file_ref idref="fl-ea"/>
      </object_component>
      <object_component id="oc-276">
         <name>.debug_info</name>
         <load_address>0x12959</load_address>
         <run_address>0x12959</run_address>
         <size>0x14e</size>
         <input_file_ref idref="fl-ea"/>
      </object_component>
      <object_component id="oc-358">
         <name>.debug_info</name>
         <load_address>0x12aa7</load_address>
         <run_address>0x12aa7</run_address>
         <size>0x28f</size>
         <input_file_ref idref="fl-eb"/>
      </object_component>
      <object_component id="oc-271">
         <name>.debug_info</name>
         <load_address>0x12d36</load_address>
         <run_address>0x12d36</run_address>
         <size>0x15a</size>
         <input_file_ref idref="fl-eb"/>
      </object_component>
      <object_component id="oc-3c6">
         <name>.debug_info</name>
         <load_address>0x12e90</load_address>
         <run_address>0x12e90</run_address>
         <size>0x46</size>
         <input_file_ref idref="fl-eb"/>
      </object_component>
      <object_component id="oc-353">
         <name>.debug_info</name>
         <load_address>0x12ed6</load_address>
         <run_address>0x12ed6</run_address>
         <size>0x39</size>
         <input_file_ref idref="fl-eb"/>
      </object_component>
      <object_component id="oc-3b4">
         <name>.debug_info</name>
         <load_address>0x12f0f</load_address>
         <run_address>0x12f0f</run_address>
         <size>0x295</size>
         <input_file_ref idref="fl-ec"/>
      </object_component>
      <object_component id="oc-33f">
         <name>.debug_info</name>
         <load_address>0x131a4</load_address>
         <run_address>0x131a4</run_address>
         <size>0x195</size>
         <input_file_ref idref="fl-ec"/>
      </object_component>
      <object_component id="oc-3e6">
         <name>.debug_info</name>
         <load_address>0x13339</load_address>
         <run_address>0x13339</run_address>
         <size>0x39</size>
         <input_file_ref idref="fl-ec"/>
      </object_component>
      <object_component id="oc-3b5">
         <name>.debug_info</name>
         <load_address>0x13372</load_address>
         <run_address>0x13372</run_address>
         <size>0x2c</size>
         <input_file_ref idref="fl-ec"/>
      </object_component>
      <object_component id="oc-3c1">
         <name>.debug_info</name>
         <load_address>0x1339e</load_address>
         <run_address>0x1339e</run_address>
         <size>0x2f8</size>
         <input_file_ref idref="fl-ed"/>
      </object_component>
      <object_component id="oc-344">
         <name>.debug_info</name>
         <load_address>0x13696</load_address>
         <run_address>0x13696</run_address>
         <size>0x225</size>
         <input_file_ref idref="fl-ed"/>
      </object_component>
      <object_component id="oc-3aa">
         <name>.debug_info</name>
         <load_address>0x138bb</load_address>
         <run_address>0x138bb</run_address>
         <size>0x115</size>
         <input_file_ref idref="fl-ee"/>
      </object_component>
      <object_component id="oc-3bc">
         <name>.debug_info</name>
         <load_address>0x139d0</load_address>
         <run_address>0x139d0</run_address>
         <size>0x161</size>
         <input_file_ref idref="fl-ef"/>
      </object_component>
      <object_component id="oc-2a3">
         <name>.debug_info</name>
         <load_address>0x13b31</load_address>
         <run_address>0x13b31</run_address>
         <size>0x3b7</size>
         <input_file_ref idref="fl-f0"/>
      </object_component>
      <object_component id="oc-29b">
         <name>.debug_info</name>
         <load_address>0x13ee8</load_address>
         <run_address>0x13ee8</run_address>
         <size>0x160</size>
         <input_file_ref idref="fl-f0"/>
      </object_component>
      <object_component id="oc-1bf">
         <name>.debug_info</name>
         <load_address>0x14048</load_address>
         <run_address>0x14048</run_address>
         <size>0x2ca</size>
         <input_file_ref idref="fl-f0"/>
      </object_component>
      <object_component id="oc-1c6">
         <name>.debug_info</name>
         <load_address>0x14312</load_address>
         <run_address>0x14312</run_address>
         <size>0x247</size>
         <input_file_ref idref="fl-f0"/>
      </object_component>
      <object_component id="oc-377">
         <name>.debug_info</name>
         <load_address>0x14559</load_address>
         <run_address>0x14559</run_address>
         <size>0x26b</size>
         <input_file_ref idref="fl-f0"/>
      </object_component>
      <object_component id="oc-370">
         <name>.debug_info</name>
         <load_address>0x147c4</load_address>
         <run_address>0x147c4</run_address>
         <size>0x297</size>
         <input_file_ref idref="fl-f0"/>
      </object_component>
      <object_component id="oc-29e">
         <name>.debug_info</name>
         <load_address>0x14a5b</load_address>
         <run_address>0x14a5b</run_address>
         <size>0xbb</size>
         <input_file_ref idref="fl-f0"/>
      </object_component>
      <object_component id="oc-2a6">
         <name>.debug_info</name>
         <load_address>0x14b16</load_address>
         <run_address>0x14b16</run_address>
         <size>0x21b</size>
         <input_file_ref idref="fl-f1"/>
      </object_component>
      <object_component id="oc-422">
         <name>.debug_info</name>
         <load_address>0x14d31</load_address>
         <run_address>0x14d31</run_address>
         <size>0x8b</size>
      </object_component>
      <object_component id="oc-178">
         <name>.debug_line</name>
         <load_address>0x0</load_address>
         <run_address>0x0</run_address>
         <size>0x41</size>
         <input_file_ref idref="fl-2"/>
      </object_component>
      <object_component id="oc-7a">
         <name>.debug_line</name>
         <load_address>0x41</load_address>
         <run_address>0x41</run_address>
         <size>0x6f</size>
         <input_file_ref idref="fl-2"/>
      </object_component>
      <object_component id="oc-3c">
         <name>.debug_line</name>
         <load_address>0xb0</load_address>
         <run_address>0xb0</run_address>
         <size>0x20</size>
         <input_file_ref idref="fl-2"/>
      </object_component>
      <object_component id="oc-c3">
         <name>.debug_line</name>
         <load_address>0xd0</load_address>
         <run_address>0xd0</run_address>
         <size>0x73</size>
         <input_file_ref idref="fl-2"/>
      </object_component>
      <object_component id="oc-7f">
         <name>.debug_line</name>
         <load_address>0x143</load_address>
[...]
         <object_component_ref idref="oc-123"/>
      </symbol>
      <symbol id="sm-22e">
         <name>go_charge</name>
         <value>0x97f</value>
         <object_component_ref idref="oc-11d"/>
      </symbol>
      <symbol id="sm-22f">
         <name>GPIOF_Handler</name>
         <value>0xbc3</value>
         <object_component_ref idref="oc-11d"/>
      </symbol>
      <symbol id="sm-230">
         <name>oi_free</name>
         <value>0x279</value>
         <object_component_ref idref="oc-11d"/>
      </symbol>
      <symbol id="sm-231">
         <name>oi_getMotorCalibrationRight</name>
         <value>0xe01</value>
         <object_component_ref idref="oc-11d"/>
      </symbol>
      <symbol id="sm-232">
         <name>oi_uartReceive</name>
         <value>0xa31</value>
         <object_component_ref idref="oc-11d"/>
      </symbol>
      <symbol id="sm-233">
         <name>oi_setWheels</name>
         <value>0x88f</value>
         <object_component_ref idref="oc-11d"/>
      </symbol>
      <symbol id="sm-234">
         <name>oi_shutoff_init</name>
         <value>0xb51</value>
         <object_component_ref idref="oc-11d"/>
      </symbol>
      <symbol id="sm-235">
         <name>motor_cal_factor_L</name>
         <value>0x20000efc</value>
         <object_component_ref idref="oc-209"/>
      </symbol>
      <symbol id="sm-236">
         <name>motor_cal_factor_R</name>
         <value>0x20000f00</value>
         <object_component_ref idref="oc-209"/>
      </symbol>
      <symbol id="sm-237">
         <name>oi_parseInt</name>
         <value>0x482b</value>
         <object_component_ref idref="oc-202"/>
      </symbol>
      <symbol id="sm-238">
         <name>oi_setMotorCalibration</name>
         <value>0xdb1</value>
         <object_component_ref idref="oc-11d"/>
      </symbol>
      <symbol id="sm-239">
         <name>oi_uartSendStr</name>
         <value>0xa59</value>
         <object_component_ref idref="oc-11d"/>
      </symbol>
      <symbol id="sm-23a">
         <name>oi_close</name>
         <value>0x2c7</value>
         <object_component_ref idref="oc-11d"/>
      </symbol>
      <symbol id="sm-23b">
         <name>oi_uartSendBuff</name>
         <value>0xa77</value>
         <object_component_ref idref="oc-11d"/>
      </symbol>
      <symbol id="sm-23c">
         <name>oi_checkFirmware</name>
         <value>0xaa9</value>
         <object_component_ref idref="oc-11d"/>
      </symbol>
      <symbol id="sm-23d">
         <name>oi_init_noupdate</name>
         <value>0x289</value>
         <object_component_ref idref="oc-11d"/>
      </symbol>
      <symbol id="sm-23e">
         <name>oi_uartSendChar</name>
         <value>0xa15</value>
         <object_component_ref idref="oc-11d"/>
      </symbol>
      <symbol id="sm-23f">
         <name>oi_alloc</name>
         <value>0x26d</value>
         <object_component_ref idref="oc-11d"/>
      </symbol>
      <symbol id="sm-240">
         <name>oi_getMotorCalibrationLeft</name>
         <value>0xded</value>
         <object_component_ref idref="oc-11d"/>
      </symbol>
      <symbol id="sm-241">
         <name>oi_loadSong</name>
         <value>0x915</value>
         <object_component_ref idref="oc-11d"/>
      </symbol>
      <symbol id="sm-242">
         <name>oi_play_song</name>
         <value>0x96b</value>
         <object_component_ref idref="oc-11d"/>
      </symbol>
      <symbol id="sm-243">
         <name>oi_parsePacket</name>
         <value>0x32b</value>
         <object_component_ref idref="oc-11d"/>
      </symbol>
      <symbol id="sm-244">
         <name>oi_setLeds</name>
         <value>0x84b</value>
         <object_component_ref idref="oc-11d"/>
      </symbol>
      <symbol id="sm-245">
         <name>oi_init</name>
         <value>0x2b1</value>
         <object_component_ref idref="oc-11d"/>
      </symbol>
      <symbol id="sm-246">
         <name>oi_update</name>
         <value>0x2d9</value>
         <object_component_ref idref="oc-11d"/>
      </symbol>
      <symbol id="sm-247">
         <name>oi_uartInit</name>
         <value>0x98d</value>
         <object_component_ref idref="oc-11d"/>
      </symbol>
      <symbol id="sm-263">
         <name>ResetISR</name>
         <value>0x48e5</value>
         <object_component_ref idref="oc-2a"/>
      </symbol>
      <symbol id="sm-264">
         <name>g_pfnVectors</name>
         <value>0x0</value>
         <object_component_ref idref="oc-12"/>
      </symbol>
      <symbol id="sm-295">
         <name>UART1_Handler</name>
         <value>0x2e07</value>
         <object_component_ref idref="oc-106"/>
      </symbol>
      <symbol id="sm-296">
         <name>uart_sendChar</name>
         <value>0x2d6b</value>
         <object_component_ref idref="oc-106"/>
      </symbol>
      <symbol id="sm-297">
         <name>uart_init</name>
         <value>0x2cb1</value>
         <object_component_ref idref="oc-106"/>
      </symbol>
      <symbol id="sm-298">
         <name>uart_receive</name>
         <value>0x2d87</value>
         <object_component_ref idref="oc-106"/>
      </symbol>
      <symbol id="sm-299">
         <name>init_char_interrupt</name>
         <value>0x2db7</value>
         <object_component_ref idref="oc-106"/>
      </symbol>
      <symbol id="sm-29a">
         <name>uart_sendStr</name>
         <value>0x2dad</value>
         <object_component_ref idref="oc-106"/>
      </symbol>
      <symbol id="sm-2d6">
         <name>cyBOT_SERVO_cal</name>
         <value>0x26d9</value>
         <object_component_ref idref="oc-100"/>
      </symbol>
      <symbol id="sm-2d7">
         <name>cyBOT_Scan</name>
         <value>0x2667</value>
         <object_component_ref idref="oc-100"/>
      </symbol>
      <symbol id="sm-2d8">
         <name>cyBOT_scan_features</name>
         <value>0x20000f2c</value>
         <object_component_ref idref="oc-1b0"/>
      </symbol>
      <symbol id="sm-2d9">
         <name>cyBOT_scan_version</name>
         <value>0x2601</value>
         <object_component_ref idref="oc-100"/>
      </symbol>
      <symbol id="sm-2da">
         <name>cyBOT_init_Scan</name>
         <value>0x260f</value>
         <object_component_ref idref="oc-100"/>
      </symbol>
      <symbol id="sm-301">
         <name>isr_int_value</name>
         <value>0x20000ee4</value>
      </symbol>
      <symbol id="sm-302">
         <name>ir_enableInterrupt</name>
         <value>0x39bb</value>
         <object_component_ref idref="oc-1aa"/>
      </symbol>
      <symbol id="sm-303">
         <name>ir_getDistance</name>
         <value>0x399d</value>
         <object_component_ref idref="oc-1aa"/>
      </symbol>
      <symbol id="sm-304">
         <name>ir_init</name>
         <value>0x390d</value>
         <object_component_ref idref="oc-1aa"/>
      </symbol>
      <symbol id="sm-305">
         <name>ADC0SS0_Handler</name>
         <value>0x39a5</value>
         <object_component_ref idref="oc-1aa"/>
      </symbol>
      <symbol id="sm-306">
         <name>ir_getValue</name>
         <value>0x3975</value>
         <object_component_ref idref="oc-1aa"/>
      </symbol>
      <symbol id="sm-335">
         <name>risingEdge</name>
         <value>0x20000ef4</value>
      </symbol>
      <symbol id="sm-336">
         <name>fallingEdge</name>
         <value>0x20000ee0</value>
      </symbol>
      <symbol id="sm-337">
         <name>pulseLength</name>
         <value>0x20000eec</value>
      </symbol>
      <symbol id="sm-338">
         <name>isRisingEdge</name>
         <value>0x20000ef9</value>
      </symbol>
      <symbol id="sm-339">
         <name>TIMER3B_Handler</name>
         <value>0x2f99</value>
         <object_component_ref idref="oc-1a4"/>
      </symbol>
      <symbol id="sm-33a">
         <name>ping_init</name>
         <value>0x2ea9</value>
         <object_component_ref idref="oc-1a4"/>
      </symbol>
      <symbol id="sm-33b">
         <name>ping_getDistance</name>
         <value>0x2feb</value>
         <object_component_ref idref="oc-1a4"/>
      </symbol>
      <symbol id="sm-33c">
         <name>ping_trigger</name>
         <value>0x2f2f</value>
         <object_component_ref idref="oc-1a4"/>
      </symbol>
      <symbol id="sm-35e">
         <name>servo_move</name>
         <value>0x34ad</value>
         <object_component_ref idref="oc-19e"/>
      </symbol>
      <symbol id="sm-35f">
         <name>servo_init</name>
         <value>0x341d</value>
         <object_component_ref idref="oc-19e"/>
      </symbol>
      <symbol id="sm-360">
         <name>servo_stop</name>
         <value>0x34a1</value>
         <object_component_ref idref="oc-19e"/>
      </symbol>
      <symbol id="sm-361">
         <name>servo_setPWM</name>
         <value>0x350d</value>
         <object_component_ref idref="oc-19e"/>
      </symbol>
      <symbol id="sm-388">
         <name>sprintf</name>
         <value>0x456d</value>
         <object_component_ref idref="oc-f5"/>
      </symbol>
      <symbol id="sm-3b2">
         <name>vsnprintf</name>
         <value>0x45ad</value>
         <object_component_ref idref="oc-1df"/>
      </symbol>
      <symbol id="sm-3c9">
         <name>__aeabi_dsub</name>
         <value>0x3265</value>
         <object_component_ref idref="oc-10c"/>
      </symbol>
      <symbol id="sm-3ca">
         <name>__aeabi_dadd</name>
         <value>0x326f</value>
         <object_component_ref idref="oc-10c"/>
      </symbol>
      <symbol id="sm-3ec">
         <name>__aeabi_cdcmpeq</name>
         <value>0x3ff9</value>
         <object_component_ref idref="oc-dc"/>
      </symbol>
      <symbol id="sm-3ed">
         <name>__aeabi_cdcmple</name>
         <value>0x3ff9</value>
         <object_component_ref idref="oc-dc"/>
      </symbol>
      <symbol id="sm-3ee">
         <name>__aeabi_cdrcmple</name>
         <value>0x407f</value>
         <object_component_ref idref="oc-fb"/>
      </symbol>
      <symbol id="sm-402">
         <name>__aeabi_ddiv</name>
         <value>0x36b1</value>
         <object_component_ref idref="oc-e6"/>
      </symbol>
      <symbol id="sm-40d">
         <name>__aeabi_dmul</name>
         <value>0x3c35</value>
         <object_component_ref idref="oc-eb"/>
      </symbol>
      <symbol id="sm-417">
         <name>__aeabi_d2iz</name>
         <value>0x44e1</value>
         <object_component_ref idref="oc-1b9"/>
      </symbol>
      <symbol id="sm-423">
         <name>__aeabi_d2f</name>
         <value>0x425f</value>
         <object_component_ref idref="oc-f0"/>
      </symbol>
      <symbol id="sm-42e">
         <name>__aeabi_f2d</name>
         <value>0x4665</value>
         <object_component_ref idref="oc-d7"/>
      </symbol>
      <symbol id="sm-438">
         <name>__aeabi_i2d</name>
         <value>0x4735</value>
         <object_component_ref idref="oc-e1"/>
      </symbol>
      <symbol id="sm-453">
         <name>memcpy</name>
         <value>0x3ec7</value>
         <object_component_ref idref="oc-3e"/>
      </symbol>
      <symbol id="sm-454">
         <name>__aeabi_memcpy</name>
         <value>0x3ec7</value>
         <object_component_ref idref="oc-3e"/>
      </symbol>
      <symbol id="sm-455">
         <name>__aeabi_memcpy8</name>
         <value>0x3ec7</value>
         <object_component_ref idref="oc-3e"/>
      </symbol>
      <symbol id="sm-456">
         <name>__aeabi_memcpy4</name>
         <value>0x3ec7</value>
         <object_component_ref idref="oc-3e"/>
      </symbol>
      <symbol id="sm-46f">
         <name>__TI_zero_init_nomemset</name>
         <value>0x478d</value>
         <object_component_ref idref="oc-4a"/>
      </symbol>
      <symbol id="sm-486">
         <name>__TI_decompress_none</name>
         <value>0x48cb</value>
         <object_component_ref idref="oc-1b"/>
      </symbol>
      <symbol id="sm-4a9">
         <name>__TI_decompress_lzss</name>
         <value>0x42cd</value>
         <object_component_ref idref="oc-15"/>
      </symbol>
      <symbol id="sm-53e">
         <name>_sys_memory</name>
         <value>0x20000a70</value>
         <object_component_ref idref="oc-24"/>
      </symbol>
      <symbol id="sm-53f">
         <name>free</name>
         <value>0x3d31</value>
         <object_component_ref idref="oc-1fc"/>
      </symbol>
      <symbol id="sm-540">
         <name>memalign</name>
         <value>0x3b35</value>
         <object_component_ref idref="oc-385"/>
      </symbol>
      <symbol id="sm-541">
         <name>calloc</name>
         <value>0x462d</value>
         <object_component_ref idref="oc-1f6"/>
      </symbol>
      <symbol id="sm-542">
         <name>malloc</name>
         <value>0x4905</value>
         <object_component_ref idref="oc-2d2"/>
      </symbol>
      <symbol id="sm-543">
         <name>aligned_alloc</name>
         <value>0x3b35</value>
         <object_component_ref idref="oc-385"/>
      </symbol>
      <symbol id="sm-552">
         <name>strcmp</name>
         <value>0x4843</value>
         <object_component_ref idref="oc-1e5"/>
      </symbol>
      <symbol id="sm-560">
         <name>strcpy</name>
         <value>0x4871</value>
         <object_component_ref idref="oc-1eb"/>
      </symbol>
      <symbol id="sm-573">
         <name>__stack</name>
         <value>0x20000270</value>
         <object_component_ref idref="oc-27"/>
      </symbol>
      <symbol id="sm-574">
         <name>_c_int00_noargs</name>
         <value>0x46d1</value>
         <object_component_ref idref="oc-5c"/>
      </symbol>
      <symbol id="sm-6d9">
         <name>__TI_printfi</name>
         <value>0xe8d</value>
         <object_component_ref idref="oc-184"/>
      </symbol>
      <symbol id="sm-6e8">
         <name>__aeabi_memset</name>
         <value>0x4107</value>
         <object_component_ref idref="oc-96"/>
      </symbol>
      <symbol id="sm-6e9">
         <name>memset</name>
         <value>0x410d</value>
         <object_component_ref idref="oc-96"/>
      </symbol>
      <symbol id="sm-6ea">
         <name>__aeabi_memset8</name>
         <value>0x4107</value>
         <object_component_ref idref="oc-96"/>
      </symbol>
      <symbol id="sm-6eb">
         <name>__aeabi_memset4</name>
         <value>0x4107</value>
         <object_component_ref idref="oc-96"/>
      </symbol>
      <symbol id="sm-6ec">
         <name>__aeabi_memclr8</name>
         <value>0x4105</value>
         <object_component_ref idref="oc-96"/>
      </symbol>
      <symbol id="sm-6ed">
         <name>__aeabi_memclr4</name>
         <value>0x4105</value>
         <object_component_ref idref="oc-96"/>
      </symbol>
      <symbol id="sm-6ee">
         <name>__aeabi_memclr</name>
         <value>0x4105</value>
         <object_component_ref idref="oc-96"/>
      </symbol>
      <symbol id="sm-6fb">
         <name>__aeabi_uldivmod</name>
         <value>0x3f63</value>
         <object_component_ref idref="oc-316"/>
      </symbol>
      <symbol id="sm-723">
         <name>__TI_auto_init_nobinit_nopinit</name>
         <value>0x4529</value>
         <object_component_ref idref="oc-145"/>
      </symbol>
      <symbol id="sm-72d">
         <name>_system_pre_init</name>
         <value>0x490d</value>
         <object_component_ref idref="oc-9c"/>
      </symbol>
      <symbol id="sm-739">
         <name>C$$EXIT</name>
         <value>0x4911</value>
         <object_component_ref idref="oc-139"/>
      </symbol>
      <symbol id="sm-73a">
         <name>abort</name>
         <value>0x4911</value>
         <object_component_ref idref="oc-139"/>
      </symbol>
      <symbol id="sm-74f">
         <name>_nop</name>
         <value>0x18db</value>
         <object_component_ref idref="oc-2f0"/>
      </symbol>
      <symbol id="sm-750">
         <name>_lock</name>
         <value>0x20000f1c</value>
         <object_component_ref idref="oc-223"/>
      </symbol>
      <symbol id="sm-751">
         <name>_unlock</name>
         <value>0x20000f20</value>
         <object_component_ref idref="oc-223"/>
      </symbol>
      <symbol id="sm-760">
         <name>__TI_ltoa</name>
         <value>0x43ef</value>
         <object_component_ref idref="oc-31c"/>
      </symbol>
      <symbol id="sm-777">
         <name>atoi</name>
         <value>0x4495</value>
         <object_component_ref idref="oc-245"/>
      </symbol>
      <symbol id="sm-782">
         <name>_ctypes_</name>
         <value>0x4914</value>
         <object_component_ref idref="oc-311"/>
      </symbol>
      <symbol id="sm-792">
         <name>memccpy</name>
         <value>0x47c5</value>
         <object_component_ref idref="oc-269"/>
      </symbol>
      <symbol id="sm-7a2">
         <name>strchr</name>
         <value>0x485b</value>
         <object_component_ref idref="oc-349"/>
      </symbol>
      <symbol id="sm-7b0">
         <name>strlen</name>
         <value>0x4885</value>
         <object_component_ref idref="oc-23f"/>
      </symbol>
      <symbol id="sm-7c6">
         <name>__aeabi_errno_addr</name>
         <value>0x48fd</value>
         <object_component_ref idref="oc-275"/>
      </symbol>
      <symbol id="sm-7c7">
         <name>errno</name>
         <value>0x20000f30</value>
         <object_component_ref idref="oc-359"/>
      </symbol>
      <symbol id="sm-7e0">
         <name>wcslen</name>
         <value>0x4899</value>
         <object_component_ref idref="oc-26f"/>
      </symbol>
      <symbol id="sm-800">
         <name>frexpl</name>
         <value>0x4335</value>
         <object_component_ref idref="oc-33d"/>
      </symbol>
      <symbol id="sm-801">
         <name>frexp</name>
         <value>0x4335</value>
         <object_component_ref idref="oc-33d"/>
      </symbol>
      <symbol id="sm-81e">
         <name>scalbn</name>
         <value>0x3a25</value>
         <object_component_ref idref="oc-343"/>
      </symbol>
      <symbol id="sm-81f">
         <name>scalbnl</name>
         <value>0x3a25</value>
         <object_component_ref idref="oc-343"/>
      </symbol>
      <symbol id="sm-820">
         <name>ldexpl</name>
         <value>0x3a25</value>
         <object_component_ref idref="oc-343"/>
      </symbol>
      <symbol id="sm-821">
         <name>ldexp</name>
         <value>0x3a25</value>
         <object_component_ref idref="oc-343"/>
      </symbol>
      <symbol id="sm-82b">
         <name>__aeabi_idiv0</name>
         <value>0x341b</value>
         <object_component_ref idref="oc-3a7"/>
      </symbol>
      <symbol id="sm-82c">
         <name>__aeabi_ldiv0</name>
         <value>0x341b</value>
         <object_component_ref idref="oc-3a7"/>
      </symbol>
      <symbol id="sm-836">
         <name>copysign</name>
         <value>0x47e1</value>
         <object_component_ref idref="oc-3ba"/>
      </symbol>
      <symbol id="sm-837">
         <name>copysignl</name>
         <value>0x47e1</value>
         <object_component_ref idref="oc-3ba"/>
      </symbol>
      <symbol id="sm-866">
         <name>IntRegister</name>
         <value>0x469d</value>
         <object_component_ref idref="oc-1be"/>
      </symbol>
      <symbol id="sm-867">
         <name>g_pfnRAMVectors</name>
         <value>0x20000000</value>
         <object_component_ref idref="oc-29a"/>
      </symbol>
      <symbol id="sm-868">
         <name>IntMasterEnable</name>
         <value>0x48ab</value>
         <object_component_ref idref="oc-1c4"/>
      </symbol>
      <symbol id="sm-872">
         <name>CPUcpsie</name>
         <value>0x48d9</value>
         <object_component_ref idref="oc-2a4"/>
      </symbol>
      <symbol id="sm-873">
         <name>__TI_static_base__</name>
         <value>0x0</value>
      </symbol>
      <symbol id="sm-876">
         <name>__mpu_init</name>
         <value>0x0</value>
      </symbol>
      <symbol id="sm-877">
         <name>_system_post_cinit</name>
         <value>0x0</value>
      </symbol>
   </symbol_table>
   <title>Link successful</title>
</link_info>
