******************************************************************************
                  TI ARM Linker PC v20.2.7                     
******************************************************************************
>> Linked Thu Oct  3 13:39:27 2024

OUTPUT FILE NAME:   <lab_5.out>
ENTRY POINT SYMBOL: "_c_int00_noargs"  address: 000039d9


MEMORY CONFIGURATION

         name            origin    length      used     unused   attr    fill
----------------------  --------  ---------  --------  --------  ----  --------
  FLASH                 00000000   00040000  00003d60  0003c2a0  R  X
  SRAM                  20000000   00008000  00000f49  000070b7  RW X


SEGMENT ALLOCATION MAP

run origin  load origin   length   init length attrs members
----------  ----------- ---------- ----------- ----- -------
00000000    00000000    00003d60   00003d60    r-x
  00000000    00000000    0000026c   0000026c    r-- .intvecs
  0000026c    0000026c    0000398c   0000398c    r-x .text
  00003bf8    00003bf8    00000118   00000118    r-- .const
  00003d10    00003d10    00000050   00000050    r-- .cinit
20000000    20000000    00000f4d   00000000    rw-
  20000000    20000000    0000026c   00000000    rw- .vtable
  20000270    20000270    00000800   00000000    rw- .stack
  20000a70    20000a70    00000400   00000000    rw- .sysmem
  20000e70    20000e70    000000a4   00000000    rw- .bss
  20000f14    20000f14    00000039   00000000    rw- .data


SECTION ALLOCATION MAP

 output                                  attributes/
section   page    origin      length       input sections
--------  ----  ----------  ----------   ----------------
.intvecs   0    00000000    0000026c     
                  00000000    0000026c     tm4c123gh6pm_startup_ccs.obj (.intvecs)

.text      0    0000026c    0000398c     
                  0000026c    00000c20     open_interface.obj (.text)
                  00000e8c    00000a4e     rtsv7M4_T_le_v4SPD16_eabi.lib : _printfi.c.obj (.text:__TI_printfi)
                  000018da    00000002                                   : _lock.c.obj (.text:_nop)
                  000018dc    00000328     lcd.obj (.text)
                  00001c04    000002a8     libcybotUART.lib : uart.obj (.text)
                  00001eac    00000270     rtsv7M4_T_le_v4SPD16_eabi.lib : _printfi.c.obj (.text:_pconv_a)
                  0000211c    00000248     Timer.obj (.text)
                  00002364    00000208     movement.obj (.text)
                  0000256c    000001d0     rtsv7M4_T_le_v4SPD16_eabi.lib : _printfi.c.obj (.text:_pconv_g)
                  0000273c    000001b6                                   : fd_add_t2.asm.obj (.text)
                  000028f2    00000002                                   : div0.asm.obj (.text)
                  000028f4    0000013c                                   : _printfi.c.obj (.text:_pconv_e)
                  00002a30    00000136                                   : fd_div_t2.asm.obj (.text)
                  00002b66    00000002     --HOLE-- [fill = 0]
                  00002b68    00000124                                   : _printfi.c.obj (.text:fcvt)
                  00002c8c    00000110                                   : s_scalbn.c.obj (.text:scalbn)
                  00002d9c    00000100                                   : memory.c.obj (.text:aligned_alloc)
                  00002e9c    000000fc                                   : fd_mul_t2.asm.obj (.text)
                  00002f98    000000e4                                   : memory.c.obj (.text:free)
                  0000307c    000000e0     Simple-CyBot-echo.obj (.text)
                  0000315c    000000b1     rtsv7M4_T_le_v4SPD16_eabi.lib : _printfi.c.obj (.text:_ltostr)
                  0000320d    00000001     --HOLE-- [fill = 0]
                  0000320e    0000009c                                   : memcpy_t2.asm.obj (.text)
                  000032aa    00000096                                   : ull_div_t2.asm.obj (.text)
                  00003340    00000086                                   : fd_cmp_t2.asm.obj (.text:__aeabi_cdcmple)
                  000033c6    00000086                                   : fd_cmp_t2.asm.obj (.text:__aeabi_cdrcmple)
                  0000344c    0000007a                                   : memset_t2.asm.obj (.text)
                  000034c6    00000002     --HOLE-- [fill = 0]
                  000034c8    00000070                                   : memory.c.obj (.text:split)
                  00003538    0000006e                                   : _printfi.c.obj (.text:_mcpy)
                  000035a6    0000006e                                   : fd_tos_t2.asm.obj (.text)
                  00003614    00000068                                   : copy_decompress_lzss.c.obj (.text:decompress:lzss:__TI_decompress_lzss)
                  0000367c    00000064                                   : s_frexp.c.obj (.text:frexp)
                  000036e0    00000056                                   : _printfi.c.obj (.text:_pconv_f)
                  00003736    00000054                                   : _ltoa.c.obj (.text:__TI_ltoa)
                  0000378a    00000052                                   : _printfi.c.obj (.text:_ecpy)
                  000037dc    0000004c                                   : atoi.c.obj (.text:atoi)
                  00003828    00000048                                   : fd_toi_t2.asm.obj (.text)
                  00003870    00000044                                   : autoinit.c.obj (.text:__TI_auto_init_nobinit_nopinit:__TI_auto_init_nobinit_nopinit)
                  000038b4    00000040                                   : vsnprintf.c.obj (.text:vsnprintf)
                  000038f4    0000003e                                   : _printfi.c.obj (.text:_fcpy)
                  00003932    00000002     --HOLE-- [fill = 0]
                  00003934    00000038                                   : memory.c.obj (.text:calloc)
                  0000396c    00000038                                   : fs_tod_t2.asm.obj (.text)
                  000039a4    00000034     driverlib.lib : interrupt.obj (.text:IntRegister)
                  000039d8    00000034     rtsv7M4_T_le_v4SPD16_eabi.lib : boot_cortex_m.c.obj (.text:_c_int00_noargs:_c_int00_noargs)
                  00003a0c    00000030                                   : vsnprintf.c.obj (.text:_outs)
                  00003a3c    0000002e                                   : i_tofd_t2.asm.obj (.text)
                  00003a6a    00000002     --HOLE-- [fill = 0]
                  00003a6c    00000028                                   : memory.c.obj (.text:free_list_insert)
                  00003a94    0000001c                                   : copy_zero_init.c.obj (.text:decompress:ZI:__TI_zero_init_nomemset:__TI_zero_init_nomemset)
                  00003ab0    0000001c                                   : memory.c.obj (.text:free_list_remove)
                  00003acc    0000001c                                   : memccpy.c.obj (.text:memccpy)
                  00003ae8    0000001a                                   : s_copysign.c.obj (.text:copysign)
                  00003b02    00000018                                   : vsnprintf.c.obj (.text:_outc)
                  00003b1a    00000018     open_interface.obj (.text:oi_parseInt)
                  00003b32    00000018     rtsv7M4_T_le_v4SPD16_eabi.lib : strcmp.c.obj (.text:strcmp)
                  00003b4a    00000016                                   : strchr.c.obj (.text:strchr)
                  00003b60    00000014                                   : strcpy.c.obj (.text:strcpy)
                  00003b74    00000014                                   : strlen.c.obj (.text:strlen)
                  00003b88    00000012                                   : wcslen.c.obj (.text:wcslen)
                  00003b9a    00000010     driverlib.lib : interrupt.obj (.text:IntMasterEnable)
                  00003baa    00000010     lcd.obj (.text:lcd_clear)
                  00003bba    0000000e     rtsv7M4_T_le_v4SPD16_eabi.lib : copy_decompress_none.c.obj (.text:decompress:none:__TI_decompress_none)
                  00003bc8    0000000c     driverlib.lib : cpu.obj (.text:CPUcpsie)
                  00003bd4    0000000c     tm4c123gh6pm_startup_ccs.obj (.text)
                  00003be0    00000008     rtsv7M4_T_le_v4SPD16_eabi.lib : errno.c.obj (.text:__aeabi_errno_addr)
                  00003be8    00000008                                   : memory.c.obj (.text:malloc)
                  00003bf0    00000004                                   : pre_init.c.obj (.text:_system_pre_init)
                  00003bf4    00000004                                   : exit.c.obj (.text:abort:abort)

.const     0    00003bf8    00000118     
                  00003bf8    00000101     rtsv7M4_T_le_v4SPD16_eabi.lib : ctype.c.obj (.const:.string:_ctypes_)
                  00003cf9    0000000f     open_interface.obj (.const:.string:$P$T0$3)
                  00003d08    00000004     lcd.obj (.const:.string:lineAddress$1)
                  00003d0c    00000004     lcd.obj (.const:.string:lineAddresses$2)

.cinit     0    00003d10    00000050     
                  00003d10    00000018     (.cinit..data.load) [load image, compression = lzss]
                  00003d28    0000000c     (__TI_handler_table)
                  00003d34    00000004     --HOLE-- [fill = 0]
                  00003d38    00000008     (.cinit..bss.load) [load image, compression = zero_init]
                  00003d40    00000008     (.cinit..vtable.load) [load image, compression = zero_init]
                  00003d48    00000018     (__TI_cinit_table)

.init_array 
*          0    00000000    00000000     UNINITIALIZED

.vtable    0    20000000    0000026c     UNINITIALIZED
                  20000000    0000026c     driverlib.lib : interrupt.obj (.vtable)

.stack     0    20000270    00000800     UNINITIALIZED
                  20000270    00000004     rtsv7M4_T_le_v4SPD16_eabi.lib : boot_cortex_m.c.obj (.stack)
                  20000274    000007fc     --HOLE--

.sysmem    0    20000a70    00000400     UNINITIALIZED
                  20000a70    00000010     rtsv7M4_T_le_v4SPD16_eabi.lib : memory.c.obj (.sysmem)
                  20000a80    000003f0     --HOLE--

.bss       0    20000e70    000000a4     UNINITIALIZED
                  20000e70    00000054     lcd.obj (.bss:lastbuffer$3)
                  20000ec4    00000034     (.common:isr_char_buffer)
                  20000ef8    00000018     open_interface.obj (.bss:firmware$2)
                  20000f10    00000004     (.common:_timeout_ticks)

.data      0    20000f14    00000039     UNINITIALIZED
                  20000f14    00000020     open_interface.obj (.data)
                  20000f34    00000008     rtsv7M4_T_le_v4SPD16_eabi.lib : _lock.c.obj (.data:$O1$$)
                  20000f3c    00000008                                   : memory.c.obj (.data:$O1$$)
                  20000f44    00000004     libcybotUART.lib : uart.obj (.data)
                  20000f48    00000004     rtsv7M4_T_le_v4SPD16_eabi.lib : errno.c.obj (.data)
                  20000f4c    00000001     Timer.obj (.data)

__llvm_prf_cnts 
*          0    20000000    00000000     UNINITIALIZED

MODULE SUMMARY

       Module                         code    ro data   rw data
       ------                         ----    -------   -------
    .\
       open_interface.obj             3128    15        56     
       lcd.obj                        824     8         84     
       tm4c123gh6pm_startup_ccs.obj   12      620       0      
       Timer.obj                      584     0         5      
       movement.obj                   520     0         0      
       Simple-CyBot-echo.obj          224     0         0      
    +--+------------------------------+-------+---------+---------+
       Total:                         5292    643       145    
                                                               
    ../libcybotUART.lib
       uart.obj                       680     0         56     
    +--+------------------------------+-------+---------+---------+
       Total:                         680     0         56     
                                                               
    C:/ti/TivaWare_C_Series-2.2.0.295/driverlib/ccs/Debug/driverlib.lib
       interrupt.obj                  68      0         620    
       cpu.obj                        12      0         0      
    +--+------------------------------+-------+---------+---------+
       Total:                         80      0         620    
                                                               
    C:\ti\ccs1271\ccs\tools\compiler\ti-cgt-arm_20.2.7.LTS\lib\rtsv7M4_T_le_v4SPD16_eabi.lib
       _printfi.c.obj                 4851    0         0      
       memory.c.obj                   728     0         8      
       fd_add_t2.asm.obj              438     0         0      
       fd_div_t2.asm.obj              310     0         0      
       s_scalbn.c.obj                 272     0         0      
       fd_cmp_t2.asm.obj              268     0         0      
       ctype.c.obj                    0       257       0      
       fd_mul_t2.asm.obj              252     0         0      
       memcpy_t2.asm.obj              156     0         0      
       ull_div_t2.asm.obj             150     0         0      
       vsnprintf.c.obj                136     0         0      
       memset_t2.asm.obj              122     0         0      
       fd_tos_t2.asm.obj              110     0         0      
       copy_decompress_lzss.c.obj     104     0         0      
       s_frexp.c.obj                  100     0         0      
       _ltoa.c.obj                    84      0         0      
       atoi.c.obj                     76      0         0      
       fd_toi_t2.asm.obj              72      0         0      
       autoinit.c.obj                 68      0         0      
       fs_tod_t2.asm.obj              56      0         0      
       boot_cortex_m.c.obj            52      0         0      
       i_tofd_t2.asm.obj              46      0         0      
       copy_zero_init.c.obj           28      0         0      
       memccpy.c.obj                  28      0         0      
       s_copysign.c.obj               26      0         0      
       strcmp.c.obj                   24      0         0      
       strchr.c.obj                   22      0         0      
       strcpy.c.obj                   20      0         0      
       strlen.c.obj                   20      0         0      
       wcslen.c.obj                   18      0         0      
       copy_decompress_none.c.obj     14      0         0      
       errno.c.obj                    8       0         4      
       _lock.c.obj                    2       0         8      
       exit.c.obj                     4       0         0      
       pre_init.c.obj                 4       0         0      
       div0.asm.obj                   2       0         0      
    +--+------------------------------+-------+---------+---------+
       Total:                         8671    257       20     
                                                               
       Heap:                          0       0         1024   
       Stack:                         0       0         2048   
       Linker Generated:              0       76        0      
    +--+------------------------------+-------+---------+---------+
       Grand Total:                   14723   976       3913   


LINKER GENERATED COPY TABLES

__TI_cinit_table @ 00003d48 records: 3, size/record: 8, table size: 24
	.data: load addr=00003d10, load size=00000018 bytes, run addr=20000f14, run size=00000039 bytes, compression=lzss
	.bss: load addr=00003d38, load size=00000008 bytes, run addr=20000e70, run size=000000a4 bytes, compression=zero_init
	.vtable: load addr=00003d40, load size=00000008 bytes, run addr=20000000, run size=0000026c bytes, compression=zero_init


LINKER GENERATED HANDLER TABLE

__TI_handler_table @ 00003d28 records: 3, size/record: 4, table size: 12
	index: 0, handler: __TI_zero_init
	index: 1, handler: __TI_decompress_lzss
	index: 2, handler: __TI_decompress_none


GLOBAL SYMBOLS: SORTED ALPHABETICALLY BY Name 

address   name                          
-------   ----                          
00003bf5  C$$EXIT                       
00003bc9  CPUcpsie                      
00000bc3  GPIOF_Handler                 
00003b9b  IntMasterEnable               
000039a5  IntRegister                   
00003bd5  ResetISR                      
20000a70  __STACK_END                   
00000800  __STACK_SIZE                  
20000470  __STACK_TOP                   
00000400  __SYSMEM_SIZE                 
00003d48  __TI_CINIT_Base               
00003d60  __TI_CINIT_Limit              
00003d28  __TI_Handler_Table_Base       
00003d34  __TI_Handler_Table_Limit      
00003871  __TI_auto_init_nobinit_nopinit
00003615  __TI_decompress_lzss          
00003bbb  __TI_decompress_none          
00003737  __TI_ltoa                     
ffffffff  __TI_pprof_out_hndl           
00000e8d  __TI_printfi                  
ffffffff  __TI_prof_data_size           
ffffffff  __TI_prof_data_start          
00000000  __TI_static_base__            
00003a95  __TI_zero_init_nomemset       
00003341  __aeabi_cdcmpeq               
00003341  __aeabi_cdcmple               
000033c7  __aeabi_cdrcmple              
000035a7  __aeabi_d2f                   
00003829  __aeabi_d2iz                  
00002747  __aeabi_dadd                  
00002a31  __aeabi_ddiv                  
00002e9d  __aeabi_dmul                  
0000273d  __aeabi_dsub                  
00003be1  __aeabi_errno_addr            
0000396d  __aeabi_f2d                   
00003a3d  __aeabi_i2d                   
000028f3  __aeabi_idiv0                 
000028f3  __aeabi_ldiv0                 
0000344d  __aeabi_memclr                
0000344d  __aeabi_memclr4               
0000344d  __aeabi_memclr8               
0000320f  __aeabi_memcpy                
0000320f  __aeabi_memcpy4               
0000320f  __aeabi_memcpy8               
0000344f  __aeabi_memset                
0000344f  __aeabi_memset4               
0000344f  __aeabi_memset8               
000032ab  __aeabi_uldivmod              
ffffffff  __binit__                     
ffffffff  __c_args__                    
UNDEFED   __mpu_init                    
20000270  __stack                       
20000000  __start___llvm_prf_cnts       
20000000  __stop___llvm_prf_cnts        
000039d9  _c_int00_noargs               
00003bf8  _ctypes_                      
20000f34  _lock                         
000018db  _nop                          
20000f4c  _running                      
20000a70  _sys_memory                   
UNDEFED   _system_post_cinit            
00003bf1  _system_pre_init              
20000f10  _timeout_ticks                
20000f38  _unlock                       
00003bf5  abort                         
00002d9d  aligned_alloc                 
000037dd  atoi                          
ffffffff  binit                         
00003935  calloc                        
00003ae9  copysign                      
00003ae9  copysignl                     
00001e51  cyBot_UART1_Handler           
00001e43  cyBot_getByte_blocking        
00001e23  cyBot_getByte_nonblocking     
00001c05  cyBot_sendByte                
00001e09  cyBot_uart_flush              
00001d73  cyBot_uart_init               
00001d13  cyBot_uart_init_PHJ_first_half
00001cbb  cyBot_uart_init_clean         
00001c43  cyBot_uart_init_last_half     
00001c2b  cyBot_uart_sendBuffer         
00001c11  cyBot_uart_sendStr            
20000f48  errno                         
00002f99  free                          
0000367d  frexp                         
0000367d  frexpl                        
20000000  g_pfnRAMVectors               
00000000  g_pfnVectors                  
0000097f  go_charge                     
20000ec4  isr_char_buffer               
20000f44  isr_counter                   
00003bab  lcd_clear                     
00001ab1  lcd_gotoLine                  
00001919  lcd_init                      
00001b17  lcd_printf                    
000019d9  lcd_putc                      
00001a11  lcd_puts                      
000018dd  lcd_reverseNibble             
00001a2f  lcd_sendCommand               
00001a6d  lcd_sendNibble                
00001ad9  lcd_setCursorPos              
00002c8d  ldexp                         
00002c8d  ldexpl                        
0000307d  main                          
00003be9  malloc                        
00002d9d  memalign                      
00003acd  memccpy                       
0000320f  memcpy                        
00003455  memset                        
20000f14  motor_cal_factor_L            
20000f18  motor_cal_factor_R            
000023cb  move_backward                 
00002365  move_forward                  
0000026d  oi_alloc                      
00000aa9  oi_checkFirmware              
000002c7  oi_close                      
00000279  oi_free                       
00000ded  oi_getMotorCalibrationLeft    
00000e01  oi_getMotorCalibrationRight   
000002b1  oi_init                       
00000289  oi_init_noupdate              
00000915  oi_loadSong                   
00003b1b  oi_parseInt                   
0000032b  oi_parsePacket                
0000096b  oi_play_song                  
0000084b  oi_setLeds                    
00000db1  oi_setMotorCalibration        
0000088f  oi_setWheels                  
00000b51  oi_shutoff_init               
0000098d  oi_uartInit                   
00000a31  oi_uartReceive                
00000a77  oi_uartSendBuff               
00000a15  oi_uartSendChar               
00000a59  oi_uartSendStr                
000002d9  oi_update                     
00002c8d  scalbn                        
00002c8d  scalbnl                       
00003b4b  strchr                        
00003b33  strcmp                        
00003b61  strcpy                        
00003b75  strlen                        
0000223b  timer_getMicros               
000021e3  timer_getMillis               
0000211d  timer_init                    
000021bf  timer_pause                   
000021d1  timer_resume                  
00002195  timer_stop                    
00002295  timer_waitMicros              
000022c7  timer_waitMillis              
000024cd  turn_clockwise                
0000243b  turn_counterclock             
000038b5  vsnprintf                     
00003b89  wcslen                        


GLOBAL SYMBOLS: SORTED BY Symbol Address 

address   name                          
-------   ----                          
00000000  __TI_static_base__            
00000000  g_pfnVectors                  
0000026d  oi_alloc                      
00000279  oi_free                       
00000289  oi_init_noupdate              
000002b1  oi_init                       
000002c7  oi_close                      
000002d9  oi_update                     
0000032b  oi_parsePacket                
00000400  __SYSMEM_SIZE                 
00000800  __STACK_SIZE                  
0000084b  oi_setLeds                    
0000088f  oi_setWheels                  
00000915  oi_loadSong                   
0000096b  oi_play_song                  
0000097f  go_charge                     
0000098d  oi_uartInit                   
00000a15  oi_uartSendChar               
00000a31  oi_uartReceive                
00000a59  oi_uartSendStr                
00000a77  oi_uartSendBuff               
00000aa9  oi_checkFirmware              
00000b51  oi_shutoff_init               
00000bc3  GPIOF_Handler                 
00000db1  oi_setMotorCalibration        
00000ded  oi_getMotorCalibrationLeft    
00000e01  oi_getMotorCalibrationRight   
00000e8d  __TI_printfi                  
000018db  _nop                          
000018dd  lcd_reverseNibble             
00001919  lcd_init                      
000019d9  lcd_putc                      
00001a11  lcd_puts                      
00001a2f  lcd_sendCommand               
00001a6d  lcd_sendNibble                
00001ab1  lcd_gotoLine                  
00001ad9  lcd_setCursorPos              
00001b17  lcd_printf                    
00001c05  cyBot_sendByte                
00001c11  cyBot_uart_sendStr            
00001c2b  cyBot_uart_sendBuffer         
00001c43  cyBot_uart_init_last_half     
00001cbb  cyBot_uart_init_clean         
00001d13  cyBot_uart_init_PHJ_first_half
00001d73  cyBot_uart_init               
00001e09  cyBot_uart_flush              
00001e23  cyBot_getByte_nonblocking     
00001e43  cyBot_getByte_blocking        
00001e51  cyBot_UART1_Handler           
0000211d  timer_init                    
00002195  timer_stop                    
000021bf  timer_pause                   
000021d1  timer_resume                  
000021e3  timer_getMillis               
0000223b  timer_getMicros               
00002295  timer_waitMicros              
000022c7  timer_waitMillis              
00002365  move_forward                  
000023cb  move_backward                 
0000243b  turn_counterclock             
000024cd  turn_clockwise                
0000273d  __aeabi_dsub                  
00002747  __aeabi_dadd                  
000028f3  __aeabi_idiv0                 
000028f3  __aeabi_ldiv0                 
00002a31  __aeabi_ddiv                  
00002c8d  ldexp                         
00002c8d  ldexpl                        
00002c8d  scalbn                        
00002c8d  scalbnl                       
00002d9d  aligned_alloc                 
00002d9d  memalign                      
00002e9d  __aeabi_dmul                  
00002f99  free                          
0000307d  main                          
0000320f  __aeabi_memcpy                
0000320f  __aeabi_memcpy4               
0000320f  __aeabi_memcpy8               
0000320f  memcpy                        
000032ab  __aeabi_uldivmod              
00003341  __aeabi_cdcmpeq               
00003341  __aeabi_cdcmple               
000033c7  __aeabi_cdrcmple              
0000344d  __aeabi_memclr                
0000344d  __aeabi_memclr4               
0000344d  __aeabi_memclr8               
0000344f  __aeabi_memset                
0000344f  __aeabi_memset4               
0000344f  __aeabi_memset8               
00003455  memset                        
000035a7  __aeabi_d2f                   
00003615  __TI_decompress_lzss          
0000367d  frexp                         
0000367d  frexpl                        
00003737  __TI_ltoa                     
000037dd  atoi                          
00003829  __aeabi_d2iz                  
00003871  __TI_auto_init_nobinit_nopinit
000038b5  vsnprintf                     
00003935  calloc                        
0000396d  __aeabi_f2d                   
000039a5  IntRegister                   
000039d9  _c_int00_noargs               
00003a3d  __aeabi_i2d                   
00003a95  __TI_zero_init_nomemset       
00003acd  memccpy                       
00003ae9  copysign                      
00003ae9  copysignl                     
00003b1b  oi_parseInt                   
00003b33  strcmp                        
00003b4b  strchr                        
00003b61  strcpy                        
00003b75  strlen                        
00003b89  wcslen                        
00003b9b  IntMasterEnable               
00003bab  lcd_clear                     
00003bbb  __TI_decompress_none          
00003bc9  CPUcpsie                      
00003bd5  ResetISR                      
00003be1  __aeabi_errno_addr            
00003be9  malloc                        
00003bf1  _system_pre_init              
00003bf5  C$$EXIT                       
00003bf5  abort                         
00003bf8  _ctypes_                      
00003d28  __TI_Handler_Table_Base       
00003d34  __TI_Handler_Table_Limit      
00003d48  __TI_CINIT_Base               
00003d60  __TI_CINIT_Limit              
20000000  __start___llvm_prf_cnts       
20000000  __stop___llvm_prf_cnts        
20000000  g_pfnRAMVectors               
20000270  __stack                       
20000470  __STACK_TOP                   
20000a70  __STACK_END                   
20000a70  _sys_memory                   
20000ec4  isr_char_buffer               
20000f10  _timeout_ticks                
20000f14  motor_cal_factor_L            
20000f18  motor_cal_factor_R            
20000f34  _lock                         
20000f38  _unlock                       
20000f44  isr_counter                   
20000f48  errno                         
20000f4c  _running                      
ffffffff  __TI_pprof_out_hndl           
ffffffff  __TI_prof_data_size           
ffffffff  __TI_prof_data_start          
ffffffff  __binit__                     
ffffffff  __c_args__                    
ffffffff  binit                         
UNDEFED   __mpu_init                    
UNDEFED   _system_post_cinit            

[153 symbols]
